<html>
<body>
<pre>
<h1>µVision Build Log</h1>
<h2>Project:</h2>
C:\2E\AUTORUN\N9H26\N9H26\BSP\SampleCode\USBD\HID_Transfer\HID_Transfer\KEIL\HID_Transfer.uvproj
Project File Date:  02/26/2023

<h2>Output:</h2>
  
Build target 'HID_Transfer'
compiling standalone.c...
assembling wb_init.s...
compiling main.c...
compiling jpegDec.c...
compiling HID.c...
linking...
Program Size: Code=55776 RO-data=104 RW-data=1244 ZI-data=1868108  
After Build - User command #1: fromelf.exe --bin --output "C:\2E\AUTORUN\N9H26\N9H26\BSP\SampleCode\USBD\HID_Transfer\HID_Transfer\KEIL\HID_Transfer\HID_Transfer.bin" "C:\2E\AUTORUN\N9H26\N9H26\BSP\SampleCode\USBD\HID_Transfer\HID_Transfer\KEIL\HID_Transfer\HID_Transfer.axf"
".\HID_Transfer\HID_Transfer.axf" - 0 Error(s), 0 Warning(s).
</pre>
</body>
</html>
