ARM Linker, 5.03 [Build 76] [MDK-ARM Standard]

==============================================================================

Section Cross References

    wb_init.o(WB_INIT) refers to __main.o(!!!main) for __main
    main.o(.text) refers to wb_config.o(.text) for sysGetExternalClock
    main.o(.text) refers to wb_uart.o(.text) for sysInitializeUART
    main.o(.text) refers to wb_cache.o(.text) for sysInvalidCache
    main.o(.text) refers to n9h26_vpost.o(.text) for vpostLCMInit
    main.o(.text) refers to jpegcodec.o(.text) for jpegOpen
    main.o(.text) refers to hid.o(.text) for HIDStart
    main.o(.text) refers to main.o(.bss) for lcdInfo
    jpegdec.o(.text) refers to jpegcodec.o(.text) for jpegGetInfo
    jpegdec.o(.text) refers to aeabi_sdiv.o(.text_udiv) for __aeabi_uidivmod
    jpegdec.o(.text) refers to main.o(.bss) for g_pu8FrameBuffer
    hid.o(.text) refers to uwrite4.o(.text) for __aeabi_uwrite4
    hid.o(.text) refers to wb_uart.o(.text) for sysprintf
    hid.o(.text) refers to uread4.o(.text) for __aeabi_uread4
    hid.o(.text) refers to rt_memcpy.o(.text) for __aeabi_memcpy
    hid.o(.text) refers to usbd.o(.bss) for usbdInfo
    hid.o(.text) refers to hid.o(.data) for g_u32EPA_MXP
    hid.o(.text) refers to usbd.o(.data) for _usb_cmd_pkt
    hid.o(.text) refers to hid.o(.bss) for g_Parameter
    hid.o(.text) refers to main.o(.bss) for g_pu8FrameBuffer
    hid.o(.text) refers to wb_timer.o(.text) for sysEnableWatchDogTimer
    hid.o(.text) refers to jpegdec.o(.text) for JpegDec
    hid.o(.text) refers to usbd.o(.text) for udcOpen
    n9h26_vpost.o(.text) refers to n9h26_vpost_fw050tft_800x480.o(.text) for vpostLCMInit_FW050TFT_800x480
    n9h26_vpost.o(.text) refers to n9h26_vpost.o(.data) for g_VAFrameBuf
    jpegcodec.o(.text) refers to fflt_clz.o(x$fpl$fflt) for __aeabi_i2f
    jpegcodec.o(.text) refers to fdiv.o(x$fpl$fdiv) for __aeabi_fdiv
    jpegcodec.o(.text) refers to fmul.o(x$fpl$fmul) for __aeabi_fmul
    jpegcodec.o(.text) refers to ffixu.o(x$fpl$ffixu) for __aeabi_f2uiz
    jpegcodec.o(.text) refers to fflt_clz.o(x$fpl$ffltu) for __aeabi_ui2f
    jpegcodec.o(.text) refers to aeabi_sdiv.o(.text) for __aeabi_idivmod
    jpegcodec.o(.text) refers to jpegcodec.o(.data) for g_bScale
    jpegcodec.o(.text) refers to jpegcodec.o(.bss) for jpegInfo
    jpegcodec.o(.text) refers to rt_memcpy_w.o(.text) for __aeabi_memcpy4
    jpegcodec.o(.text) refers to wb_config.o(.text) for sysGetHCLK1Clock
    jpegcodec.o(.text) refers to aeabi_sdiv.o(.text_udiv) for __aeabi_uidivmod
    jpegcodec.o(.text) refers to wb_aic.o(.text) for sysInstallISR
    jpegcodec.o(.text) refers to rt_memclr_w.o(.text) for __aeabi_memclr4
    usbd.o(.text) refers to uwrite4.o(.text) for __aeabi_uwrite4
    usbd.o(.text) refers to wb_uart.o(.text) for sysprintf
    usbd.o(.text) refers to uread4.o(.text) for __aeabi_uread4
    usbd.o(.text) refers to usbd.o(.bss) for usbdInfo
    usbd.o(.text) refers to usbd.o(.data) for _usb_cmd_pkt
    usbd.o(.text) refers to wb_aic.o(.text) for sysInstallISR
    wb_cache.o(.text) refers to wb_mmu.o(.text) for sysInitMMUTable
    wb_cache.o(.text) refers to wb_cache.o(.emb_text) for sys_flush_and_clean_dcache
    wb_cache.o(.text) refers to wb_cache.o(.data) for _sys_IsCacheOn
    wb_config.o(.text) refers to aeabi_sdiv.o(.text_udiv) for __aeabi_uidivmod
    wb_config.o(.text) refers to rt_memcpy.o(.text) for __aeabi_memcpy
    wb_config.o(.text) refers to wb_cache.o(.text) for sysGetCacheState
    wb_config.o(.text) refers to wb_uart.o(.text) for sysprintf
    wb_config.o(.text) refers to wb_config.o(.constdata) for .constdata
    wb_config.o(.text) refers to wb_config.o(.data) for bIsCheckConstraint
    wb_config.o(.text) refers to wb_uart.o(.data) for u32UartPort
    wb_config.o(.text) refers to wb_power.o(.bss) for _tmp_buf
    wb_timer.o(.text) refers to wb_aic.o(.text) for sysInstallISR
    wb_timer.o(.text) refers to aeabi_sdiv.o(.text_udiv) for __aeabi_uidivmod
    wb_timer.o(.text) refers to wb_uart.o(.text) for sysprintf
    wb_timer.o(.text) refers to wb_timer.o(.data) for _sys_uTimer0Count
    wb_timer.o(.text) refers to wb_timer.o(.bss) for tTime0Event
    wb_uart.o(.text) refers to aeabi_sdiv.o(.text_udiv) for __aeabi_uidivmod
    wb_uart.o(.text) refers to wb_aic.o(.text) for sysInstallISR
    wb_uart.o(.text) refers to strlen.o(.text) for strlen
    wb_uart.o(.text) refers to wb_config.o(.text) for sysGetExternalClock
    wb_uart.o(.text) refers to wb_uart.o(.data) for u32UartPort
    wb_uart.o(.text) refers to wb_uart.o(.bss) for pfnUartIntHandlerTable
    n9h26_vpost_fw050tft_800x480.o(.text) refers to wb_config.o(.text) for sysGetExternalClock
    n9h26_vpost_fw050tft_800x480.o(.text) refers to aeabi_sdiv.o(.text_udiv) for __aeabi_uidivmod
    n9h26_vpost_fw050tft_800x480.o(.text) refers to n9h26_vpost_driver.o(.text) for vpostVAStopTrigger
    n9h26_vpost_fw050tft_800x480.o(.text) refers to n9h26_vpost_fw050tft_800x480.o(.constdata) for .constdata
[...]
    ../clib/angel/rt.s                       0x00000000   Number         0  rt_heap_descriptor.o ABSOLUTE
    ../clib/angel/rt.s                       0x00000000   Number         0  rt_heap_descriptor_intlibspace.o ABSOLUTE
    ../clib/angel/rt.s                       0x00000000   Number         0  aeabi_idiv0_sigfpe.o ABSOLUTE
    ../clib/angel/rt.s                       0x00000000   Number         0  rt_raise.o ABSOLUTE
    ../clib/angel/rt.s                       0x00000000   Number         0  rt_div0.o ABSOLUTE
    ../clib/angel/scatter.s                  0x00000000   Number         0  __scatter.o ABSOLUTE
    ../clib/angel/startup.s                  0x00000000   Number         0  __main.o ABSOLUTE
    ../clib/angel/sys.s                      0x00000000   Number         0  use_no_semi.o ABSOLUTE
    ../clib/angel/sys.s                      0x00000000   Number         0  libspace.o ABSOLUTE
    ../clib/angel/sys.s                      0x00000000   Number         0  mutex_dummy.o ABSOLUTE
    ../clib/angel/sys.s                      0x00000000   Number         0  sys_stackheap_outer.o ABSOLUTE
    ../clib/angel/sys.s                      0x00000000   Number         0  indicate_semi.o ABSOLUTE
    ../clib/angel/sysapp.c                   0x00000000   Number         0  sys_command.o ABSOLUTE
    ../clib/armsys.c                         0x00000000   Number         0  _get_argv.o ABSOLUTE
    ../clib/armsys.c                         0x00000000   Number         0  no_argv.o ABSOLUTE
    ../clib/armsys.c                         0x00000000   Number         0  _get_argv_nomalloc.o ABSOLUTE
    ../clib/armsys.c                         0x00000000   Number         0  argv_veneer.o ABSOLUTE
    ../clib/armsys.c                         0x00000000   Number         0  argv_veneer.o ABSOLUTE
    ../clib/division.s                       0x00000000   Number         0  aeabi_sdiv_div0.o ABSOLUTE
    ../clib/division.s                       0x00000000   Number         0  aeabi_sdiv.o ABSOLUTE
    ../clib/divrt.s                          0x00000000   Number         0  divrt_9e_div0.o ABSOLUTE
    ../clib/divrt.s                          0x00000000   Number         0  divrt_9e.o ABSOLUTE
    ../clib/heap1.c                          0x00000000   Number         0  h1_alloc.o ABSOLUTE
    ../clib/heap1.c                          0x00000000   Number         0  h1_final.o ABSOLUTE
    ../clib/heap1.c                          0x00000000   Number         0  h1_free_mt.o ABSOLUTE
    ../clib/heap1.c                          0x00000000   Number         0  h1_init_mt.o ABSOLUTE
    ../clib/heap1.c                          0x00000000   Number         0  h1_final_mt.o ABSOLUTE
    ../clib/heap1.c                          0x00000000   Number         0  h1_init.o ABSOLUTE
    ../clib/heap1.c                          0x00000000   Number         0  h1_extend.o ABSOLUTE
    ../clib/heap1.c                          0x00000000   Number         0  h1_alloc_mt.o ABSOLUTE
    ../clib/heap1.c                          0x00000000   Number         0  h1_free.o ABSOLUTE
    ../clib/heap1.c                          0x00000000   Number         0  h1_extend_mt.o ABSOLUTE
    ../clib/heap2.c                          0x00000000   Number         0  heap2.o ABSOLUTE
    ../clib/heap2.c                          0x00000000   Number         0  heap2mt.o ABSOLUTE
    ../clib/heap2.c                          0x00000000   Number         0  fdtree.o ABSOLUTE
    ../clib/heapalloc.c                      0x00000000   Number         0  init_alloc.o ABSOLUTE
    ../clib/heapalloc.c                      0x00000000   Number         0  hrguard.o ABSOLUTE
    ../clib/heapalloc.c                      0x00000000   Number         0  maybetermalloc1.o ABSOLUTE
    ../clib/heapalloc.c                      0x00000000   Number         0  heapstubs.o ABSOLUTE
    ../clib/heapalloc.c                      0x00000000   Number         0  hguard.o ABSOLUTE
    ../clib/heapalloc.c                      0x00000000   Number         0  malloc.o ABSOLUTE
    ../clib/heapalloc.c                      0x00000000   Number         0  maybetermalloc1.o ABSOLUTE
    ../clib/heapalloc.c                      0x00000000   Number         0  maybetermalloc2.o ABSOLUTE
    ../clib/heapalloc.c                      0x00000000   Number         0  maybetermalloc2.o ABSOLUTE
    ../clib/heapalloc.c                      0x00000000   Number         0  free.o ABSOLUTE
    ../clib/heapalloc.c                      0x00000000   Number         0  term_alloc.o ABSOLUTE
    ../clib/heapaux.c                        0x00000000   Number         0  heapauxi.o ABSOLUTE
    ../clib/heapaux.c                        0x00000000   Number         0  heapauxa.o ABSOLUTE
    ../clib/libinit.s                        0x00000000   Number         0  libshutdown2.o ABSOLUTE
    ../clib/libinit.s                        0x00000000   Number         0  libinit2.o ABSOLUTE
    ../clib/libinit.s                        0x00000000   Number         0  libshutdown.o ABSOLUTE
    ../clib/libinit.s                        0x00000000   Number         0  libinit.o ABSOLUTE
    ../clib/memcpset.s                       0x00000000   Number         0  rt_memcpy_w.o ABSOLUTE
    ../clib/memcpset.s                       0x00000000   Number         0  rt_memcpy.o ABSOLUTE
    ../clib/memcpset.s                       0x00000000   Number         0  rt_memclr_w.o ABSOLUTE
    ../clib/memcpset.s                       0x00000000   Number         0  rt_memclr.o ABSOLUTE
    ../clib/signal.c                         0x00000000   Number         0  defsig_rtred_inner.o ABSOLUTE
    ../clib/signal.c                         0x00000000   Number         0  defsig_abrt_inner.o ABSOLUTE
    ../clib/signal.c                         0x00000000   Number         0  defsig_fpe_inner.o ABSOLUTE
    ../clib/signal.c                         0x00000000   Number         0  defsig_general.o ABSOLUTE
    ../clib/signal.c                         0x00000000   Number         0  __raise.o ABSOLUTE
    ../clib/signal.c                         0x00000000   Number         0  defsig_rtmem_inner.o ABSOLUTE
    ../clib/signal.c                         0x00000000   Number         0  defsig_fpe_formal.o ABSOLUTE
    ../clib/signal.c                         0x00000000   Number         0  defsig_fpe_outer.o ABSOLUTE
    ../clib/signal.c                         0x00000000   Number         0  defsig_exit.o ABSOLUTE
    ../clib/signal.c                         0x00000000   Number         0  defsig_rtmem_formal.o ABSOLUTE
    ../clib/signal.c                         0x00000000   Number         0  defsig_rtmem_outer.o ABSOLUTE
    ../clib/signal.c                         0x00000000   Number         0  defsig_other.o ABSOLUTE
    ../clib/signal.c                         0x00000000   Number         0  defsig_segv_inner.o ABSOLUTE
    ../clib/signal.c                         0x00000000   Number         0  defsig_cppl_inner.o ABSOLUTE
    ../clib/signal.c                         0x00000000   Number         0  defsig_pvfn_inner.o ABSOLUTE
    ../clib/signal.c                         0x00000000   Number         0  defsig_stak_inner.o ABSOLUTE
    ../clib/signal.s                         0x00000000   Number         0  defsig.o ABSOLUTE
    ../clib/stdlib.c                         0x00000000   Number         0  exit.o ABSOLUTE
    ../clib/string.c                         0x00000000   Number         0  strlen.o ABSOLUTE
    ../clib/unhosted.s                       0x00000000   Number         0  uwrite4.o ABSOLUTE
    ../clib/unhosted.s                       0x00000000   Number         0  uread4.o ABSOLUTE
    ../fplib/fdiv.s                          0x00000000   Number         0  fdiv.o ABSOLUTE
    ../fplib/ffixu.s                         0x00000000   Number         0  ffixu.o ABSOLUTE
    ../fplib/fflt.s                          0x00000000   Number         0  fflt_clz.o ABSOLUTE
    ../fplib/fmul.s                          0x00000000   Number         0  fmul.o ABSOLUTE
    ../fplib/fnaninf.s                       0x00000000   Number         0  fnaninf.o ABSOLUTE
    ../fplib/fpinit.s                        0x00000000   Number         0  fpinit.o ABSOLUTE
    ../fplib/fretinf.s                       0x00000000   Number         0  fretinf.o ABSOLUTE
    ../fplib/usenofp.s                       0x00000000   Number         0  usenofp.o ABSOLUTE
    ..\..\N9H26_VPOST.c                      0x00000000   Number         0  n9h26_vpost.o ABSOLUTE
    ..\..\N9H26_VPOST_Driver.c               0x00000000   Number         0  n9h26_vpost_driver.o ABSOLUTE
    ..\..\N9H26_VPOST_FW050TFT_800x480.c     0x00000000   Number         0  n9h26_vpost_fw050tft_800x480.o ABSOLUTE
    ..\..\USBD\usbd.c                        0x00000000   Number         0  usbd.o ABSOLUTE
    ..\HID.c                                 0x00000000   Number         0  hid.o ABSOLUTE
    ..\\wb_cache.c                           0x00000000   Number         0  wb_cache.o ABSOLUTE
    ..\\wb_mmu.c                             0x00000000   Number         0  wb_mmu.o ABSOLUTE
    ..\jpegDec.c                             0x00000000   Number         0  jpegdec.o ABSOLUTE
    ..\jpegcodec.c                           0x00000000   Number         0  jpegcodec.o ABSOLUTE
    ..\main.c                                0x00000000   Number         0  main.o ABSOLUTE
    ..\standalone.c                          0x00000000   Number         0  standalone.o ABSOLUTE
    ..\wb_aic.c                              0x00000000   Number         0  wb_aic.o ABSOLUTE
    ..\wb_cache.c                            0x00000000   Number         0  wb_cache.o ABSOLUTE
    ..\wb_config.c                           0x00000000   Number         0  wb_config.o ABSOLUTE
    ..\wb_init.s                             0x00000000   Number         0  wb_init.o ABSOLUTE
    ..\wb_mmu.c                              0x00000000   Number         0  wb_mmu.o ABSOLUTE
    ..\wb_power.c                            0x00000000   Number         0  wb_power.o ABSOLUTE
    ..\wb_timer.c                            0x00000000   Number         0  wb_timer.o ABSOLUTE
    ..\wb_uart.c                             0x00000000   Number         0  wb_uart.o ABSOLUTE
    dc.s                                     0x00000000   Number         0  dc.o ABSOLUTE
    Undefined_Handler                        0x00000040   ARM Code       0  wb_init.o(WB_INIT)
    SWI_Handler1                             0x00000044   ARM Code       0  wb_init.o(WB_INIT)
    Prefetch_Handler                         0x00000048   ARM Code       0  wb_init.o(WB_INIT)
    Abort_Handler                            0x0000004c   ARM Code       0  wb_init.o(WB_INIT)
    IRQ_Handler                              0x00000050   ARM Code       0  wb_init.o(WB_INIT)
    FIQ_Handler                              0x00000054   ARM Code       0  wb_init.o(WB_INIT)
    !!!main                                  0x000000ac   Section        8  __main.o(!!!main)
    !!!scatter                               0x000000b4   Section       60  __scatter.o(!!!scatter)
    !!dczerorl2                              0x000000f0   Section       92  __dczerorl2.o(!!dczerorl2)
    _decompress_loop                         0x000000fb   Thumb Code     0  __dczerorl2.o(!!dczerorl2)
    _decompress_zerolen                      0x00000109   Thumb Code     0  __dczerorl2.o(!!dczerorl2)
    _decompress_litn                         0x00000111   Thumb Code     0  __dczerorl2.o(!!dczerorl2)
    _decompress_lit                          0x00000115   Thumb Code     0  __dczerorl2.o(!!dczerorl2)
    _decompress_copyorzero                   0x00000121   Thumb Code     0  __dczerorl2.o(!!dczerorl2)
    _decompress_zero                         0x00000129   Thumb Code     0  __dczerorl2.o(!!dczerorl2)
    _decompress_copyn                        0x00000133   Thumb Code     0  __dczerorl2.o(!!dczerorl2)
    _decompress_copy                         0x0000013b   Thumb Code     0  __dczerorl2.o(!!dczerorl2)
    _decompress_end                          0x00000147   Thumb Code     0  __dczerorl2.o(!!dczerorl2)
    !!handler_copy                           0x0000014c   Section       40  __scatter_copy.o(!!handler_copy)
    !!handler_zi                             0x00000174   Section       44  __scatter_zi.o(!!handler_zi)
    .ARM.Collect$$libinit$$00000000          0x000001a0   Section        2  libinit.o(.ARM.Collect$$libinit$$00000000)
    .ARM.Collect$$libinit$$00000002          0x000001a2   Section        0  libinit2.o(.ARM.Collect$$libinit$$00000002)
    .ARM.Collect$$libinit$$00000003          0x000001a2   Section        8  libinit2.o(.ARM.Collect$$libinit$$00000003)
    .ARM.Collect$$libinit$$00000008          0x000001aa   Section        0  libinit2.o(.ARM.Collect$$libinit$$00000008)
    .ARM.Collect$$libinit$$0000000A          0x000001aa   Section        0  libinit2.o(.ARM.Collect$$libinit$$0000000A)
    .ARM.Collect$$libinit$$0000000C          0x000001aa   Section        0  libinit2.o(.ARM.Collect$$libinit$$0000000C)
    .ARM.Collect$$libinit$$0000000F          0x000001aa   Section        0  libinit2.o(.ARM.Collect$$libinit$$0000000F)
    .ARM.Collect$$libinit$$00000011          0x000001aa   Section        0  libinit2.o(.ARM.Collect$$libinit$$00000011)
    .ARM.Collect$$libinit$$00000013          0x000001aa   Section        0  libinit2.o(.ARM.Collect$$libinit$$00000013)
    .ARM.Collect$$libinit$$00000015          0x000001aa   Section        0  libinit2.o(.ARM.Collect$$libinit$$00000015)
    .ARM.Collect$$libinit$$00000017          0x000001aa   Section        0  libinit2.o(.ARM.Collect$$libinit$$00000017)
    .ARM.Collect$$libinit$$00000019          0x000001aa   Section        0  libinit2.o(.ARM.Collect$$libinit$$00000019)
    .ARM.Collect$$libinit$$0000001B          0x000001aa   Section        0  libinit2.o(.ARM.Collect$$libinit$$0000001B)
    .ARM.Collect$$libinit$$0000001D          0x000001aa   Section        0  libinit2.o(.ARM.Collect$$libinit$$0000001D)
    .ARM.Collect$$libinit$$0000001F          0x000001aa   Section        0  libinit2.o(.ARM.Collect$$libinit$$0000001F)
    .ARM.Collect$$libinit$$00000021          0x000001aa   Section        0  libinit2.o(.ARM.Collect$$libinit$$00000021)
    .ARM.Collect$$libinit$$00000023          0x000001aa   Section        0  libinit2.o(.ARM.Collect$$libinit$$00000023)
    .ARM.Collect$$libinit$$0000002A          0x000001aa   Section        0  libinit2.o(.ARM.Collect$$libinit$$0000002A)
    .ARM.Collect$$libinit$$0000002C          0x000001aa   Section        0  libinit2.o(.ARM.Collect$$libinit$$0000002C)
    .ARM.Collect$$libinit$$0000002E          0x000001aa   Section        0  libinit2.o(.ARM.Collect$$libinit$$0000002E)
    .ARM.Collect$$libinit$$00000030          0x000001aa   Section        0  libinit2.o(.ARM.Collect$$libinit$$00000030)
    .ARM.Collect$$libinit$$00000031          0x000001aa   Section        2  libinit2.o(.ARM.Collect$$libinit$$00000031)
    .ARM.Collect$$libshutdown$$00000000      0x000001ac   Section        2  libshutdown.o(.ARM.Collect$$libshutdown$$00000000)
    .ARM.Collect$$libshutdown$$00000003      0x000001ae   Section        0  libshutdown2.o(.ARM.Collect$$libshutdown$$00000003)
    .ARM.Collect$$libshutdown$$00000006      0x000001ae   Section        0  libshutdown2.o(.ARM.Collect$$libshutdown$$00000006)
    .ARM.Collect$$libshutdown$$00000009      0x000001ae   Section        0  libshutdown2.o(.ARM.Collect$$libshutdown$$00000009)
    .ARM.Collect$$libshutdown$$0000000B      0x000001ae   Section        0  libshutdown2.o(.ARM.Collect$$libshutdown$$0000000B)
    .ARM.Collect$$libshutdown$$0000000E      0x000001ae   Section        0  libshutdown2.o(.ARM.Collect$$libshutdown$$0000000E)
    .ARM.Collect$$libshutdown$$0000000F      0x000001ae   Section        2  libshutdown2.o(.ARM.Collect$$libshutdown$$0000000F)
    .ARM.Collect$$rtentry$$00000000          0x000001b0   Section        0  rtentry.o(.ARM.Collect$$rtentry$$00000000)
    .ARM.Collect$$rtentry$$00000002          0x000001b0   Section        0  rtentry2.o(.ARM.Collect$$rtentry$$00000002)
    .ARM.Collect$$rtentry$$00000004          0x000001b0   Section        8  rtentry4.o(.ARM.Collect$$rtentry$$00000004)
    .ARM.Collect$$rtentry$$00000009          0x000001b8   Section        0  rtentry2.o(.ARM.Collect$$rtentry$$00000009)
    .ARM.Collect$$rtentry$$0000000A          0x000001b8   Section        4  rtentry2.o(.ARM.Collect$$rtentry$$0000000A)
    .ARM.Collect$$rtentry$$0000000C          0x000001bc   Section        0  rtentry2.o(.ARM.Collect$$rtentry$$0000000C)
    .ARM.Collect$$rtentry$$0000000D          0x000001bc   Section       40  rtentry2.o(.ARM.Collect$$rtentry$$0000000D)
    .ARM.Collect$$rtexit$$00000000           0x000001e4   Section        4  rtexit.o(.ARM.Collect$$rtexit$$00000000)
    .ARM.Collect$$rtexit$$00000002           0x000001e8   Section        0  rtexit2.o(.ARM.Collect$$rtexit$$00000002)
    .ARM.Collect$$rtexit$$00000003           0x000001e8   Section        4  rtexit2.o(.ARM.Collect$$rtexit$$00000003)
    .ARM.Collect$$rtexit$$00000004           0x000001ec   Section        8  rtexit2.o(.ARM.Collect$$rtexit$$00000004)
    .emb_text                                0x000001f4   Section       12  wb_cache.o(.emb_text)
    .emb_text                                0x00000200   Section       36  wb_mmu.o(.emb_text)
    .emb_text                                0x00000224   Section        0  maybetermalloc1.o(.emb_text)
    .text                                    0x00000224   Section        0  standalone.o(.text)
    .text                                    0x00000264   Section        0  main.o(.text)
    .text                                    0x00000408   Section        0  jpegdec.o(.text)
    .text                                    0x000005b8   Section        0  hid.o(.text)
    .text                                    0x000015f0   Section        0  n9h26_vpost.o(.text)
    .text                                    0x0000168c   Section        0  jpegcodec.o(.text)
    .text                                    0x00003770   Section        0  usbd.o(.text)
    .text                                    0x000066ec   Section        0  wb_cache.o(.text)
    .text                                    0x00006a9c   Section        0  wb_config.o(.text)
    .text                                    0x00008738   Section        0  wb_timer.o(.text)
    .text                                    0x00009de0   Section        0  wb_uart.o(.text)
    sysSetBaudRate                           0x0000a1c0   ARM Code      56  wb_uart.o(.text)
    sysPutRepChar                            0x0000a67c   ARM Code      40  wb_uart.o(.text)
    sysPutStringReverse                      0x0000a6a4   ARM Code      40  wb_uart.o(.text)
    sysPutNumber                             0x0000a6cc   ARM Code     444  wb_uart.o(.text)
    FormatItem                               0x0000a888   ARM Code     540  wb_uart.o(.text)
    .text                                    0x0000ad34   Section        0  n9h26_vpost_fw050tft_800x480.o(.text)
    BacklightControl                         0x0000ad34   ARM Code      96  n9h26_vpost_fw050tft_800x480.o(.text)
    .text                                    0x0000af9c   Section        0  wb_aic.o(.text)
    .text                                    0x0000b78c   Section        0  wb_mmu.o(.text)
    .text                                    0x0000b84c   Section        0  n9h26_vpost_driver.o(.text)
    shift_pointer                            0x0000b944   ARM Code      72  n9h26_vpost_driver.o(.text)
    vpostISR                                 0x0000c9ac   ARM Code     288  n9h26_vpost_driver.o(.text)
    .text                                    0x0000cf08   Section        0  h1_alloc.o(.text)
    .text                                    0x0000cf6a   Section        0  h1_free.o(.text)
    .text                                    0x0000cfb8   Section        0  strlen.o(.text)
    .text                                    0x0000cffc   Section      212  rt_memcpy.o(.text)
    .text                                    0x0000d0d0   Section      100  rt_memcpy_w.o(.text)
    .text                                    0x0000d134   Section       64  rt_memclr.o(.text)
    .text                                    0x0000d174   Section       84  rt_memclr_w.o(.text)
    .text                                    0x0000d1c8   Section       32  uread4.o(.text)
    .text                                    0x0000d1e8   Section       32  uwrite4.o(.text)
    .text                                    0x0000d208   Section      380  aeabi_sdiv.o(.text)
    __arm_div8                               0x0000d234   ARM Code       0  aeabi_sdiv.o(.text)
    __arm_div5                               0x0000d258   ARM Code       0  aeabi_sdiv.o(.text)
    __arm_div2                               0x0000d27c   ARM Code       0  aeabi_sdiv.o(.text)
    __arm_div_large                          0x0000d2b8   ARM Code       0  aeabi_sdiv.o(.text)
    .text                                    0x0000d384   Section       12  rt_heap_descriptor_intlibspace.o(.text)
    .text                                    0x0000d390   Section        0  hguard.o(.text)
    .text                                    0x0000d394   Section        0  init_alloc.o(.text)
    .text                                    0x0000d41c   Section        0  h1_init.o(.text)
    .text                                    0x0000d42c   Section       12  libspace.o(.text)
    .text                                    0x0000d438   Section        0  h1_extend.o(.text)
    .text                                    0x0000d46c   Section        0  defsig_rtmem_outer.o(.text)
    .text                                    0x0000d478   Section        0  heapauxa.o(.text)
    .text                                    0x0000d4c8   Section       96  sys_stackheap_outer.o(.text)
    .text                                    0x0000d528   Section        0  exit.o(.text)
    .text                                    0x0000d534   Section        0  defsig_exit.o(.text)
    .text                                    0x0000d540   Section        0  defsig_rtmem_inner.o(.text)
    .text                                    0x0000d590   Section        0  defsig_general.o(.text)
    .text_udiv                               0x0000d5c4   Section       36  aeabi_sdiv.o(.text_udiv)
    x$fpl$fdiv                               0x0000d5e8   Section      400  fdiv.o(x$fpl$fdiv)
    _fdiv1                                   0x0000d5e8   ARM Code       0  fdiv.o(x$fpl$fdiv)
    x$fpl$ffixu                              0x0000d778   Section       84  ffixu.o(x$fpl$ffixu)
    x$fpl$fflt                               0x0000d7cc   Section       48  fflt_clz.o(x$fpl$fflt)
    x$fpl$ffltu                              0x0000d7fc   Section       40  fflt_clz.o(x$fpl$ffltu)
    x$fpl$fmul                               0x0000d824   Section      256  fmul.o(x$fpl$fmul)
    x$fpl$fnaninf                            0x0000d924   Section      160  fnaninf.o(x$fpl$fnaninf)
    x$fpl$fretinf                            0x0000d9c4   Section       16  fretinf.o(x$fpl$fretinf)
    .constdata                               0x0000d9d4   Section       32  wb_config.o(.constdata)
    x$fpl$usenofp                            0x0000d9d4   Section        0  usenofp.o(x$fpl$usenofp)
    .constdata                               0x0000d9f4   Section       24  n9h26_vpost_fw050tft_800x480.o(.constdata)
    .data                                    0x0000da3c   Section      296  hid.o(.data)
    g_u32BytesInJPEGBuf                      0x0000da48   Data           4  hid.o(.data)
    HID_ConfigurationBlock                   0x0000daa8   Data          41  hid.o(.data)
    HID_ConfigurationBlock_FS                0x0000dad4   Data          41  hid.o(.data)
    HID_StringDescriptor0                    0x0000db00   Data           4  hid.o(.data)
    .data                                    0x0000db64   Section        8  n9h26_vpost.o(.data)
    .data                                    0x0000db6c   Section      268  jpegcodec.o(.data)
    .data                                    0x0000dc78   Section       36  usbd.o(.data)
    .data                                    0x0000dc9c   Section        8  wb_cache.o(.data)
    .data                                    0x0000dca4   Section       40  wb_config.o(.data)
    g_u32UpllHz                              0x0000dca4   Data           4  wb_config.o(.data)
    g_u32ApllHz                              0x0000dca8   Data           4  wb_config.o(.data)
    g_u32MpllHz                              0x0000dcac   Data           4  wb_config.o(.data)
    g_u32ExtClk                              0x0000dcb0   Data           4  wb_config.o(.data)
    g_i32REG_APLL                            0x0000dcc0   Data           4  wb_config.o(.data)
    g_i32REG_UPLL                            0x0000dcc4   Data           4  wb_config.o(.data)
    g_i32REG_MPLL                            0x0000dcc8   Data           4  wb_config.o(.data)
    .data                                    0x0000dccc   Section      152  wb_timer.o(.data)
    month_seconds                            0x0000dd10   Data          48  wb_timer.o(.data)
    .data                                    0x0000dd64   Section       36  wb_uart.o(.data)
    bIsResetFIFO                             0x0000dd78   Data           1  wb_uart.o(.data)
    .data                                    0x0000dd88   Section      388  wb_aic.o(.data)
    .data                                    0x0000df0c   Section        1  wb_mmu.o(.data)
    _IsInitMMUTable                          0x0000df0c   Data           1  wb_mmu.o(.data)
    .data                                    0x0000df10   Section        4  n9h26_vpost_driver.o(.data)
    .data                                    0x0000df14   Section        4  heapauxa.o(.data)
    __rt_heap_escrow_base                    0x0000df14   Data           4  heapauxa.o(.data)
    .bss                                     0x0000df20   Section    768020  main.o(.bss)
    .bss                                     0x000c9740   Section    1060148  hid.o(.bss)
    gu8PageBuff                              0x000cbe50   Data         512  hid.o(.bss)
    gu8JPEGBuff                              0x000cc050   Data       1048576  hid.o(.bss)
    gTemp                                    0x001cc274   Data         512  hid.o(.bss)
    .bss                                     0x001cc474   Section       44  jpegcodec.o(.bss)
    jpegInfo                                 0x001cc474   Data          44  jpegcodec.o(.bss)
    .bss                                     0x001cc4a0   Section      364  usbd.o(.bss)
    .bss                                     0x001cc60c   Section      640  wb_timer.o(.bss)
    .bss                                     0x001cc88c   Section      372  wb_uart.o(.bss)
    .bss                                     0x001d0000   Section    16384  wb_mmu.o(.bss)
    .bss                                     0x001d4000   Section     8192  wb_power.o(.bss)
    .bss                                     0x001d6000   Section       16  n9h26_vpost_driver.o(.bss)
    .bss                                     0x001d6010   Section       96  libspace.o(.bss)

    Global Symbols

    Symbol Name                              Value     Ov Type        Size  Object(Section)

    BuildAttributes$$THM_ISAv2$ARM_ISAv5$E$P$J$S$PE$A:L22$X:L11$S22$IEEE1$IW$USESV6$~STKCKD$USESV7$~SHL$OTIME$ROPI$EBA8$UX$STANDARDLIB$REQ8$EABIv2 0x00000000   Number         0  anon$$obj.o ABSOLUTE
    Vector_Table                             0x00000000   ARM Code       0  wb_init.o(WB_INIT)
    __ARM_use_no_argv                        0x00000000   Number         0  main.o ABSOLUTE
    __ARM_exceptions_init                     - Undefined Weak Reference
    __alloca_initialize                       - Undefined Weak Reference
    __cpp_initialize__aeabi_                  - Undefined Weak Reference
    __cxa_finalize                            - Undefined Weak Reference
    __rt_locale                               - Undefined Weak Reference
    __sigvec_lookup                           - Undefined Weak Reference
    __user_heap_extent                        - Undefined Weak Reference
    _atexit_init                              - Undefined Weak Reference
    _call_atexit_fns                          - Undefined Weak Reference
    _clock_init                               - Undefined Weak Reference
    _fp_trap_init                             - Undefined Weak Reference
    _fp_trap_shutdown                         - Undefined Weak Reference
    _get_lc_collate                           - Undefined Weak Reference
    _get_lc_ctype                             - Undefined Weak Reference
    _get_lc_monetary                          - Undefined Weak Reference
    _get_lc_numeric                           - Undefined Weak Reference
    _get_lc_time                              - Undefined Weak Reference
    _getenv_init                              - Undefined Weak Reference
    _handle_redirection                       - Undefined Weak Reference
    _initio                                   - Undefined Weak Reference
    _mutex_acquire                            - Undefined Weak Reference
    _mutex_free                               - Undefined Weak Reference
    _mutex_release                            - Undefined Weak Reference
    _rand_init                                - Undefined Weak Reference
    _signal_finish                            - Undefined Weak Reference
    _signal_init                              - Undefined Weak Reference
    _terminateio                              - Undefined Weak Reference
    Reset_Go                                 0x00000058   ARM Code       0  wb_init.o(WB_INIT)
    __main                                   0x000000ac   ARM Code       8  __main.o(!!!main)
    __scatterload                            0x000000b4   ARM Code       0  __scatter.o(!!!scatter)
    __scatterload_rt2                        0x000000b4   ARM Code      52  __scatter.o(!!!scatter)
    __scatterload_null                       0x000000c8   ARM Code       0  __scatter.o(!!!scatter)
    __decompress                             0x000000f0   ARM Code      92  __dczerorl2.o(!!dczerorl2)
    __decompress1                            0x000000f0   ARM Code       0  __dczerorl2.o(!!dczerorl2)
    __scatterload_copy                       0x0000014c   ARM Code      40  __scatter_copy.o(!!handler_copy)
    __scatterload_zeroinit                   0x00000174   ARM Code      44  __scatter_zi.o(!!handler_zi)
    __rt_lib_init                            0x000001a1   Thumb Code     0  libinit.o(.ARM.Collect$$libinit$$00000000)
    __rt_lib_init_fp_1                       0x000001a3   Thumb Code     0  libinit2.o(.ARM.Collect$$libinit$$00000002)
    __rt_lib_init_heap_2                     0x000001a3   Thumb Code     0  libinit2.o(.ARM.Collect$$libinit$$00000003)
    __rt_lib_init_alloca_1                   0x000001ab   Thumb Code     0  libinit2.o(.ARM.Collect$$libinit$$0000002C)
    __rt_lib_init_argv_1                     0x000001ab   Thumb Code     0  libinit2.o(.ARM.Collect$$libinit$$0000002A)
    __rt_lib_init_atexit_1                   0x000001ab   Thumb Code     0  libinit2.o(.ARM.Collect$$libinit$$00000019)
    __rt_lib_init_clock_1                    0x000001ab   Thumb Code     0  libinit2.o(.ARM.Collect$$libinit$$0000001F)
    __rt_lib_init_cpp_1                      0x000001ab   Thumb Code     0  libinit2.o(.ARM.Collect$$libinit$$00000030)
    __rt_lib_init_exceptions_1               0x000001ab   Thumb Code     0  libinit2.o(.ARM.Collect$$libinit$$0000002E)
    __rt_lib_init_fp_trap_1                  0x000001ab   Thumb Code     0  libinit2.o(.ARM.Collect$$libinit$$0000001D)
    __rt_lib_init_getenv_1                   0x000001ab   Thumb Code     0  libinit2.o(.ARM.Collect$$libinit$$00000021)
    __rt_lib_init_heap_1                     0x000001ab   Thumb Code     0  libinit2.o(.ARM.Collect$$libinit$$00000008)
    __rt_lib_init_lc_collate_1               0x000001ab   Thumb Code     0  libinit2.o(.ARM.Collect$$libinit$$0000000F)
    __rt_lib_init_lc_ctype_1                 0x000001ab   Thumb Code     0  libinit2.o(.ARM.Collect$$libinit$$00000011)
    __rt_lib_init_lc_monetary_1              0x000001ab   Thumb Code     0  libinit2.o(.ARM.Collect$$libinit$$00000013)
    __rt_lib_init_lc_numeric_1               0x000001ab   Thumb Code     0  libinit2.o(.ARM.Collect$$libinit$$00000015)
    __rt_lib_init_lc_time_1                  0x000001ab   Thumb Code     0  libinit2.o(.ARM.Collect$$libinit$$00000017)
    __rt_lib_init_rand_1                     0x000001ab   Thumb Code     0  libinit2.o(.ARM.Collect$$libinit$$0000000C)
    __rt_lib_init_return                     0x000001ab   Thumb Code     0  libinit2.o(.ARM.Collect$$libinit$$00000031)
    __rt_lib_init_signal_1                   0x000001ab   Thumb Code     0  libinit2.o(.ARM.Collect$$libinit$$0000001B)
    __rt_lib_init_stdio_1                    0x000001ab   Thumb Code     0  libinit2.o(.ARM.Collect$$libinit$$00000023)
    __rt_lib_init_user_alloc_1               0x000001ab   Thumb Code     0  libinit2.o(.ARM.Collect$$libinit$$0000000A)
    __rt_lib_shutdown                        0x000001ad   Thumb Code     0  libshutdown.o(.ARM.Collect$$libshutdown$$00000000)
    __rt_lib_shutdown_fp_trap_1              0x000001af   Thumb Code     0  libshutdown2.o(.ARM.Collect$$libshutdown$$00000006)
    __rt_lib_shutdown_heap_1                 0x000001af   Thumb Code     0  libshutdown2.o(.ARM.Collect$$libshutdown$$0000000E)
    __rt_lib_shutdown_return                 0x000001af   Thumb Code     0  libshutdown2.o(.ARM.Collect$$libshutdown$$0000000F)
    __rt_lib_shutdown_signal_1               0x000001af   Thumb Code     0  libshutdown2.o(.ARM.Collect$$libshutdown$$00000009)
    __rt_lib_shutdown_stdio_1                0x000001af   Thumb Code     0  libshutdown2.o(.ARM.Collect$$libshutdown$$00000003)
    __rt_lib_shutdown_user_alloc_1           0x000001af   Thumb Code     0  libshutdown2.o(.ARM.Collect$$libshutdown$$0000000B)
    __rt_entry                               0x000001b0   ARM Code       0  rtentry.o(.ARM.Collect$$rtentry$$00000000)
    __rt_entry_presh_1                       0x000001b0   ARM Code       0  rtentry2.o(.ARM.Collect$$rtentry$$00000002)
    __rt_entry_sh                            0x000001b0   ARM Code       0  rtentry4.o(.ARM.Collect$$rtentry$$00000004)
    __rt_entry_li                            0x000001b8   ARM Code       0  rtentry2.o(.ARM.Collect$$rtentry$$0000000A)
    __rt_entry_postsh_1                      0x000001b8   ARM Code       0  rtentry2.o(.ARM.Collect$$rtentry$$00000009)
    __rt_entry_main                          0x000001bc   ARM Code       0  rtentry2.o(.ARM.Collect$$rtentry$$0000000D)
    __rt_entry_postli_1                      0x000001bc   ARM Code       0  rtentry2.o(.ARM.Collect$$rtentry$$0000000C)
    __rt_exit                                0x000001e4   ARM Code       0  rtexit.o(.ARM.Collect$$rtexit$$00000000)
    __rt_exit_ls                             0x000001e8   ARM Code       0  rtexit2.o(.ARM.Collect$$rtexit$$00000003)
    __rt_exit_prels_1                        0x000001e8   ARM Code       0  rtexit2.o(.ARM.Collect$$rtexit$$00000002)
    __rt_exit_exit                           0x000001ec   ARM Code       0  rtexit2.o(.ARM.Collect$$rtexit$$00000004)
    sys_flush_and_clean_dcache               0x000001f4   ARM Code      12  wb_cache.o(.emb_text)
    sysSetupCP15                             0x00000200   ARM Code      36  wb_mmu.o(.emb_text)
    _maybe_terminate_alloc                   0x00000225   Thumb Code     0  maybetermalloc1.o(.emb_text)
    _sys_exit                                0x00000224   ARM Code       8  standalone.o(.text)
    _ttywrch                                 0x0000022c   ARM Code       8  standalone.o(.text)
    __user_initial_stackheap                 0x00000234   ARM Code      44  standalone.o(.text)
    delay                                    0x00000264   ARM Code      56  main.o(.text)
    main                                     0x0000029c   ARM Code     304  main.o(.text)
    JpegDecHeaderComplete                    0x00000408   ARM Code     336  jpegdec.o(.text)
    JpegDec                                  0x00000558   ARM Code      88  jpegdec.o(.text)
    hidHighSpeedInit                         0x000005b8   ARM Code     212  hid.o(.text)
    hidFullSpeedInit                         0x0000068c   ARM Code     204  hid.o(.text)
    hidClassOUT                              0x00000758   ARM Code      68  hid.o(.text)
    GetInfo                                  0x0000079c   ARM Code      76  hid.o(.text)
    SetInfo                                  0x000007e8   ARM Code      80  hid.o(.text)
    HID_CmdReadImage                         0x00000838   ARM Code     424  hid.o(.text)
    HID_CmdGetStatus                         0x000009e0   ARM Code     180  hid.o(.text)
    HID_CmdGetVersion                        0x00000a94   ARM Code     180  hid.o(.text)
    HID_CmdGetParameter                      0x00000b48   ARM Code     208  hid.o(.text)
    HID_CmdImageWrite                        0x00000c18   ARM Code      60  hid.o(.text)
    HID_CmdTest                              0x00000c54   ARM Code     124  hid.o(.text)
    CalCheckSum                              0x00000cd0   ARM Code      52  hid.o(.text)
    ProcessCommand                           0x00000d04   ARM Code     660  hid.o(.text)
    HID_GetOutReport                         0x00000f98   ARM Code     612  hid.o(.text)
    HID_SetInReport                          0x000011fc   ARM Code     316  hid.o(.text)
    EPA_Handler                              0x00001338   ARM Code      20  hid.o(.text)
    EPB_Handler                              0x0000134c   ARM Code      20  hid.o(.text)
    Reset_Handler                            0x00001360   ARM Code       4  hid.o(.text)
    hidInit                                  0x00001364   ARM Code     632  hid.o(.text)
    HIDStart                                 0x000015dc   ARM Code      20  hid.o(.text)
    vpostLCMInit                             0x000015f0   ARM Code      28  n9h26_vpost.o(.text)
    vpostLCMDeinit                           0x0000160c   ARM Code      12  n9h26_vpost.o(.text)
    vpostGetFrameBuffer                      0x00001618   ARM Code      12  n9h26_vpost.o(.text)
    vpostSetFrameBuffer                      0x00001624   ARM Code      36  n9h26_vpost.o(.text)
    LCDDelay                                 0x00001648   ARM Code      60  n9h26_vpost.o(.text)
    jpegInit                                 0x0000168c   ARM Code     224  jpegcodec.o(.text)
    jpegGetDimension                         0x0000176c   ARM Code      40  jpegcodec.o(.text)
    jpegSetDimension                         0x00001794   ARM Code      28  jpegcodec.o(.text)
    jpegSetScalingFactor                     0x000017b0   ARM Code     288  jpegcodec.o(.text)
    jpegCalScalingFactor                     0x000018d0   ARM Code     672  jpegcodec.o(.text)
    jpegGetDecodedDimension                  0x00001b70   ARM Code      32  jpegcodec.o(.text)
    jpegISR                                  0x00001b90   ARM Code    2408  jpegcodec.o(.text)
    jpegWait                                 0x000024f8   ARM Code      64  jpegcodec.o(.text)
    jpegIsReady                              0x00002538   ARM Code      32  jpegcodec.o(.text)
    jpegGetInfo                              0x00002558   ARM Code      28  jpegcodec.o(.text)
    jpegPower                                0x00002574   ARM Code      56  jpegcodec.o(.text)
    jpegOpen                                 0x000025ac   ARM Code     224  jpegcodec.o(.text)
    jpegSetEncodeMode                        0x0000268c   ARM Code     392  jpegcodec.o(.text)
    jpegSetDecodeMode                        0x00002814   ARM Code     324  jpegcodec.o(.text)
    jpegDecodeTrigger                        0x00002958   ARM Code     240  jpegcodec.o(.text)
    jpegEncodeTrigger                        0x00002a48   ARM Code     876  jpegcodec.o(.text)
    jpegGetScalingFactor                     0x00002db4   ARM Code      88  jpegcodec.o(.text)
    jpegSetWindowDecode                      0x00002e0c   ARM Code      80  jpegcodec.o(.text)
    jpegAdjustQTAB                           0x00002e5c   ARM Code      76  jpegcodec.o(.text)
    jpegSetQTAB                              0x00002ea8   ARM Code     472  jpegcodec.o(.text)
    jpegIoctl                                0x00003080   ARM Code    1628  jpegcodec.o(.text)
    jpegClose                                0x000036dc   ARM Code      56  jpegcodec.o(.text)
    jpegPollInt                              0x00003714   ARM Code      44  jpegcodec.o(.text)
    usbdClearAllFlags                        0x00003770   ARM Code      64  usbd.o(.text)
    udcOpen                                  0x000037b0   ARM Code     252  usbd.o(.text)
    usbd_update_device                       0x000038ac   ARM Code    1348  usbd.o(.text)
    usbd_send_descriptor                     0x00003df0   ARM Code    1396  usbd.o(.text)
    usbd_control_packet                      0x00004364   ARM Code    5048  usbd.o(.text)
    usbd_isr                                 0x0000571c   ARM Code    3556  usbd.o(.text)
    udcInit                                  0x00006500   ARM Code     340  usbd.o(.text)
    udcDeinit                                0x00006654   ARM Code      36  usbd.o(.text)
    udcClose                                 0x00006678   ARM Code      24  usbd.o(.text)
    udcIsAttached                            0x00006690   ARM Code      16  usbd.o(.text)
    udcIsAttachedToHost                      0x000066a0   ARM Code      12  usbd.o(.text)
    udcSetSupendCallBack                     0x000066ac   ARM Code      12  usbd.o(.text)
    udcSetResumeCallBack                     0x000066b8   ARM Code      12  usbd.o(.text)
    sysGetSdramSizebyMB                      0x000066ec   ARM Code     408  wb_cache.o(.text)
    sysEnableCache                           0x00006884   ARM Code      44  wb_cache.o(.text)
    sysDisableCache                          0x000068b0   ARM Code      88  wb_cache.o(.text)
    sysFlushCache                            0x00006908   ARM Code     112  wb_cache.o(.text)
    sysInvalidCache                          0x00006978   ARM Code      12  wb_cache.o(.text)
    sysGetCacheState                         0x00006984   ARM Code      12  wb_cache.o(.text)
    sysGetCacheMode                          0x00006990   ARM Code      12  wb_cache.o(.text)
    _sysLockCode                             0x0000699c   ARM Code     200  wb_cache.o(.text)
    _sysUnLockCode                           0x00006a64   ARM Code      40  wb_cache.o(.text)
    sysGetPLLOutputHz                        0x00006a9c   ARM Code     164  wb_config.o(.text)
    sysCheckPllConstraint                    0x00006b40   ARM Code      12  wb_config.o(.text)
    _sysGetPLLControlRegister                0x00006b4c   ARM Code     292  wb_config.o(.text)
    sysSetPLLControlRegister                 0x00006c70   ARM Code      40  wb_config.o(.text)
    _sysClockSwitch                          0x00006c98   ARM Code     344  wb_config.o(.text)
    _sysClockSwitchStart                     0x00006df0   ARM Code     180  wb_config.o(.text)
    sysGetExternalClock                      0x00006ea4   ARM Code      24  wb_config.o(.text)
    sysGetDramClock                          0x00006ebc   ARM Code      88  wb_config.o(.text)
    sysGetSystemClock                        0x00006f14   ARM Code     200  wb_config.o(.text)
    sysGetCPUClock                           0x00006fdc   ARM Code      48  wb_config.o(.text)
    sysSetSystemClock                        0x0000700c   ARM Code    1236  wb_config.o(.text)
    sysSetCPUClock                           0x000074e0   ARM Code     144  wb_config.o(.text)
    sysGetHCLK1Clock                         0x00007570   ARM Code      48  wb_config.o(.text)
    sysSetAPBClock                           0x000075a0   ARM Code     168  wb_config.o(.text)
    sysGetHCLK234Clock                       0x00007648   ARM Code      44  wb_config.o(.text)
    sysGetAPBClock                           0x00007674   ARM Code      44  wb_config.o(.text)
    sysSetPllClock                           0x000076a0   ARM Code     400  wb_config.o(.text)
    _dramClockSwitch                         0x00007830   ARM Code    2916  wb_config.o(.text)
    _dramClockSwitchStart                    0x00008394   ARM Code     368  wb_config.o(.text)
    sysSetDramClock                          0x00008504   ARM Code     564  wb_config.o(.text)
    sysTimerISR                              0x00008738   ARM Code    1016  wb_timer.o(.text)
    sysGetTicks                              0x00008b30   ARM Code     124  wb_timer.o(.text)
    sysResetTicks                            0x00008bac   ARM Code     140  wb_timer.o(.text)
    sysUpdateTickCount                       0x00008c38   ARM Code     124  wb_timer.o(.text)
    sysSetTimerReferenceClock                0x00008cb4   ARM Code     124  wb_timer.o(.text)
    sysStartTimer                            0x00008d30   ARM Code    1120  wb_timer.o(.text)
    sysStopTimer                             0x00009190   ARM Code     700  wb_timer.o(.text)
    sysClearWatchDogTimerCount               0x0000944c   ARM Code      36  wb_timer.o(.text)
    sysClearWatchDogTimerInterruptStatus     0x00009470   ARM Code      36  wb_timer.o(.text)
    sysDisableWatchDogTimer                  0x00009494   ARM Code      36  wb_timer.o(.text)
    sysDisableWatchDogTimerReset             0x000094b8   ARM Code      36  wb_timer.o(.text)
    sysEnableWatchDogTimer                   0x000094dc   ARM Code      36  wb_timer.o(.text)
    sysEnableWatchDogTimerReset              0x00009500   ARM Code      36  wb_timer.o(.text)
    sysInstallWatchDogTimerISR               0x00009524   ARM Code      92  wb_timer.o(.text)
    sysSetWatchDogTimerInterval              0x00009580   ARM Code      60  wb_timer.o(.text)
    sysSetTimerEvent                         0x000095bc   ARM Code     852  wb_timer.o(.text)
    sysClearTimerEvent                       0x00009910   ARM Code     340  wb_timer.o(.text)
    sysDOS_Time_To_UTC                       0x00009a64   ARM Code     300  wb_timer.o(.text)
    sysUTC_To_DOS_Time                       0x00009b90   ARM Code     320  wb_timer.o(.text)
    sysSetLocalTime                          0x00009cd0   ARM Code      64  wb_timer.o(.text)
    sysGetCurrentTime                        0x00009d10   ARM Code      68  wb_timer.o(.text)
    sysDelay                                 0x00009d54   ARM Code      96  wb_timer.o(.text)
    sysUartPort                              0x00009de0   ARM Code     160  wb_uart.o(.text)
    sysUartInstallcallback                   0x00009e80   ARM Code      76  wb_uart.o(.text)
    sysUartISR                               0x00009ecc   ARM Code     756  wb_uart.o(.text)
    sysUartEnableInt                         0x0000a1f8   ARM Code     148  wb_uart.o(.text)
    sysInitializeUART                        0x0000a28c   ARM Code     528  wb_uart.o(.text)
    _PutChar_f                               0x0000a49c   ARM Code     440  wb_uart.o(.text)
    sysPutString                             0x0000a654   ARM Code      40  wb_uart.o(.text)
    sysPrintf                                0x0000aaa4   ARM Code     204  wb_uart.o(.text)
    sysprintf                                0x0000ab70   ARM Code     284  wb_uart.o(.text)
    sysGetChar                               0x0000ac8c   ARM Code      52  wb_uart.o(.text)
    sysPutChar                               0x0000acc0   ARM Code      48  wb_uart.o(.text)
    sysUartTransfer                          0x0000acf0   ARM Code      68  wb_uart.o(.text)
    vpostLCMInit_FW050TFT_800x480            0x0000ad94   ARM Code     448  n9h26_vpost_fw050tft_800x480.o(.text)
    vpostLCMDeinit_FW050TFT_800x480          0x0000af54   ARM Code      40  n9h26_vpost_fw050tft_800x480.o(.text)
    vpostEnaBacklight                        0x0000af7c   ARM Code       4  n9h26_vpost_fw050tft_800x480.o(.text)
    sysIrqHandler                            0x0000af9c   ARM Code     308  wb_aic.o(.text)
    sysFiqHandler                            0x0000b0d0   ARM Code     308  wb_aic.o(.text)
    WB_Interrupt_Shell                       0x0000b204   ARM Code       4  wb_aic.o(.text)
    sysInitializeAIC                         0x0000b208   ARM Code      60  wb_aic.o(.text)
    sysDisableInterrupt                      0x0000b244   ARM Code      84  wb_aic.o(.text)
    sysEnableInterrupt                       0x0000b298   ARM Code      84  wb_aic.o(.text)
    sysInstallExceptionHandler               0x0000b2ec   ARM Code     136  wb_aic.o(.text)
    sysInstallFiqHandler                     0x0000b374   ARM Code      20  wb_aic.o(.text)
    sysInstallIrqHandler                     0x0000b388   ARM Code      20  wb_aic.o(.text)
    sysInstallISR                            0x0000b39c   ARM Code     328  wb_aic.o(.text)
    sysSetGlobalInterrupt                    0x0000b4e4   ARM Code     100  wb_aic.o(.text)
    sysSetInterruptPriorityLevel             0x0000b548   ARM Code     196  wb_aic.o(.text)
    sysSetInterruptType                      0x0000b60c   ARM Code     152  wb_aic.o(.text)
    sysSetLocalInterrupt                     0x0000b6a4   ARM Code     140  wb_aic.o(.text)
    sysSetAIC2SWMode                         0x0000b730   ARM Code      16  wb_aic.o(.text)
    sysGetInterruptEnableStatus              0x0000b740   ARM Code      12  wb_aic.o(.text)
    sysGetInterruptHighEnableStatus          0x0000b74c   ARM Code      12  wb_aic.o(.text)
    sysGetIBitState                          0x0000b758   ARM Code      28  wb_aic.o(.text)
    sysSetMMUMappingMethod                   0x0000b78c   ARM Code       8  wb_mmu.o(.text)
    sysInitMMUTable                          0x0000b794   ARM Code     168  wb_mmu.o(.text)
    vpostVAStartTrigger                      0x0000b84c   ARM Code      24  n9h26_vpost_driver.o(.text)
    vpostVAStopTrigger                       0x0000b864   ARM Code      24  n9h26_vpost_driver.o(.text)
    vpostVAStartTrigger_MPUContinue          0x0000b87c   ARM Code      88  n9h26_vpost_driver.o(.text)
    vpostVAStartTrigger_MPUSingle            0x0000b8d4   ARM Code      88  n9h26_vpost_driver.o(.text)
    vpostVAStopTriggerMPU                    0x0000b92c   ARM Code      24  n9h26_vpost_driver.o(.text)
    vpostClearVABuffer                       0x0000b98c   ARM Code      60  n9h26_vpost_driver.o(.text)
    vpostAllocVABuffer                       0x0000b9c8   ARM Code     144  n9h26_vpost_driver.o(.text)
    vpostAllocVABufferFromAP                 0x0000ba58   ARM Code      44  n9h26_vpost_driver.o(.text)
    vpostFreeVABuffer                        0x0000ba84   ARM Code      60  n9h26_vpost_driver.o(.text)
    vpostSetLCDEnable                        0x0000bac0   ARM Code      72  n9h26_vpost_driver.o(.text)
    vpostSetLCDConfig                        0x0000bb08   ARM Code      68  n9h26_vpost_driver.o(.text)
    vpostsetLCM_TimingType                   0x0000bb4c   ARM Code      56  n9h26_vpost_driver.o(.text)
    vpostSetLCM_TypeSelect                   0x0000bb84   ARM Code      32  n9h26_vpost_driver.o(.text)
    vpostSetSerialSyncLCM_Interface          0x0000bba4   ARM Code      32  n9h26_vpost_driver.o(.text)
    vpostSetSerialSyncLCM_ColorOrder         0x0000bbc4   ARM Code      56  n9h26_vpost_driver.o(.text)
    vpostSetSerialSyncLCM_CCIR656ModeSelect  0x0000bbfc   ARM Code      32  n9h26_vpost_driver.o(.text)
    vpostSetParalelSyncLCM_Interface         0x0000bc1c   ARM Code      32  n9h26_vpost_driver.o(.text)
    vpostSetFrameBuffer_DataType             0x0000bc3c   ARM Code      32  n9h26_vpost_driver.o(.text)
    vpostSetFrameBuffer_Size                 0x0000bc5c   ARM Code      56  n9h26_vpost_driver.o(.text)
    vpostSetScalingOutput_Size               0x0000bc94   ARM Code      56  n9h26_vpost_driver.o(.text)
    vpostSetFrameBuffer_BaseAddress          0x0000bccc   ARM Code      16  n9h26_vpost_driver.o(.text)
    vpostSetYUVEndianSelect                  0x0000bcdc   ARM Code      32  n9h26_vpost_driver.o(.text)
    vpostSetDataBusPin                       0x0000bcfc   ARM Code     484  n9h26_vpost_driver.o(.text)
    vpostSetDataBusPin_noDE                  0x0000bee0   ARM Code     424  n9h26_vpost_driver.o(.text)
    vpostSetDataBusPin_onlyDE                0x0000c088   ARM Code     424  n9h26_vpost_driver.o(.text)
    vpostSetSyncLCM_HTiming                  0x0000c230   ARM Code      56  n9h26_vpost_driver.o(.text)
    vpostSetSyncLCM_VTiming                  0x0000c268   ARM Code      48  n9h26_vpost_driver.o(.text)
    vpostSetSyncLCM_ImageWindow              0x0000c298   ARM Code      88  n9h26_vpost_driver.o(.text)
    vpostSetSyncLCM_SignalPolarity           0x0000c2f0   ARM Code     152  n9h26_vpost_driver.o(.text)
    vpostSetInterlaceMode                    0x0000c388   ARM Code      28  n9h26_vpost_driver.o(.text)
    vpostSetTVEnableConfig                   0x0000c3a4   ARM Code     792  n9h26_vpost_driver.o(.text)
    vpostSetTVSize                           0x0000c6bc   ARM Code      28  n9h26_vpost_driver.o(.text)
    vpostSetLCM_ImageSource                  0x0000c6d8   ARM Code      28  n9h26_vpost_driver.o(.text)
    vpostMPULCDWriteAddr16Bit                0x0000c6f4   ARM Code     192  n9h26_vpost_driver.o(.text)
    vpostMPULCDWriteData16Bit                0x0000c7b4   ARM Code     192  n9h26_vpost_driver.o(.text)
    vpostMPULCDReadData16Bit                 0x0000c874   ARM Code     184  n9h26_vpost_driver.o(.text)
    vpostEnableInt                           0x0000c92c   ARM Code      32  n9h26_vpost_driver.o(.text)
    vpostDisableInt                          0x0000c94c   ARM Code      36  n9h26_vpost_driver.o(.text)
    vpostClearInt                            0x0000c970   ARM Code      24  n9h26_vpost_driver.o(.text)
    vpostIsIntEnabled                        0x0000c988   ARM Code      36  n9h26_vpost_driver.o(.text)
    vpostInstallCallBack                     0x0000cacc   ARM Code     204  n9h26_vpost_driver.o(.text)
    vpostSetMPULCM_ImageWindow               0x0000cb98   ARM Code      92  n9h26_vpost_driver.o(.text)
    vpostSetMPULCM_TimingConfig              0x0000cbf4   ARM Code      44  n9h26_vpost_driver.o(.text)
    vpostSetMPULCM_BusModeSelect             0x0000cc20   ARM Code      28  n9h26_vpost_driver.o(.text)
    vpostSetOSD_Enable                       0x0000cc3c   ARM Code      24  n9h26_vpost_driver.o(.text)
    vpostSetOSD_Disable                      0x0000cc54   ARM Code      24  n9h26_vpost_driver.o(.text)
    vpostSetOSD_Size                         0x0000cc6c   ARM Code      60  n9h26_vpost_driver.o(.text)
    vpostSetOSD_Pos                          0x0000cca8   ARM Code     124  n9h26_vpost_driver.o(.text)
    vpostSetOSD_DataType                     0x0000cd24   ARM Code      32  n9h26_vpost_driver.o(.text)
    vpostSetOSD_Transparent_Enable           0x0000cd44   ARM Code      24  n9h26_vpost_driver.o(.text)
    vpostSetOSD_Transparent_Disable          0x0000cd5c   ARM Code      24  n9h26_vpost_driver.o(.text)
    vpostSetOSD_Transparent                  0x0000cd74   ARM Code      96  n9h26_vpost_driver.o(.text)
    vpostSetOSD_BaseAddress                  0x0000cdd4   ARM Code      12  n9h26_vpost_driver.o(.text)
    vpostSetOSD_FunctionConfig               0x0000cde0   ARM Code      68  n9h26_vpost_driver.o(.text)
    vpostGetVAChecksum                       0x0000ce24   ARM Code     216  n9h26_vpost_driver.o(.text)
    malloc                                   0x0000cf09   Thumb Code    98  h1_alloc.o(.text)
    free                                     0x0000cf6b   Thumb Code    76  h1_free.o(.text)
    strlen                                   0x0000cfb9   Thumb Code    62  strlen.o(.text)
    __aeabi_memcpy                           0x0000cffc   ARM Code       0  rt_memcpy.o(.text)
    __rt_memcpy                              0x0000cffc   ARM Code     212  rt_memcpy.o(.text)
    _memcpy_lastbytes                        0x0000d0b0   ARM Code       0  rt_memcpy.o(.text)
    __aeabi_memcpy4                          0x0000d0d0   ARM Code       0  rt_memcpy_w.o(.text)
    __aeabi_memcpy8                          0x0000d0d0   ARM Code       0  rt_memcpy_w.o(.text)
    __rt_memcpy_w                            0x0000d0d0   ARM Code     100  rt_memcpy_w.o(.text)
    _memcpy_lastbytes_aligned                0x0000d11c   ARM Code       0  rt_memcpy_w.o(.text)
    __aeabi_memclr                           0x0000d134   ARM Code       0  rt_memclr.o(.text)
    __rt_memclr                              0x0000d134   ARM Code      64  rt_memclr.o(.text)
    _memset                                  0x0000d138   ARM Code       0  rt_memclr.o(.text)
    __aeabi_memclr4                          0x0000d174   ARM Code       0  rt_memclr_w.o(.text)
    __aeabi_memclr8                          0x0000d174   ARM Code       0  rt_memclr_w.o(.text)
    __rt_memclr_w                            0x0000d174   ARM Code      84  rt_memclr_w.o(.text)
    _memset_w                                0x0000d178   ARM Code       0  rt_memclr_w.o(.text)
    __aeabi_uread4                           0x0000d1c8   ARM Code       0  uread4.o(.text)
    __rt_uread4                              0x0000d1c8   ARM Code      32  uread4.o(.text)
    __aeabi_uwrite4                          0x0000d1e8   ARM Code       0  uwrite4.o(.text)
    __rt_uwrite4                             0x0000d1e8   ARM Code      32  uwrite4.o(.text)
    __aeabi_idiv                             0x0000d208   ARM Code       0  aeabi_sdiv.o(.text)
    __aeabi_idivmod                          0x0000d208   ARM Code     380  aeabi_sdiv.o(.text)
    __rt_heap_descriptor                     0x0000d384   ARM Code      12  rt_heap_descriptor_intlibspace.o(.text)
    __use_no_heap                            0x0000d391   Thumb Code     2  hguard.o(.text)
    __heap$guard                             0x0000d393   Thumb Code     2  hguard.o(.text)
    _terminate_user_alloc                    0x0000d395   Thumb Code     2  init_alloc.o(.text)
    _init_user_alloc                         0x0000d397   Thumb Code     2  init_alloc.o(.text)
    __Heap_Full                              0x0000d399   Thumb Code    32  init_alloc.o(.text)
    __Heap_Broken                            0x0000d3b9   Thumb Code    10  init_alloc.o(.text)
    _init_alloc                              0x0000d3c3   Thumb Code    90  init_alloc.o(.text)
    __Heap_Initialize                        0x0000d41d   Thumb Code    10  h1_init.o(.text)
    __Heap_DescSize                          0x0000d427   Thumb Code     4  h1_init.o(.text)
    __user_libspace                          0x0000d42c   ARM Code      12  libspace.o(.text)
    __user_perproc_libspace                  0x0000d42c   ARM Code       0  libspace.o(.text)
    __user_perthread_libspace                0x0000d42c   ARM Code       0  libspace.o(.text)
    __Heap_ProvideMemory                     0x0000d439   Thumb Code    52  h1_extend.o(.text)
    __rt_SIGRTMEM                            0x0000d46d   Thumb Code    12  defsig_rtmem_outer.o(.text)
    __rt_heap_escrow                         0x0000d479   Thumb Code    24  heapauxa.o(.text)
    __rt_heap_expand                         0x0000d491   Thumb Code    52  heapauxa.o(.text)
    __user_setup_stackheap                   0x0000d4c8   ARM Code      96  sys_stackheap_outer.o(.text)
    exit                                     0x0000d529   Thumb Code    12  exit.o(.text)
    __sig_exit                               0x0000d535   Thumb Code    12  defsig_exit.o(.text)
    __rt_SIGRTMEM_inner                      0x0000d541   Thumb Code    22  defsig_rtmem_inner.o(.text)
    __default_signal_display                 0x0000d591   Thumb Code    52  defsig_general.o(.text)
    __aeabi_uidiv                            0x0000d5c4   ARM Code       0  aeabi_sdiv.o(.text_udiv)
    __aeabi_uidivmod                         0x0000d5c4   ARM Code      36  aeabi_sdiv.o(.text_udiv)
    __aeabi_fdiv                             0x0000d5e8   ARM Code       0  fdiv.o(x$fpl$fdiv)
    _fdiv                                    0x0000d5e8   ARM Code     396  fdiv.o(x$fpl$fdiv)
    __aeabi_f2uiz                            0x0000d778   ARM Code       0  ffixu.o(x$fpl$ffixu)
    _ffixu                                   0x0000d778   ARM Code      84  ffixu.o(x$fpl$ffixu)
    __aeabi_i2f                              0x0000d7cc   ARM Code       0  fflt_clz.o(x$fpl$fflt)
    _fflt                                    0x0000d7cc   ARM Code      48  fflt_clz.o(x$fpl$fflt)
    __aeabi_ui2f                             0x0000d7fc   ARM Code       0  fflt_clz.o(x$fpl$ffltu)
    _ffltu                                   0x0000d7fc   ARM Code      40  fflt_clz.o(x$fpl$ffltu)
    __aeabi_fmul                             0x0000d824   ARM Code       0  fmul.o(x$fpl$fmul)
    _fmul                                    0x0000d824   ARM Code     256  fmul.o(x$fpl$fmul)
    __fpl_fnaninf                            0x0000d924   ARM Code     160  fnaninf.o(x$fpl$fnaninf)
    __fpl_fretinf                            0x0000d9c4   ARM Code      16  fretinf.o(x$fpl$fretinf)
    __I$use$fp                               0x0000d9d4   Number         0  usenofp.o(x$fpl$usenofp)
    Region$$Table$$Base                      0x0000da0c   Number         0  anon$$obj.o(Region$$Table)
    Region$$Table$$Limit                     0x0000da3c   Number         0  anon$$obj.o(Region$$Table)
    u32Ready                                 0x0000da3c   Data           4  hid.o(.data)
    g_Version                                0x0000da40   Data           4  hid.o(.data)
    g_Status                                 0x0000da44   Data           4  hid.o(.data)
    gi32CmdTestCnt                           0x0000da4c   Data           4  hid.o(.data)
    HID_DeviceReportDescriptor               0x0000da50   Data          35  hid.o(.data)
    HID_DeviceReportDescriptor_FS            0x0000da74   Data          29  hid.o(.data)
    gu8DeviceDescriptor                      0x0000da94   Data          18  hid.o(.data)
    HID_StringDescriptor1                    0x0000db04   Data          16  hid.o(.data)
    HID_StringDescriptor2                    0x0000db14   Data          16  hid.o(.data)
    HID_StringDescriptor3                    0x0000db24   Data          26  hid.o(.data)
    g_u32EPA_MXP                             0x0000db40   Data           4  hid.o(.data)
    g_u32EPB_MXP                             0x0000db44   Data           4  hid.o(.data)
    g_u32ReadWriteSize                       0x0000db48   Data           4  hid.o(.data)
    imagebuf                                 0x0000db4c   Data           4  hid.o(.data)
    pCmd                                     0x0000db50   Data           4  hid.o(.data)
    g_u8PageBuff                             0x0000db54   Data           4  hid.o(.data)
    g_u8TestPages                            0x0000db58   Data           4  hid.o(.data)
    g_Temp                                   0x0000db5c   Data           4  hid.o(.data)
    g_u8JPEGBuff                             0x0000db60   Data           4  hid.o(.data)
    g_VAFrameBuf                             0x0000db64   Data           4  n9h26_vpost.o(.data)
    g_VAOrigFrameBuf                         0x0000db68   Data           4  n9h26_vpost.o(.data)
    g_bWait                                  0x0000db6c   Data           1  jpegcodec.o(.data)
    g_jpegError                              0x0000db6d   Data           1  jpegcodec.o(.data)
    g_bScale                                 0x0000db6e   Data           1  jpegcodec.o(.data)
    g_OutputWait                             0x0000db6f   Data           1  jpegcodec.o(.data)
    g_InputWait                              0x0000db70   Data           1  jpegcodec.o(.data)
    g_u32WindowDec                           0x0000db71   Data           1  jpegcodec.o(.data)
    g_bEncThumbnailDownScale                 0x0000db72   Data           1  jpegcodec.o(.data)
    g_bEncPrimaryDownScale                   0x0000db73   Data           1  jpegcodec.o(.data)
    g_u32EncRotate                           0x0000db74   Data           4  jpegcodec.o(.data)
    pfnJpegDecodeComplete                    0x0000db78   Data           4  jpegcodec.o(.data)
    pfnJpegDecodeError                       0x0000db7c   Data           4  jpegcodec.o(.data)
    pfnJpegEncodeComplete                    0x0000db80   Data           4  jpegcodec.o(.data)
    pfnJpegHeaderDecode                      0x0000db84   Data           4  jpegcodec.o(.data)
    pfnJpegDecInputWait                      0x0000db88   Data           4  jpegcodec.o(.data)
    pfnJpegDecOutputWait                     0x0000db8c   Data           4  jpegcodec.o(.data)
    g_au8QTable0                             0x0000db90   Data          64  jpegcodec.o(.data)
    g_au8QTable1                             0x0000dbd0   Data          64  jpegcodec.o(.data)
    g_au8QTable2                             0x0000dc10   Data          64  jpegcodec.o(.data)
    g_u32Stride                              0x0000dc50   Data           4  jpegcodec.o(.data)
    g_u32ScaleWidth                          0x0000dc54   Data           4  jpegcodec.o(.data)
    g_u32ScaleHeight                         0x0000dc58   Data           4  jpegcodec.o(.data)
    g_u32OpMode                              0x0000dc5c   Data           4  jpegcodec.o(.data)
    g_u32BufferCount                         0x0000dc60   Data           4  jpegcodec.o(.data)
    g_u32DecInputWaitAddr                    0x0000dc64   Data           4  jpegcodec.o(.data)
    g_u16BufferSize                          0x0000dc68   Data           2  jpegcodec.o(.data)
    g_u16ReserveSize                         0x0000dc6a   Data           2  jpegcodec.o(.data)
    g_u32OutputFormat                        0x0000dc6c   Data           4  jpegcodec.o(.data)
    g_u32windowSizeX                         0x0000dc70   Data           4  jpegcodec.o(.data)
    g_u32windowSizeY                         0x0000dc74   Data           4  jpegcodec.o(.data)
    g_u32Suspend_Flag                        0x0000dc78   Data           4  usbd.o(.data)
    pfnSuspend                               0x0000dc7c   Data           4  usbd.o(.data)
    pfnResume                                0x0000dc80   Data           4  usbd.o(.data)
    g_bHostAttached                          0x0000dc84   Data           1  usbd.o(.data)
    class_out_len                            0x0000dc88   Data           4  usbd.o(.data)
    zeropacket_flag                          0x0000dc8c   Data           4  usbd.o(.data)
    _usb_cmd_pkt                             0x0000dc90   Data           8  usbd.o(.data)
    usb_halt_ep                              0x0000dc98   Data           4  usbd.o(.data)
    _sys_IsCacheOn                           0x0000dc9c   Data           1  wb_cache.o(.data)
    _sys_CacheMode                           0x0000dca0   Data           4  wb_cache.o(.data)
    bIsFirstReadClkSkew                      0x0000dcb4   Data           1  wb_config.o(.data)
    u32ClkSkewInit                           0x0000dcb8   Data           4  wb_config.o(.data)
    bIsCheckConstraint                       0x0000dcbc   Data           1  wb_config.o(.data)
    bIsAPLLInitialize                        0x0000dcbd   Data           1  wb_config.o(.data)
    _sys_uTimer0ClockRate                    0x0000dccc   Data           4  wb_timer.o(.data)
    _sys_uTimer0Count                        0x0000dcd0   Data           4  wb_timer.o(.data)
    _sys_uTime0EventCount                    0x0000dcd4   Data           4  wb_timer.o(.data)
    _sys_bIsSetTime0Event                    0x0000dcd8   Data           1  wb_timer.o(.data)
    _sys_bIsTimer0Initial                    0x0000dcd9   Data           1  wb_timer.o(.data)
    _sys_uTimer1ClockRate                    0x0000dcdc   Data           4  wb_timer.o(.data)
    _sys_uTimer1Count                        0x0000dce0   Data           4  wb_timer.o(.data)
    _sys_uTime1EventCount                    0x0000dce4   Data           4  wb_timer.o(.data)
    _sys_bIsSetTime1Event                    0x0000dce8   Data           1  wb_timer.o(.data)
    _sys_bIsTimer1Initial                    0x0000dce9   Data           1  wb_timer.o(.data)
    _sys_uTimer2ClockRate                    0x0000dcec   Data           4  wb_timer.o(.data)
    _sys_uTimer2Count                        0x0000dcf0   Data           4  wb_timer.o(.data)
    _sys_uTime2EventCount                    0x0000dcf4   Data           4  wb_timer.o(.data)
    _sys_bIsSetTime2Event                    0x0000dcf8   Data           1  wb_timer.o(.data)
    _sys_bIsTimer2Initial                    0x0000dcf9   Data           1  wb_timer.o(.data)
    _sys_uTimer3ClockRate                    0x0000dcfc   Data           4  wb_timer.o(.data)
    _sys_uTimer3Count                        0x0000dd00   Data           4  wb_timer.o(.data)
    _sys_uTime3EventCount                    0x0000dd04   Data           4  wb_timer.o(.data)
    _sys_bIsSetTime3Event                    0x0000dd08   Data           1  wb_timer.o(.data)
    _sys_bIsTimer3Initial                    0x0000dd09   Data           1  wb_timer.o(.data)
    _sys_ReferenceTime_Clock                 0x0000dd0c   Data           4  wb_timer.o(.data)
    _sys_pvOldTimer0Vect                     0x0000dd40   Data           4  wb_timer.o(.data)
    _sys_uTimer0TickPerSecond                0x0000dd44   Data           4  wb_timer.o(.data)
    _sys_pvOldTimer1Vect                     0x0000dd48   Data           4  wb_timer.o(.data)
    _sys_uTimer1TickPerSecond                0x0000dd4c   Data           4  wb_timer.o(.data)
    _sys_pvOldTimer2Vect                     0x0000dd50   Data           4  wb_timer.o(.data)
    _sys_uTimer2TickPerSecond                0x0000dd54   Data           4  wb_timer.o(.data)
    _sys_pvOldTimer3Vect                     0x0000dd58   Data           4  wb_timer.o(.data)
    _sys_uTimer3TickPerSecond                0x0000dd5c   Data           4  wb_timer.o(.data)
    _sys_ReferenceTime_UTC                   0x0000dd60   Data           4  wb_timer.o(.data)
    _sys_bIsUARTInitial                      0x0000dd64   Data           1  wb_uart.o(.data)
    _sys_bIsUseUARTInt                       0x0000dd65   Data           1  wb_uart.o(.data)
    _sys_uUARTClockRate                      0x0000dd68   Data           4  wb_uart.o(.data)
    rx_cnt                                   0x0000dd6c   Data           4  wb_uart.o(.data)
    u32UartPort                              0x0000dd70   Data           4  wb_uart.o(.data)
    i32UsedPort                              0x0000dd74   Data           4  wb_uart.o(.data)
    _sys_uUartTxHead                         0x0000dd7c   Data           4  wb_uart.o(.data)
    _sys_uUartTxTail                         0x0000dd80   Data           4  wb_uart.o(.data)
    _sys_pvOldUartVect                       0x0000dd84   Data           4  wb_uart.o(.data)
    _sys_bIsAICInitial                       0x0000dd88   Data           1  wb_aic.o(.data)
    _sys_bIsHWMode                           0x0000dd89   Data           1  wb_aic.o(.data)
    sysIrqHandlerTable                       0x0000dd8c   Data         192  wb_aic.o(.data)
    sysFiqHandlerTable                       0x0000de4c   Data         192  wb_aic.o(.data)
    g_nFrameBufferSize                       0x0000df10   Data           4  n9h26_vpost_driver.o(.data)
    g_pu8FrameBuffer                         0x0000df20   Data       768000  main.o(.bss)
    lcdInfo                                  0x000c9720   Data          20  main.o(.bss)
    g_Parameter                              0x000c9740   Data       10000  hid.o(.bss)
    image_buffer                             0x001cc060   Data         512  hid.o(.bss)
    gCmd                                     0x001cc260   Data          18  hid.o(.bss)
    usbdInfo                                 0x001cc4a0   Data         350  usbd.o(.bss)
    usbdStatus                               0x001cc600   Data          12  usbd.o(.bss)
    tTime0Event                              0x001cc60c   Data         160  wb_timer.o(.bss)
    tTime1Event                              0x001cc6ac   Data         160  wb_timer.o(.bss)
    tTime2Event                              0x001cc74c   Data         160  wb_timer.o(.bss)
    tTime3Event                              0x001cc7ec   Data         160  wb_timer.o(.bss)
    pfnUartIntHandlerTable                   0x001cc88c   Data          16  wb_uart.o(.bss)
    uart_rx                                  0x001cc89c   Data         100  wb_uart.o(.bss)
    _sys_ucUartTxBuf                         0x001cc900   Data         256  wb_uart.o(.bss)
    _mmuSectionTable                         0x001d0000   Data       16384  wb_mmu.o(.bss)
    _tmp_buf                                 0x001d4000   Data        8192  wb_power.o(.bss)
    g_pfnVpostCallback                       0x001d6000   Data          16  n9h26_vpost_driver.o(.bss)
    __libspace_start                         0x001d6010   Data          96  libspace.o(.bss)
    Image$$ZI$$Limit                         0x001d6070   Number         0  anon$$obj.o(linker$$defined$$symbols)
    __temporary_stack_top$libspace           0x001d6070   Data           0  libspace.o(.bss)



==============================================================================

Memory Map of the image

  Image Entry point : 0x00000000

  Load Region LR_IROM1 (Base: 0x00000000, Size: 0x0000df18, Max: 0x02000000, ABSOLUTE, COMPRESSED[0x0000db84])

    Execution Region ER_IROM1 (Base: 0x00000000, Size: 0x0000da3c, Max: 0x02000000, ABSOLUTE)

    Base Addr    Size         Type   Attr      Idx    E Section Name        Object

    0x00000000   0x000000ac   Code   RO           14  * WB_INIT             wb_init.o
    0x000000ac   0x00000008   Code   RO          494  * !!!main             c_5.l(__main.o)
    0x000000b4   0x0000003c   Code   RO          724    !!!scatter          c_5.l(__scatter.o)
    0x000000f0   0x0000005c   Code   RO          722    !!dczerorl2         c_5.l(__dczerorl2.o)
    0x0000014c   0x00000028   Code   RO          726    !!handler_copy      c_5.l(__scatter_copy.o)
    0x00000174   0x0000002c   Code   RO          728    !!handler_zi        c_5.l(__scatter_zi.o)
    0x000001a0   0x00000002   Code   RO          665    .ARM.Collect$$libinit$$00000000  c_5.l(libinit.o)
    0x000001a2   0x00000000   Code   RO          547    .ARM.Collect$$libinit$$00000002  c_5.l(libinit2.o)
    0x000001a2   0x00000008   Code   RO          548    .ARM.Collect$$libinit$$00000003  c_5.l(libinit2.o)
    0x000001aa   0x00000000   Code   RO          550    .ARM.Collect$$libinit$$00000008  c_5.l(libinit2.o)
    0x000001aa   0x00000000   Code   RO          552    .ARM.Collect$$libinit$$0000000A  c_5.l(libinit2.o)
    0x000001aa   0x00000000   Code   RO          554    .ARM.Collect$$libinit$$0000000C  c_5.l(libinit2.o)
    0x000001aa   0x00000000   Code   RO          557    .ARM.Collect$$libinit$$0000000F  c_5.l(libinit2.o)
    0x000001aa   0x00000000   Code   RO          559    .ARM.Collect$$libinit$$00000011  c_5.l(libinit2.o)
    0x000001aa   0x00000000   Code   RO          561    .ARM.Collect$$libinit$$00000013  c_5.l(libinit2.o)
    0x000001aa   0x00000000   Code   RO          563    .ARM.Collect$$libinit$$00000015  c_5.l(libinit2.o)
    0x000001aa   0x00000000   Code   RO          565    .ARM.Collect$$libinit$$00000017  c_5.l(libinit2.o)
    0x000001aa   0x00000000   Code   RO          567    .ARM.Collect$$libinit$$00000019  c_5.l(libinit2.o)
    0x000001aa   0x00000000   Code   RO          569    .ARM.Collect$$libinit$$0000001B  c_5.l(libinit2.o)
    0x000001aa   0x00000000   Code   RO          571    .ARM.Collect$$libinit$$0000001D  c_5.l(libinit2.o)
    0x000001aa   0x00000000   Code   RO          573    .ARM.Collect$$libinit$$0000001F  c_5.l(libinit2.o)
    0x000001aa   0x00000000   Code   RO          575    .ARM.Collect$$libinit$$00000021  c_5.l(libinit2.o)
    0x000001aa   0x00000000   Code   RO          577    .ARM.Collect$$libinit$$00000023  c_5.l(libinit2.o)
    0x000001aa   0x00000000   Code   RO          581    .ARM.Collect$$libinit$$0000002A  c_5.l(libinit2.o)
    0x000001aa   0x00000000   Code   RO          583    .ARM.Collect$$libinit$$0000002C  c_5.l(libinit2.o)
    0x000001aa   0x00000000   Code   RO          585    .ARM.Collect$$libinit$$0000002E  c_5.l(libinit2.o)
    0x000001aa   0x00000000   Code   RO          587    .ARM.Collect$$libinit$$00000030  c_5.l(libinit2.o)
    0x000001aa   0x00000002   Code   RO          588    .ARM.Collect$$libinit$$00000031  c_5.l(libinit2.o)
    0x000001ac   0x00000002   Code   RO          718    .ARM.Collect$$libshutdown$$00000000  c_5.l(libshutdown.o)
    0x000001ae   0x00000000   Code   RO          680    .ARM.Collect$$libshutdown$$00000003  c_5.l(libshutdown2.o)
    0x000001ae   0x00000000   Code   RO          683    .ARM.Collect$$libshutdown$$00000006  c_5.l(libshutdown2.o)
    0x000001ae   0x00000000   Code   RO          686    .ARM.Collect$$libshutdown$$00000009  c_5.l(libshutdown2.o)
    0x000001ae   0x00000000   Code   RO          688    .ARM.Collect$$libshutdown$$0000000B  c_5.l(libshutdown2.o)
    0x000001ae   0x00000000   Code   RO          691    .ARM.Collect$$libshutdown$$0000000E  c_5.l(libshutdown2.o)
    0x000001ae   0x00000002   Code   RO          692    .ARM.Collect$$libshutdown$$0000000F  c_5.l(libshutdown2.o)
    0x000001b0   0x00000000   Code   RO          514    .ARM.Collect$$rtentry$$00000000  c_5.l(rtentry.o)
    0x000001b0   0x00000000   Code   RO          600    .ARM.Collect$$rtentry$$00000002  c_5.l(rtentry2.o)
    0x000001b0   0x00000008   Code   RO          612    .ARM.Collect$$rtentry$$00000004  c_5.l(rtentry4.o)
    0x000001b8   0x00000000   Code   RO          602    .ARM.Collect$$rtentry$$00000009  c_5.l(rtentry2.o)
    0x000001b8   0x00000004   Code   RO          603    .ARM.Collect$$rtentry$$0000000A  c_5.l(rtentry2.o)
    0x000001bc   0x00000000   Code   RO          605    .ARM.Collect$$rtentry$$0000000C  c_5.l(rtentry2.o)
    0x000001bc   0x00000028   Code   RO          606    .ARM.Collect$$rtentry$$0000000D  c_5.l(rtentry2.o)
    0x000001e4   0x00000004   Code   RO          666    .ARM.Collect$$rtexit$$00000000  c_5.l(rtexit.o)
    0x000001e8   0x00000000   Code   RO          694    .ARM.Collect$$rtexit$$00000002  c_5.l(rtexit2.o)
    0x000001e8   0x00000004   Code   RO          695    .ARM.Collect$$rtexit$$00000003  c_5.l(rtexit2.o)
    0x000001ec   0x00000008   Code   RO          696    .ARM.Collect$$rtexit$$00000004  c_5.l(rtexit2.o)
    0x000001f4   0x0000000c   Code   RO          217    .emb_text           N9H26_SYS.lib(wb_cache.o)
    0x00000200   0x00000024   Code   RO          341    .emb_text           N9H26_SYS.lib(wb_mmu.o)
    0x00000224   0x00000000   Code   RO          618    .emb_text           c_5.l(maybetermalloc1.o)
    0x00000224   0x00000040   Code   RO            1    .text               standalone.o
    0x00000264   0x000001a4   Code   RO           18    .text               main.o
    0x00000408   0x000001b0   Code   RO           71    .text               jpegdec.o
    0x000005b8   0x00001038   Code   RO           90    .text               hid.o
    0x000015f0   0x0000009c   Code   RO          113    .text               N9H26_VPOST_FW050TFT_800x480.lib(n9h26_vpost.o)
    0x0000168c   0x000020e4   Code   RO          146    .text               N9H26_JPEG.lib(jpegcodec.o)
    0x00003770   0x00002f7c   Code   RO          183    .text               N9H26_UDC.lib(usbd.o)
    0x000066ec   0x000003b0   Code   RO          218    .text               N9H26_SYS.lib(wb_cache.o)
    0x00006a9c   0x00001c9c   Code   RO          251    .text               N9H26_SYS.lib(wb_config.o)
    0x00008738   0x000016a8   Code   RO          271    .text               N9H26_SYS.lib(wb_timer.o)
    0x00009de0   0x00000f54   Code   RO          291    .text               N9H26_SYS.lib(wb_uart.o)
    0x0000ad34   0x00000268   Code   RO          311    .text               N9H26_VPOST_FW050TFT_800x480.lib(n9h26_vpost_fw050tft_800x480.o)
    0x0000af9c   0x000007f0   Code   RO          326    .text               N9H26_SYS.lib(wb_aic.o)
    0x0000b78c   0x000000c0   Code   RO          342    .text               N9H26_SYS.lib(wb_mmu.o)
    0x0000b84c   0x000016bc   Code   RO          379    .text               N9H26_VPOST_FW050TFT_800x480.lib(n9h26_vpost_driver.o)
    0x0000cf08   0x00000062   Code   RO          406    .text               c_5.l(h1_alloc.o)
    0x0000cf6a   0x0000004c   Code   RO          408    .text               c_5.l(h1_free.o)
    0x0000cfb6   0x00000002   PAD
    0x0000cfb8   0x00000044   Code   RO          464    .text               c_5.l(strlen.o)
    0x0000cffc   0x000000d4   Code   RO          466    .text               c_5.l(rt_memcpy.o)
    0x0000d0d0   0x00000064   Code   RO          468    .text               c_5.l(rt_memcpy_w.o)
    0x0000d134   0x00000040   Code   RO          470    .text               c_5.l(rt_memclr.o)
    0x0000d174   0x00000054   Code   RO          472    .text               c_5.l(rt_memclr_w.o)
    0x0000d1c8   0x00000020   Code   RO          474    .text               c_5.l(uread4.o)
    0x0000d1e8   0x00000020   Code   RO          476    .text               c_5.l(uwrite4.o)
    0x0000d208   0x0000017c   Code   RO          478    .text               c_5.l(aeabi_sdiv.o)
    0x0000d384   0x0000000c   Code   RO          522    .text               c_5.l(rt_heap_descriptor_intlibspace.o)
    0x0000d390   0x00000004   Code   RO          524    .text               c_5.l(hguard.o)
    0x0000d394   0x00000088   Code   RO          526    .text               c_5.l(init_alloc.o)
    0x0000d41c   0x0000000e   Code   RO          530    .text               c_5.l(h1_init.o)
    0x0000d42a   0x00000002   PAD
    0x0000d42c   0x0000000c   Code   RO          596    .text               c_5.l(libspace.o)
    0x0000d438   0x00000034   Code   RO          620    .text               c_5.l(h1_extend.o)
    0x0000d46c   0x0000000c   Code   RO          624    .text               c_5.l(defsig_rtmem_outer.o)
    0x0000d478   0x00000050   Code   RO          628    .text               c_5.l(heapauxa.o)
    0x0000d4c8   0x00000060   Code   RO          640    .text               c_5.l(sys_stackheap_outer.o)
    0x0000d528   0x0000000c   Code   RO          646    .text               c_5.l(exit.o)
    0x0000d534   0x0000000c   Code   RO          648    .text               c_5.l(defsig_exit.o)
    0x0000d540   0x00000050   Code   RO          654    .text               c_5.l(defsig_rtmem_inner.o)
    0x0000d590   0x00000034   Code   RO          674    .text               c_5.l(defsig_general.o)
    0x0000d5c4   0x00000024   Code   RO          479    .text_udiv          c_5.l(aeabi_sdiv.o)
    0x0000d5e8   0x00000190   Code   RO          497    x$fpl$fdiv          fz_5s.l(fdiv.o)
    0x0000d778   0x00000054   Code   RO          500    x$fpl$ffixu         fz_5s.l(ffixu.o)
    0x0000d7cc   0x00000030   Code   RO          505    x$fpl$fflt          fz_5s.l(fflt_clz.o)
    0x0000d7fc   0x00000028   Code   RO          504    x$fpl$ffltu         fz_5s.l(fflt_clz.o)
    0x0000d824   0x00000100   Code   RO          510    x$fpl$fmul          fz_5s.l(fmul.o)
    0x0000d924   0x000000a0   Code   RO          589    x$fpl$fnaninf       fz_5s.l(fnaninf.o)
    0x0000d9c4   0x00000010   Code   RO          591    x$fpl$fretinf       fz_5s.l(fretinf.o)
    0x0000d9d4   0x00000000   Code   RO          593    x$fpl$usenofp       fz_5s.l(usenofp.o)
    0x0000d9d4   0x00000020   Data   RO          252    .constdata          N9H26_SYS.lib(wb_config.o)
    0x0000d9f4   0x00000018   Data   RO          312    .constdata          N9H26_VPOST_FW050TFT_800x480.lib(n9h26_vpost_fw050tft_800x480.o)
    0x0000da0c   0x00000030   Data   RO          719    Region$$Table       anon$$obj.o


    Execution Region RW_RAM1 (Base: 0x0000da3c, Size: 0x001c8634, Max: 0xffffffff, ABSOLUTE, COMPRESSED[0x00000148])

    Base Addr    Size         Type   Attr      Idx    E Section Name        Object

    0x0000da3c   0x00000128   Data   RW           92    .data               hid.o
    0x0000db64   0x00000008   Data   RW          114    .data               N9H26_VPOST_FW050TFT_800x480.lib(n9h26_vpost.o)
    0x0000db6c   0x0000010c   Data   RW          148    .data               N9H26_JPEG.lib(jpegcodec.o)
    0x0000dc78   0x00000024   Data   RW          185    .data               N9H26_UDC.lib(usbd.o)
    0x0000dc9c   0x00000008   Data   RW          219    .data               N9H26_SYS.lib(wb_cache.o)
    0x0000dca4   0x00000028   Data   RW          253    .data               N9H26_SYS.lib(wb_config.o)
    0x0000dccc   0x00000098   Data   RW          273    .data               N9H26_SYS.lib(wb_timer.o)
    0x0000dd64   0x00000024   Data   RW          293    .data               N9H26_SYS.lib(wb_uart.o)
    0x0000dd88   0x00000184   Data   RW          327    .data               N9H26_SYS.lib(wb_aic.o)
    0x0000df0c   0x00000001   Data   RW          344    .data               N9H26_SYS.lib(wb_mmu.o)
    0x0000df0d   0x00000003   PAD
    0x0000df10   0x00000004   Data   RW          381    .data               N9H26_VPOST_FW050TFT_800x480.lib(n9h26_vpost_driver.o)
    0x0000df14   0x00000004   Data   RW          629    .data               c_5.l(heapauxa.o)
    0x0000df18   0x00000008   PAD
    0x0000df20   0x000bb814   Zero   RW           19    .bss                main.o
    0x000c9734   0x0000000c   PAD
    0x000c9740   0x00102d34   Zero   RW           91    .bss                hid.o
    0x001cc474   0x0000002c   Zero   RW          147    .bss                N9H26_JPEG.lib(jpegcodec.o)
    0x001cc4a0   0x0000016c   Zero   RW          184    .bss                N9H26_UDC.lib(usbd.o)
    0x001cc60c   0x00000280   Zero   RW          272    .bss                N9H26_SYS.lib(wb_timer.o)
    0x001cc88c   0x00000174   Zero   RW          292    .bss                N9H26_SYS.lib(wb_uart.o)
    0x001cca00   0x00003600   PAD
    0x001d0000   0x00004000   Zero   RW          343    .bss                N9H26_SYS.lib(wb_mmu.o)
    0x001d4000   0x00002000   Zero   RW          362    .bss                N9H26_SYS.lib(wb_power.o)
    0x001d6000   0x00000010   Zero   RW          380    .bss                N9H26_VPOST_FW050TFT_800x480.lib(n9h26_vpost_driver.o)
    0x001d6010   0x00000060   Zero   RW          597    .bss                c_5.l(libspace.o)


    Execution Region ZI (Base: 0x001d6070, Size: 0x00000000, Max: 0xffffffff, ABSOLUTE)

    Base Addr    Size         Type   Attr      Idx    E Section Name        Object

    0x001d6070   0x00000000   Data   RO          721    linker$$defined$$symbols  anon$$obj.o


==============================================================================

Image component sizes


      Code (inc. data)   RO Data    RW Data    ZI Data      Debug   Object Name

      4152        464          0        296    1060148      12609   hid.o
       432          8          0          0          0       4936   jpegdec.o
       420         60          0          0     768020      15996   main.o
        64          4          0          0          0       2765   standalone.o
       172         56          0          0          0        304   wb_init.o

    ----------------------------------------------------------------------
      5240        592         48        296    1828180      36610   Object Totals
         0          0         48          0          0          0   (incl. Generated)
         0          0          0          0         12          0   (incl. Padding)

    ----------------------------------------------------------------------

      Code (inc. data)   RO Data    RW Data    ZI Data      Debug   Library Member Name

      8420        236          0        268         44      15921   jpegcodec.o
      2032         24          0        388          0       5819   wb_aic.o
       956         16          0          8          0       7656   wb_cache.o
      7324        496         32         40          0      10858   wb_config.o
       228         16          0          1      16384       1712   wb_mmu.o
         0          0          0          0       8192        527   wb_power.o
      5800        224          0        152        640       9682   wb_timer.o
      3924         80          0         36        372       6638   wb_uart.o
     12156        236          0         36        364      13412   usbd.o
       156          8          0          8          0      12711   n9h26_vpost.o
      5820         36          0          4         16      12430   n9h26_vpost_driver.o
       616         28         24          0          0       2054   n9h26_vpost_fw050tft_800x480.o
        92          0          0          0          0          0   __dczerorl2.o
         8          0          0          0          0         68   __main.o
        60          8          0          0          0          0   __scatter.o
        40          0          0          0          0          0   __scatter_copy.o
        44          0          0          0          0          0   __scatter_zi.o
       416          0          0          0          0        144   aeabi_sdiv.o
        12          0          0          0          0         68   defsig_exit.o
        52          0          0          0          0         72   defsig_general.o
        80         58          0          0          0         68   defsig_rtmem_inner.o
        12          0          0          0          0         68   defsig_rtmem_outer.o
        12          0          0          0          0         64   exit.o
        98          0          0          0          0         72   h1_alloc.o
        52          0          0          0          0         68   h1_extend.o
        76          0          0          0          0         72   h1_free.o
        14          0          0          0          0         76   h1_init.o
        80          4          0          4          0         88   heapauxa.o
         4          0          0          0          0        120   hguard.o
       136          0          0          0          0        160   init_alloc.o
         2          0          0          0          0          0   libinit.o
        10          0          0          0          0          0   libinit2.o
         2          0          0          0          0          0   libshutdown.o
         2          0          0          0          0          0   libshutdown2.o
        12          4          0          0         96         68   libspace.o
         0          0          0          0          0          0   maybetermalloc1.o
        12          4          0          0          0         68   rt_heap_descriptor_intlibspace.o
        64          0          0          0          0         68   rt_memclr.o
        84          0          0          0          0         80   rt_memclr_w.o
       212          0          0          0          0         68   rt_memcpy.o
       100          0          0          0          0         80   rt_memcpy_w.o
         0          0          0          0          0          0   rtentry.o
        44          4          0          0          0          0   rtentry2.o
         8          0          0          0          0          0   rtentry4.o
         4          0          0          0          0          0   rtexit.o
        12          0          0          0          0          0   rtexit2.o
        68          6          0          0          0         72   strlen.o
        96          0          0          0          0         80   sys_stackheap_outer.o
        32          0          0          0          0         68   uread4.o
        32          0          0          0          0         68   uwrite4.o
       400         76          0          0          0         96   fdiv.o
        84          4          0          0          0         84   ffixu.o
        88          0          0          0          0        136   fflt_clz.o
       256          4          0          0          0         84   fmul.o
       160          0          0          0          0         84   fnaninf.o
        16          0          0          0          0         68   fretinf.o
         0          0          0          0          0          0   usenofp.o

    ----------------------------------------------------------------------
     50524       1572         56        948      39940     101900   Library Totals
         4          0          0          3      13832          0   (incl. Padding)

    ----------------------------------------------------------------------

      Code (inc. data)   RO Data    RW Data    ZI Data      Debug   Library Name

      8420        236          0        268         44      15921   N9H26_JPEG.lib
     20264        856         32        625      25588      42892   N9H26_SYS.lib
     12156        236          0         36        364      13412   N9H26_UDC.lib
      6592         72         24         12         16      27195   N9H26_VPOST_FW050TFT_800x480.lib
      2084         88          0          4         96       1928   c_5.l
      1004         84          0          0          0        552   fz_5s.l

    ----------------------------------------------------------------------
     50524       1572         56        948      39940     101900   Library Totals

    ----------------------------------------------------------------------

==============================================================================


      Code (inc. data)   RO Data    RW Data    ZI Data      Debug   

     55764       2164        104       1244    1868120     135018   Grand Totals
     55764       2164        104        328    1868120     135018   ELF Image Totals (compressed)
     55764       2164        104        328          0          0   ROM Totals

==============================================================================

    Total RO  Size (Code + RO Data)                55868 (  54.56kB)
    Total RW  Size (RW Data + ZI Data)           1869364 (1825.55kB)
    Total ROM Size (Code + RO Data + RW Data)      56196 (  54.88kB)

==============================================================================

