ARM Linker, 5.03 [Build 76] [MDK-ARM Standard]

==============================================================================

Section Cross References

    wb_init.o(WB_INIT) refers to __main.o(!!!main) for __main
    main.o(.text) refers to wb_config.o(.text) for sysGetExternalClock
    main.o(.text) refers to wb_uart.o(.text) for sysInitializeUART
    main.o(.text) refers to wb_cache.o(.text) for sysInvalidCache
    main.o(.text) refers to n9h26_vpost.o(.text) for vpostLCMInit
    main.o(.text) refers to jpegcodec.o(.text) for jpegOpen
    main.o(.text) refers to hid.o(.text) for HIDStart
    main.o(.text) refers to main.o(.bss) for lcdInfo
    jpegdec.o(.text) refers to jpegcodec.o(.text) for jpegGetInfo
    jpegdec.o(.text) refers to aeabi_sdiv.o(.text_udiv) for __aeabi_uidivmod
    jpegdec.o(.text) refers to main.o(.bss) for g_pu8FrameBuffer
    hid.o(.text) refers to uwrite4.o(.text) for __aeabi_uwrite4
    hid.o(.text) refers to wb_uart.o(.text) for sysprintf
    hid.o(.text) refers to spiread.o(.text) for SPI_OpenSPI
    hid.o(.text) refers to rt_memclr.o(.text) for __aeabi_memclr
    hid.o(.text) refers to usbd.o(.bss) for usbdInfo
    hid.o(.text) refers to hid.o(.data) for g_u32EPA_MXP
    hid.o(.text) refers to usbd.o(.data) for _usb_cmd_pkt
    hid.o(.text) refers to hid.o(.bss) for image_buffer
    hid.o(.text) refers to uread4.o(.text) for __aeabi_uread4
    hid.o(.text) refers to spiflash.o(.text) for spiFlashEraseBlockNb
    hid.o(.text) refers to wb_timer.o(.text) for sysEnableWatchDogTimer
    hid.o(.text) refers to jpegdec.o(.text) for JpegDec
    hid.o(.text) refers to main.o(.bss) for g_pu8FrameBuffer
    hid.o(.text) refers to usbd.o(.text) for udcOpen
    spi.o(.text) refers to aeabi_sdiv.o(.text) for __aeabi_idivmod
    spi.o(.text) refers to wb_aic.o(.text) for sysInstallISR
    spi.o(.text) refers to wb_uart.o(.text) for sysprintf
    spi.o(.text) refers to spi.o(.data) for g_pfnSPI0callback
    spiflash.o(.text) refers to spi.o(.text) for spiTxLen
    spiflash.o(.text) refers to wb_config.o(.text) for sysGetAPBClock
    spiflash.o(.text) refers to aeabi_sdiv.o(.text_udiv) for __aeabi_uidivmod
    spiflash.o(.text) refers to wb_uart.o(.text) for sysprintf
    spiflash.o(.text) refers to wb_timer.o(.text) for sysDelay
    spiflash.o(.text) refers to spiflash.o(.data) for bIsSpiFlashOK
    spiread.o(.text) refers to spi.o(.text) for spiTxLen
    n9h26_vpost.o(.text) refers to n9h26_vpost_fw050tft_800x480.o(.text) for vpostLCMInit_FW050TFT_800x480
    n9h26_vpost.o(.text) refers to n9h26_vpost.o(.data) for g_VAFrameBuf
    jpegcodec.o(.text) refers to fflt_clz.o(x$fpl$fflt) for __aeabi_i2f
    jpegcodec.o(.text) refers to fdiv.o(x$fpl$fdiv) for __aeabi_fdiv
    jpegcodec.o(.text) refers to fmul.o(x$fpl$fmul) for __aeabi_fmul
    jpegcodec.o(.text) refers to ffixu.o(x$fpl$ffixu) for __aeabi_f2uiz
    jpegcodec.o(.text) refers to fflt_clz.o(x$fpl$ffltu) for __aeabi_ui2f
    jpegcodec.o(.text) refers to aeabi_sdiv.o(.text) for __aeabi_idivmod
    jpegcodec.o(.text) refers to jpegcodec.o(.data) for g_bScale
    jpegcodec.o(.text) refers to jpegcodec.o(.bss) for jpegInfo
    jpegcodec.o(.text) refers to rt_memcpy_w.o(.text) for __aeabi_memcpy4
    jpegcodec.o(.text) refers to wb_config.o(.text) for sysGetHCLK1Clock
    jpegcodec.o(.text) refers to aeabi_sdiv.o(.text_udiv) for __aeabi_uidivmod
    jpegcodec.o(.text) refers to wb_aic.o(.text) for sysInstallISR
    jpegcodec.o(.text) refers to rt_memclr_w.o(.text) for __aeabi_memclr4
    usbd.o(.text) refers to uwrite4.o(.text) for __aeabi_uwrite4
    usbd.o(.text) refers to wb_uart.o(.text) for sysprintf
    usbd.o(.text) refers to uread4.o(.text) for __aeabi_uread4
    usbd.o(.text) refers to usbd.o(.bss) for usbdInfo
    usbd.o(.text) refers to usbd.o(.data) for _usb_cmd_pkt
    usbd.o(.text) refers to wb_aic.o(.text) for sysInstallISR
    wb_aic.o(.text) refers to wb_cache.o(.text) for sysGetCacheState
    wb_aic.o(.text) refers to wb_aic.o(.data) for _sys_bIsHWMode
    wb_aic.o(.data) refers to wb_aic.o(.text) for WB_Interrupt_Shell
    wb_cache.o(.text) refers to wb_mmu.o(.text) for sysInitMMUTable
    wb_cache.o(.text) refers to wb_cache.o(.emb_text) for sys_flush_and_clean_dcache
    wb_cache.o(.text) refers to wb_cache.o(.data) for _sys_IsCacheOn
    wb_config.o(.text) refers to aeabi_sdiv.o(.text_udiv) for __aeabi_uidivmod
    wb_config.o(.text) refers to rt_memcpy.o(.text) for __aeabi_memcpy
    wb_config.o(.text) refers to wb_cache.o(.text) for sysGetCacheState
    wb_config.o(.text) refers to wb_uart.o(.text) for sysprintf
    wb_config.o(.text) refers to wb_config.o(.constdata) for .constdata
    wb_config.o(.text) refers to wb_config.o(.data) for bIsCheckConstraint
    wb_config.o(.text) refers to wb_uart.o(.data) for u32UartPort
    wb_config.o(.text) refers to wb_power.o(.bss) for _tmp_buf
    wb_timer.o(.text) refers to wb_aic.o(.text) for sysInstallISR
[...]
    ../clib/signal.s                         0x00000000   Number         0  defsig.o ABSOLUTE
    ../clib/stdlib.c                         0x00000000   Number         0  exit.o ABSOLUTE
    ../clib/string.c                         0x00000000   Number         0  strlen.o ABSOLUTE
    ../clib/unhosted.s                       0x00000000   Number         0  uread4.o ABSOLUTE
    ../clib/unhosted.s                       0x00000000   Number         0  uwrite4.o ABSOLUTE
    ../fplib/fdiv.s                          0x00000000   Number         0  fdiv.o ABSOLUTE
    ../fplib/ffixu.s                         0x00000000   Number         0  ffixu.o ABSOLUTE
    ../fplib/fflt.s                          0x00000000   Number         0  fflt_clz.o ABSOLUTE
    ../fplib/fmul.s                          0x00000000   Number         0  fmul.o ABSOLUTE
    ../fplib/fnaninf.s                       0x00000000   Number         0  fnaninf.o ABSOLUTE
    ../fplib/fpinit.s                        0x00000000   Number         0  fpinit.o ABSOLUTE
    ../fplib/fretinf.s                       0x00000000   Number         0  fretinf.o ABSOLUTE
    ../fplib/usenofp.s                       0x00000000   Number         0  usenofp.o ABSOLUTE
    ..\..\N9H26_VPOST.c                      0x00000000   Number         0  n9h26_vpost.o ABSOLUTE
    ..\..\N9H26_VPOST_Driver.c               0x00000000   Number         0  n9h26_vpost_driver.o ABSOLUTE
    ..\..\N9H26_VPOST_FW050TFT_800x480.c     0x00000000   Number         0  n9h26_vpost_fw050tft_800x480.o ABSOLUTE
    ..\..\USBD\usbd.c                        0x00000000   Number         0  usbd.o ABSOLUTE
    ..\HID.c                                 0x00000000   Number         0  hid.o ABSOLUTE
    ..\SpiRead.c                             0x00000000   Number         0  spiread.o ABSOLUTE
    ..\\wb_cache.c                           0x00000000   Number         0  wb_cache.o ABSOLUTE
    ..\\wb_mmu.c                             0x00000000   Number         0  wb_mmu.o ABSOLUTE
    ..\jpegDec.c                             0x00000000   Number         0  jpegdec.o ABSOLUTE
    ..\jpegcodec.c                           0x00000000   Number         0  jpegcodec.o ABSOLUTE
    ..\main.c                                0x00000000   Number         0  main.o ABSOLUTE
    ..\spi.c                                 0x00000000   Number         0  spi.o ABSOLUTE
    ..\spiflash.c                            0x00000000   Number         0  spiflash.o ABSOLUTE
    ..\standalone.c                          0x00000000   Number         0  standalone.o ABSOLUTE
    ..\wb_aic.c                              0x00000000   Number         0  wb_aic.o ABSOLUTE
    ..\wb_cache.c                            0x00000000   Number         0  wb_cache.o ABSOLUTE
    ..\wb_config.c                           0x00000000   Number         0  wb_config.o ABSOLUTE
    ..\wb_init.s                             0x00000000   Number         0  wb_init.o ABSOLUTE
    ..\wb_mmu.c                              0x00000000   Number         0  wb_mmu.o ABSOLUTE
    ..\wb_power.c                            0x00000000   Number         0  wb_power.o ABSOLUTE
    ..\wb_timer.c                            0x00000000   Number         0  wb_timer.o ABSOLUTE
    ..\wb_uart.c                             0x00000000   Number         0  wb_uart.o ABSOLUTE
    dc.s                                     0x00000000   Number         0  dc.o ABSOLUTE
    Undefined_Handler                        0x00000040   ARM Code       0  wb_init.o(WB_INIT)
    SWI_Handler1                             0x00000044   ARM Code       0  wb_init.o(WB_INIT)
    Prefetch_Handler                         0x00000048   ARM Code       0  wb_init.o(WB_INIT)
    Abort_Handler                            0x0000004c   ARM Code       0  wb_init.o(WB_INIT)
    IRQ_Handler                              0x00000050   ARM Code       0  wb_init.o(WB_INIT)
    FIQ_Handler                              0x00000054   ARM Code       0  wb_init.o(WB_INIT)
    !!!main                                  0x000000ac   Section        8  __main.o(!!!main)
    !!!scatter                               0x000000b4   Section       60  __scatter.o(!!!scatter)
    !!dczerorl2                              0x000000f0   Section       92  __dczerorl2.o(!!dczerorl2)
    _decompress_loop                         0x000000fb   Thumb Code     0  __dczerorl2.o(!!dczerorl2)
    _decompress_zerolen                      0x00000109   Thumb Code     0  __dczerorl2.o(!!dczerorl2)
    _decompress_litn                         0x00000111   Thumb Code     0  __dczerorl2.o(!!dczerorl2)
    _decompress_lit                          0x00000115   Thumb Code     0  __dczerorl2.o(!!dczerorl2)
    _decompress_copyorzero                   0x00000121   Thumb Code     0  __dczerorl2.o(!!dczerorl2)
    _decompress_zero                         0x00000129   Thumb Code     0  __dczerorl2.o(!!dczerorl2)
    _decompress_copyn                        0x00000133   Thumb Code     0  __dczerorl2.o(!!dczerorl2)
    _decompress_copy                         0x0000013b   Thumb Code     0  __dczerorl2.o(!!dczerorl2)
    _decompress_end                          0x00000147   Thumb Code     0  __dczerorl2.o(!!dczerorl2)
    !!handler_copy                           0x0000014c   Section       40  __scatter_copy.o(!!handler_copy)
    !!handler_zi                             0x00000174   Section       44  __scatter_zi.o(!!handler_zi)
    .ARM.Collect$$libinit$$00000000          0x000001a0   Section        2  libinit.o(.ARM.Collect$$libinit$$00000000)
    .ARM.Collect$$libinit$$00000002          0x000001a2   Section        0  libinit2.o(.ARM.Collect$$libinit$$00000002)
    .ARM.Collect$$libinit$$00000003          0x000001a2   Section        8  libinit2.o(.ARM.Collect$$libinit$$00000003)
    .ARM.Collect$$libinit$$00000008          0x000001aa   Section        0  libinit2.o(.ARM.Collect$$libinit$$00000008)
    .ARM.Collect$$libinit$$0000000A          0x000001aa   Section        0  libinit2.o(.ARM.Collect$$libinit$$0000000A)
    .ARM.Collect$$libinit$$0000000C          0x000001aa   Section        0  libinit2.o(.ARM.Collect$$libinit$$0000000C)
    .ARM.Collect$$libinit$$0000000F          0x000001aa   Section        0  libinit2.o(.ARM.Collect$$libinit$$0000000F)
    .ARM.Collect$$libinit$$00000011          0x000001aa   Section        0  libinit2.o(.ARM.Collect$$libinit$$00000011)
    .ARM.Collect$$libinit$$00000013          0x000001aa   Section        0  libinit2.o(.ARM.Collect$$libinit$$00000013)
    .ARM.Collect$$libinit$$00000015          0x000001aa   Section        0  libinit2.o(.ARM.Collect$$libinit$$00000015)
    .ARM.Collect$$libinit$$00000017          0x000001aa   Section        0  libinit2.o(.ARM.Collect$$libinit$$00000017)
    .ARM.Collect$$libinit$$00000019          0x000001aa   Section        0  libinit2.o(.ARM.Collect$$libinit$$00000019)
    .ARM.Collect$$libinit$$0000001B          0x000001aa   Section        0  libinit2.o(.ARM.Collect$$libinit$$0000001B)
    .ARM.Collect$$libinit$$0000001D          0x000001aa   Section        0  libinit2.o(.ARM.Collect$$libinit$$0000001D)
    .ARM.Collect$$libinit$$0000001F          0x000001aa   Section        0  libinit2.o(.ARM.Collect$$libinit$$0000001F)
    .ARM.Collect$$libinit$$00000021          0x000001aa   Section        0  libinit2.o(.ARM.Collect$$libinit$$00000021)
    .ARM.Collect$$libinit$$00000023          0x000001aa   Section        0  libinit2.o(.ARM.Collect$$libinit$$00000023)
    .ARM.Collect$$libinit$$0000002A          0x000001aa   Section        0  libinit2.o(.ARM.Collect$$libinit$$0000002A)
    .ARM.Collect$$libinit$$0000002C          0x000001aa   Section        0  libinit2.o(.ARM.Collect$$libinit$$0000002C)
    .ARM.Collect$$libinit$$0000002E          0x000001aa   Section        0  libinit2.o(.ARM.Collect$$libinit$$0000002E)
    .ARM.Collect$$libinit$$00000030          0x000001aa   Section        0  libinit2.o(.ARM.Collect$$libinit$$00000030)
    .ARM.Collect$$libinit$$00000031          0x000001aa   Section        2  libinit2.o(.ARM.Collect$$libinit$$00000031)
    .ARM.Collect$$libshutdown$$00000000      0x000001ac   Section        2  libshutdown.o(.ARM.Collect$$libshutdown$$00000000)
    .ARM.Collect$$libshutdown$$00000003      0x000001ae   Section        0  libshutdown2.o(.ARM.Collect$$libshutdown$$00000003)
    .ARM.Collect$$libshutdown$$00000006      0x000001ae   Section        0  libshutdown2.o(.ARM.Collect$$libshutdown$$00000006)
    .ARM.Collect$$libshutdown$$00000009      0x000001ae   Section        0  libshutdown2.o(.ARM.Collect$$libshutdown$$00000009)
    .ARM.Collect$$libshutdown$$0000000B      0x000001ae   Section        0  libshutdown2.o(.ARM.Collect$$libshutdown$$0000000B)
    .ARM.Collect$$libshutdown$$0000000E      0x000001ae   Section        0  libshutdown2.o(.ARM.Collect$$libshutdown$$0000000E)
    .ARM.Collect$$libshutdown$$0000000F      0x000001ae   Section        2  libshutdown2.o(.ARM.Collect$$libshutdown$$0000000F)
    .ARM.Collect$$rtentry$$00000000          0x000001b0   Section        0  rtentry.o(.ARM.Collect$$rtentry$$00000000)
    .ARM.Collect$$rtentry$$00000002          0x000001b0   Section        0  rtentry2.o(.ARM.Collect$$rtentry$$00000002)
    .ARM.Collect$$rtentry$$00000004          0x000001b0   Section        8  rtentry4.o(.ARM.Collect$$rtentry$$00000004)
    .ARM.Collect$$rtentry$$00000009          0x000001b8   Section        0  rtentry2.o(.ARM.Collect$$rtentry$$00000009)
    .ARM.Collect$$rtentry$$0000000A          0x000001b8   Section        4  rtentry2.o(.ARM.Collect$$rtentry$$0000000A)
    .ARM.Collect$$rtentry$$0000000C          0x000001bc   Section        0  rtentry2.o(.ARM.Collect$$rtentry$$0000000C)
    .ARM.Collect$$rtentry$$0000000D          0x000001bc   Section       40  rtentry2.o(.ARM.Collect$$rtentry$$0000000D)
    .ARM.Collect$$rtexit$$00000000           0x000001e4   Section        4  rtexit.o(.ARM.Collect$$rtexit$$00000000)
    .ARM.Collect$$rtexit$$00000002           0x000001e8   Section        0  rtexit2.o(.ARM.Collect$$rtexit$$00000002)
    .ARM.Collect$$rtexit$$00000003           0x000001e8   Section        4  rtexit2.o(.ARM.Collect$$rtexit$$00000003)
    .ARM.Collect$$rtexit$$00000004           0x000001ec   Section        8  rtexit2.o(.ARM.Collect$$rtexit$$00000004)
    .emb_text                                0x000001f4   Section       12  wb_cache.o(.emb_text)
    .emb_text                                0x00000200   Section       36  wb_mmu.o(.emb_text)
    .emb_text                                0x00000224   Section        0  maybetermalloc1.o(.emb_text)
    .text                                    0x00000224   Section        0  standalone.o(.text)
    .text                                    0x00000264   Section        0  main.o(.text)
    .text                                    0x00000408   Section        0  jpegdec.o(.text)
    .text                                    0x000005b8   Section        0  hid.o(.text)
    .text                                    0x00001e14   Section        0  spi.o(.text)
    .text                                    0x00003354   Section        0  spiflash.o(.text)
    .text                                    0x00004bfc   Section        0  spiread.o(.text)
    .text                                    0x00004e58   Section        0  n9h26_vpost.o(.text)
    .text                                    0x00004ef4   Section        0  jpegcodec.o(.text)
    .text                                    0x00006ff4   Section        0  usbd.o(.text)
    .text                                    0x00009f74   Section        0  wb_aic.o(.text)
    .text                                    0x0000a764   Section        0  wb_cache.o(.text)
    .text                                    0x0000ab14   Section        0  wb_config.o(.text)
    .text                                    0x0000c7b0   Section        0  wb_timer.o(.text)
    .text                                    0x0000de58   Section        0  wb_uart.o(.text)
    sysSetBaudRate                           0x0000e238   ARM Code      56  wb_uart.o(.text)
    sysPutRepChar                            0x0000e6f4   ARM Code      40  wb_uart.o(.text)
    sysPutStringReverse                      0x0000e71c   ARM Code      40  wb_uart.o(.text)
    sysPutNumber                             0x0000e744   ARM Code     444  wb_uart.o(.text)
    FormatItem                               0x0000e900   ARM Code     540  wb_uart.o(.text)
    .text                                    0x0000edac   Section        0  n9h26_vpost_fw050tft_800x480.o(.text)
    BacklightControl                         0x0000edac   ARM Code      96  n9h26_vpost_fw050tft_800x480.o(.text)
    .text                                    0x0000f014   Section        0  wb_mmu.o(.text)
    .text                                    0x0000f0d4   Section        0  n9h26_vpost_driver.o(.text)
    shift_pointer                            0x0000f1cc   ARM Code      72  n9h26_vpost_driver.o(.text)
    vpostISR                                 0x00010234   ARM Code     288  n9h26_vpost_driver.o(.text)
    .text                                    0x00010790   Section        0  h1_alloc.o(.text)
    .text                                    0x000107f2   Section        0  h1_free.o(.text)
    .text                                    0x00010840   Section        0  strlen.o(.text)
    .text                                    0x00010884   Section      212  rt_memcpy.o(.text)
    .text                                    0x00010958   Section      100  rt_memcpy_w.o(.text)
    .text                                    0x000109bc   Section       64  rt_memclr.o(.text)
    .text                                    0x000109fc   Section       84  rt_memclr_w.o(.text)
    .text                                    0x00010a50   Section       32  uread4.o(.text)
    .text                                    0x00010a70   Section       32  uwrite4.o(.text)
    .text                                    0x00010a90   Section      380  aeabi_sdiv.o(.text)
    __arm_div8                               0x00010abc   ARM Code       0  aeabi_sdiv.o(.text)
    __arm_div5                               0x00010ae0   ARM Code       0  aeabi_sdiv.o(.text)
    __arm_div2                               0x00010b04   ARM Code       0  aeabi_sdiv.o(.text)
    __arm_div_large                          0x00010b40   ARM Code       0  aeabi_sdiv.o(.text)
    .text                                    0x00010c0c   Section       12  rt_heap_descriptor_intlibspace.o(.text)
    .text                                    0x00010c18   Section        0  hguard.o(.text)
    .text                                    0x00010c1c   Section        0  init_alloc.o(.text)
    .text                                    0x00010ca4   Section        0  h1_init.o(.text)
    .text                                    0x00010cb4   Section       12  libspace.o(.text)
    .text                                    0x00010cc0   Section        0  h1_extend.o(.text)
    .text                                    0x00010cf4   Section        0  defsig_rtmem_outer.o(.text)
    .text                                    0x00010d00   Section        0  heapauxa.o(.text)
    .text                                    0x00010d50   Section       96  sys_stackheap_outer.o(.text)
    .text                                    0x00010db0   Section        0  exit.o(.text)
    .text                                    0x00010dbc   Section        0  defsig_exit.o(.text)
    .text                                    0x00010dc8   Section        0  defsig_rtmem_inner.o(.text)
    .text                                    0x00010e18   Section        0  defsig_general.o(.text)
    .text_udiv                               0x00010e4c   Section       36  aeabi_sdiv.o(.text_udiv)
    x$fpl$fdiv                               0x00010e70   Section      400  fdiv.o(x$fpl$fdiv)
    _fdiv1                                   0x00010e70   ARM Code       0  fdiv.o(x$fpl$fdiv)
    x$fpl$ffixu                              0x00011000   Section       84  ffixu.o(x$fpl$ffixu)
    x$fpl$fflt                               0x00011054   Section       48  fflt_clz.o(x$fpl$fflt)
    x$fpl$ffltu                              0x00011084   Section       40  fflt_clz.o(x$fpl$ffltu)
    x$fpl$fmul                               0x000110ac   Section      256  fmul.o(x$fpl$fmul)
    x$fpl$fnaninf                            0x000111ac   Section      160  fnaninf.o(x$fpl$fnaninf)
    x$fpl$fretinf                            0x0001124c   Section       16  fretinf.o(x$fpl$fretinf)
    .constdata                               0x0001125c   Section       32  wb_config.o(.constdata)
    x$fpl$usenofp                            0x0001125c   Section        0  usenofp.o(x$fpl$usenofp)
    .constdata                               0x0001127c   Section       24  n9h26_vpost_fw050tft_800x480.o(.constdata)
    .data                                    0x000112c4   Section      308  hid.o(.data)
    g_u32BytesInPageBuf                      0x000112cc   Data           4  hid.o(.data)
    g_u32BytesInJPEGBuf                      0x000112d0   Data           4  hid.o(.data)
    HID_ConfigurationBlock                   0x00011330   Data          41  hid.o(.data)
    HID_ConfigurationBlock_FS                0x0001135c   Data          41  hid.o(.data)
    HID_StringDescriptor0                    0x00011388   Data           4  hid.o(.data)
    .data                                    0x000113f8   Section       10  spi.o(.data)
    g_pfnSPI0callback                        0x000113f8   Data           4  spi.o(.data)
    g_pfnSPI1callback                        0x000113fc   Data           4  spi.o(.data)
    _spi_init_flag0                          0x00011400   Data           1  spi.o(.data)
    _spi_init_flag1                          0x00011401   Data           1  spi.o(.data)
    .data                                    0x00011402   Section        2  spiflash.o(.data)
    bIsSpiFlashOK                            0x00011402   Data           1  spiflash.o(.data)
    .data                                    0x00011404   Section        8  n9h26_vpost.o(.data)
    .data                                    0x0001140c   Section      268  jpegcodec.o(.data)
    .data                                    0x00011518   Section       36  usbd.o(.data)
    .data                                    0x0001153c   Section      388  wb_aic.o(.data)
    .data                                    0x000116c0   Section        8  wb_cache.o(.data)
    .data                                    0x000116c8   Section       40  wb_config.o(.data)
    g_u32UpllHz                              0x000116c8   Data           4  wb_config.o(.data)
    g_u32ApllHz                              0x000116cc   Data           4  wb_config.o(.data)
    g_u32MpllHz                              0x000116d0   Data           4  wb_config.o(.data)
    g_u32ExtClk                              0x000116d4   Data           4  wb_config.o(.data)
    g_i32REG_APLL                            0x000116e4   Data           4  wb_config.o(.data)
    g_i32REG_UPLL                            0x000116e8   Data           4  wb_config.o(.data)
    g_i32REG_MPLL                            0x000116ec   Data           4  wb_config.o(.data)
    .data                                    0x000116f0   Section      152  wb_timer.o(.data)
    month_seconds                            0x00011734   Data          48  wb_timer.o(.data)
    .data                                    0x00011788   Section       36  wb_uart.o(.data)
    bIsResetFIFO                             0x0001179c   Data           1  wb_uart.o(.data)
    .data                                    0x000117ac   Section        1  wb_mmu.o(.data)
    _IsInitMMUTable                          0x000117ac   Data           1  wb_mmu.o(.data)
    .data                                    0x000117b0   Section        4  n9h26_vpost_driver.o(.data)
    .data                                    0x000117b4   Section        4  heapauxa.o(.data)
    __rt_heap_escrow_base                    0x000117b4   Data           4  heapauxa.o(.data)
    .bss                                     0x000117c0   Section    768020  main.o(.bss)
    .bss                                     0x000ccfe0   Section    1060148  hid.o(.bss)
    gu8PageBuff                              0x000cf6f0   Data         512  hid.o(.bss)
    gu8JPEGBuff                              0x000cf8f0   Data       1048576  hid.o(.bss)
    gTemp                                    0x001cfb14   Data         512  hid.o(.bss)
    .bss                                     0x001cfd14   Section       36  jpegcodec.o(.bss)
    jpegInfo                                 0x001cfd14   Data          36  jpegcodec.o(.bss)
    .bss                                     0x001cfd38   Section      364  usbd.o(.bss)
    .bss                                     0x001cfea4   Section      640  wb_timer.o(.bss)
    .bss                                     0x001d0124   Section      372  wb_uart.o(.bss)
    .bss                                     0x001d4000   Section    16384  wb_mmu.o(.bss)
    .bss                                     0x001d8000   Section     8192  wb_power.o(.bss)
    .bss                                     0x001da000   Section       16  n9h26_vpost_driver.o(.bss)
    .bss                                     0x001da010   Section       96  libspace.o(.bss)

    Global Symbols

    Symbol Name                              Value     Ov Type        Size  Object(Section)

    BuildAttributes$$THM_ISAv2$ARM_ISAv5$E$P$J$S$PE$A:L22$X:L11$S22$IEEE1$IW$USESV6$~STKCKD$USESV7$~SHL$OTIME$ROPI$EBA8$UX$STANDARDLIB$REQ8$EABIv2 0x00000000   Number         0  anon$$obj.o ABSOLUTE
    Vector_Table                             0x00000000   ARM Code       0  wb_init.o(WB_INIT)
    __ARM_use_no_argv                        0x00000000   Number         0  main.o ABSOLUTE
    __ARM_exceptions_init                     - Undefined Weak Reference
    __alloca_initialize                       - Undefined Weak Reference
    __cpp_initialize__aeabi_                  - Undefined Weak Reference
    __cxa_finalize                            - Undefined Weak Reference
    __rt_locale                               - Undefined Weak Reference
    __sigvec_lookup                           - Undefined Weak Reference
    __user_heap_extent                        - Undefined Weak Reference
    _atexit_init                              - Undefined Weak Reference
    _call_atexit_fns                          - Undefined Weak Reference
    _clock_init                               - Undefined Weak Reference
    _fp_trap_init                             - Undefined Weak Reference
    _fp_trap_shutdown                         - Undefined Weak Reference
    _get_lc_collate                           - Undefined Weak Reference
    _get_lc_ctype                             - Undefined Weak Reference
    _get_lc_monetary                          - Undefined Weak Reference
    _get_lc_numeric                           - Undefined Weak Reference
    _get_lc_time                              - Undefined Weak Reference
    _getenv_init                              - Undefined Weak Reference
    _handle_redirection                       - Undefined Weak Reference
    _initio                                   - Undefined Weak Reference
    _mutex_acquire                            - Undefined Weak Reference
    _mutex_free                               - Undefined Weak Reference
    _mutex_release                            - Undefined Weak Reference
    _rand_init                                - Undefined Weak Reference
    _signal_finish                            - Undefined Weak Reference
    _signal_init                              - Undefined Weak Reference
    _terminateio                              - Undefined Weak Reference
    Reset_Go                                 0x00000058   ARM Code       0  wb_init.o(WB_INIT)
    __main                                   0x000000ac   ARM Code       8  __main.o(!!!main)
    __scatterload                            0x000000b4   ARM Code       0  __scatter.o(!!!scatter)
    __scatterload_rt2                        0x000000b4   ARM Code      52  __scatter.o(!!!scatter)
    __scatterload_null                       0x000000c8   ARM Code       0  __scatter.o(!!!scatter)
    __decompress                             0x000000f0   ARM Code      92  __dczerorl2.o(!!dczerorl2)
    __decompress1                            0x000000f0   ARM Code       0  __dczerorl2.o(!!dczerorl2)
    __scatterload_copy                       0x0000014c   ARM Code      40  __scatter_copy.o(!!handler_copy)
    __scatterload_zeroinit                   0x00000174   ARM Code      44  __scatter_zi.o(!!handler_zi)
    __rt_lib_init                            0x000001a1   Thumb Code     0  libinit.o(.ARM.Collect$$libinit$$00000000)
    __rt_lib_init_fp_1                       0x000001a3   Thumb Code     0  libinit2.o(.ARM.Collect$$libinit$$00000002)
    __rt_lib_init_heap_2                     0x000001a3   Thumb Code     0  libinit2.o(.ARM.Collect$$libinit$$00000003)
    __rt_lib_init_alloca_1                   0x000001ab   Thumb Code     0  libinit2.o(.ARM.Collect$$libinit$$0000002C)
    __rt_lib_init_argv_1                     0x000001ab   Thumb Code     0  libinit2.o(.ARM.Collect$$libinit$$0000002A)
    __rt_lib_init_atexit_1                   0x000001ab   Thumb Code     0  libinit2.o(.ARM.Collect$$libinit$$00000019)
    __rt_lib_init_clock_1                    0x000001ab   Thumb Code     0  libinit2.o(.ARM.Collect$$libinit$$0000001F)
    __rt_lib_init_cpp_1                      0x000001ab   Thumb Code     0  libinit2.o(.ARM.Collect$$libinit$$00000030)
    __rt_lib_init_exceptions_1               0x000001ab   Thumb Code     0  libinit2.o(.ARM.Collect$$libinit$$0000002E)
    __rt_lib_init_fp_trap_1                  0x000001ab   Thumb Code     0  libinit2.o(.ARM.Collect$$libinit$$0000001D)
    __rt_lib_init_getenv_1                   0x000001ab   Thumb Code     0  libinit2.o(.ARM.Collect$$libinit$$00000021)
    __rt_lib_init_heap_1                     0x000001ab   Thumb Code     0  libinit2.o(.ARM.Collect$$libinit$$00000008)
    __rt_lib_init_lc_collate_1               0x000001ab   Thumb Code     0  libinit2.o(.ARM.Collect$$libinit$$0000000F)
    __rt_lib_init_lc_ctype_1                 0x000001ab   Thumb Code     0  libinit2.o(.ARM.Collect$$libinit$$00000011)
    __rt_lib_init_lc_monetary_1              0x000001ab   Thumb Code     0  libinit2.o(.ARM.Collect$$libinit$$00000013)
    __rt_lib_init_lc_numeric_1               0x000001ab   Thumb Code     0  libinit2.o(.ARM.Collect$$libinit$$00000015)
    __rt_lib_init_lc_time_1                  0x000001ab   Thumb Code     0  libinit2.o(.ARM.Collect$$libinit$$00000017)
    __rt_lib_init_rand_1                     0x000001ab   Thumb Code     0  libinit2.o(.ARM.Collect$$libinit$$0000000C)
    __rt_lib_init_return                     0x000001ab   Thumb Code     0  libinit2.o(.ARM.Collect$$libinit$$00000031)
    __rt_lib_init_signal_1                   0x000001ab   Thumb Code     0  libinit2.o(.ARM.Collect$$libinit$$0000001B)
    __rt_lib_init_stdio_1                    0x000001ab   Thumb Code     0  libinit2.o(.ARM.Collect$$libinit$$00000023)
    __rt_lib_init_user_alloc_1               0x000001ab   Thumb Code     0  libinit2.o(.ARM.Collect$$libinit$$0000000A)
    __rt_lib_shutdown                        0x000001ad   Thumb Code     0  libshutdown.o(.ARM.Collect$$libshutdown$$00000000)
    __rt_lib_shutdown_fp_trap_1              0x000001af   Thumb Code     0  libshutdown2.o(.ARM.Collect$$libshutdown$$00000006)
    __rt_lib_shutdown_heap_1                 0x000001af   Thumb Code     0  libshutdown2.o(.ARM.Collect$$libshutdown$$0000000E)
    __rt_lib_shutdown_return                 0x000001af   Thumb Code     0  libshutdown2.o(.ARM.Collect$$libshutdown$$0000000F)
    __rt_lib_shutdown_signal_1               0x000001af   Thumb Code     0  libshutdown2.o(.ARM.Collect$$libshutdown$$00000009)
    __rt_lib_shutdown_stdio_1                0x000001af   Thumb Code     0  libshutdown2.o(.ARM.Collect$$libshutdown$$00000003)
    __rt_lib_shutdown_user_alloc_1           0x000001af   Thumb Code     0  libshutdown2.o(.ARM.Collect$$libshutdown$$0000000B)
    __rt_entry                               0x000001b0   ARM Code       0  rtentry.o(.ARM.Collect$$rtentry$$00000000)
    __rt_entry_presh_1                       0x000001b0   ARM Code       0  rtentry2.o(.ARM.Collect$$rtentry$$00000002)
    __rt_entry_sh                            0x000001b0   ARM Code       0  rtentry4.o(.ARM.Collect$$rtentry$$00000004)
    __rt_entry_li                            0x000001b8   ARM Code       0  rtentry2.o(.ARM.Collect$$rtentry$$0000000A)
    __rt_entry_postsh_1                      0x000001b8   ARM Code       0  rtentry2.o(.ARM.Collect$$rtentry$$00000009)
    __rt_entry_main                          0x000001bc   ARM Code       0  rtentry2.o(.ARM.Collect$$rtentry$$0000000D)
    __rt_entry_postli_1                      0x000001bc   ARM Code       0  rtentry2.o(.ARM.Collect$$rtentry$$0000000C)
    __rt_exit                                0x000001e4   ARM Code       0  rtexit.o(.ARM.Collect$$rtexit$$00000000)
    __rt_exit_ls                             0x000001e8   ARM Code       0  rtexit2.o(.ARM.Collect$$rtexit$$00000003)
    __rt_exit_prels_1                        0x000001e8   ARM Code       0  rtexit2.o(.ARM.Collect$$rtexit$$00000002)
    __rt_exit_exit                           0x000001ec   ARM Code       0  rtexit2.o(.ARM.Collect$$rtexit$$00000004)
    sys_flush_and_clean_dcache               0x000001f4   ARM Code      12  wb_cache.o(.emb_text)
    sysSetupCP15                             0x00000200   ARM Code      36  wb_mmu.o(.emb_text)
    _maybe_terminate_alloc                   0x00000225   Thumb Code     0  maybetermalloc1.o(.emb_text)
    _sys_exit                                0x00000224   ARM Code       8  standalone.o(.text)
    _ttywrch                                 0x0000022c   ARM Code       8  standalone.o(.text)
    __user_initial_stackheap                 0x00000234   ARM Code      44  standalone.o(.text)
    delay                                    0x00000264   ARM Code      56  main.o(.text)
    main                                     0x0000029c   ARM Code     304  main.o(.text)
    JpegDecHeaderComplete                    0x00000408   ARM Code     336  jpegdec.o(.text)
    JpegDec                                  0x00000558   ARM Code      88  jpegdec.o(.text)
    hidHighSpeedInit                         0x000005b8   ARM Code     212  hid.o(.text)
    hidFullSpeedInit                         0x0000068c   ARM Code     216  hid.o(.text)
    hidClassOUT                              0x00000764   ARM Code      68  hid.o(.text)
    GetVerInfo                               0x000007a8   ARM Code     860  hid.o(.text)
    GetInfo                                  0x00000b04   ARM Code      76  hid.o(.text)
    SetInfo                                  0x00000b50   ARM Code      80  hid.o(.text)
    HID_CmdEraseBlocks                       0x00000ba0   ARM Code      52  hid.o(.text)
    HID_CmdReadPages                         0x00000bd4   ARM Code     476  hid.o(.text)
    HID_CmdGetStatus                         0x00000db0   ARM Code     180  hid.o(.text)
    HID_CmdGetStartBlock                     0x00000e64   ARM Code     180  hid.o(.text)
    HID_CmdGetVersion                        0x00000f18   ARM Code     180  hid.o(.text)
    HID_CmdGetParameter                      0x00000fcc   ARM Code     208  hid.o(.text)
    HID_CmdWritePages                        0x0000109c   ARM Code      76  hid.o(.text)
    HID_CmdImageWrite                        0x000010e8   ARM Code      60  hid.o(.text)
    HID_CmdTest                              0x00001124   ARM Code     124  hid.o(.text)
    CalCheckSum                              0x000011a0   ARM Code      52  hid.o(.text)
    ProcessCommand                           0x000011d4   ARM Code     864  hid.o(.text)
    HID_GetOutReport                         0x00001534   ARM Code    1064  hid.o(.text)
    HID_SetInReport                          0x0000195c   ARM Code     520  hid.o(.text)
    EPA_Handler                              0x00001b64   ARM Code      20  hid.o(.text)
    EPB_Handler                              0x00001b78   ARM Code      20  hid.o(.text)
    Reset_Handler                            0x00001b8c   ARM Code       4  hid.o(.text)
    hidInit                                  0x00001b90   ARM Code     444  hid.o(.text)
    HIDStart                                 0x00001d4c   ARM Code      32  hid.o(.text)
    spiActive                                0x00001e14   ARM Code     104  spi.o(.text)
    spiSetGo                                 0x00001e7c   ARM Code      60  spi.o(.text)
    spiIsBusy                                0x00001eb8   ARM Code      40  spi.o(.text)
    spiTxLen                                 0x00001ee0   ARM Code     152  spi.o(.text)
    spiSetClock                              0x00001f78   ARM Code      80  spi.o(.text)
    spiSetByteEndin                          0x00001fc8   ARM Code     120  spi.o(.text)
    spiEnableInt                             0x00002040   ARM Code      56  spi.o(.text)
    spiDisableInt                            0x00002078   ARM Code      56  spi.o(.text)
    spi0IRQHandler                           0x000020b0   ARM Code      56  spi.o(.text)
    spi1IRQHandler                           0x000020e8   ARM Code      56  spi.o(.text)
    spiInstallCallBack                       0x00002120   ARM Code     140  spi.o(.text)
    spiOpen                                  0x000021ac   ARM Code    1296  spi.o(.text)
    spiClose                                 0x000026bc   ARM Code     280  spi.o(.text)
    spiIoctl                                 0x000027d4   ARM Code      56  spi.o(.text)
    spiEnable                                0x0000280c   ARM Code      64  spi.o(.text)
    spiDisable                               0x0000284c   ARM Code      64  spi.o(.text)
    spiRead                                  0x0000288c   ARM Code     440  spi.o(.text)
    spiWrite                                 0x00002a44   ARM Code     316  spi.o(.text)
    spiSSEnable                              0x00002b80   ARM Code     244  spi.o(.text)
    spiSSDisable                             0x00002c74   ARM Code      52  spi.o(.text)
    spiTransfer                              0x00002ca8   ARM Code    1680  spi.o(.text)
    spiRtosInit                              0x00003338   ARM Code      12  spi.o(.text)
    usiCheckBusy                             0x00003354   ARM Code     160  spiflash.o(.text)
    usiReadID                                0x000033f4   ARM Code     184  spiflash.o(.text)
    usiWriteEnable                           0x000034ac   ARM Code      84  spiflash.o(.text)
    usiWriteDisable                          0x00003500   ARM Code      84  spiflash.o(.text)
    usiStatusWrite                           0x00003554   ARM Code     124  spiflash.o(.text)
    usiStatusWrite1                          0x000035d0   ARM Code     164  spiflash.o(.text)
    usiStatusWrite2                          0x00003674   ARM Code     128  spiflash.o(.text)
    usiStatusRead                            0x000036f4   ARM Code     144  spiflash.o(.text)
    usiEONQPIEnable                          0x00003784   ARM Code      84  spiflash.o(.text)
    spiFlashInit                             0x000037d8   ARM Code     320  spiflash.o(.text)
    spiFlashReset                            0x00003918   ARM Code     172  spiflash.o(.text)
    spiFlashEraseSector                      0x000039c4   ARM Code     332  spiflash.o(.text)
    spiFlashEraseBlock                       0x00003b10   ARM Code     256  spiflash.o(.text)
    spiFlashEraseAll                         0x00003c10   ARM Code      92  spiflash.o(.text)
    spiFlashWrite                            0x00003c6c   ARM Code     552  spiflash.o(.text)
    spiFlashRead                             0x00003e94   ARM Code     396  spiflash.o(.text)
    spiFlashQuadWrite                        0x00004020   ARM Code     732  spiflash.o(.text)
    spiFlashFastReadQuad                     0x000042fc   ARM Code     480  spiflash.o(.text)
    spiEONFlashQuadWrite                     0x000044dc   ARM Code     752  spiflash.o(.text)
    spiEONFlashFastReadQuad                  0x000047cc   ARM Code     544  spiflash.o(.text)
    spiFlashEnter4ByteMode                   0x000049ec   ARM Code      96  spiflash.o(.text)
    spiFlashExit4ByteMode                    0x00004a4c   ARM Code      92  spiflash.o(.text)
    usiCheckBusyNb                           0x00004aa8   ARM Code     136  spiflash.o(.text)
    spiFlashEraseBlockNb                     0x00004b30   ARM Code     196  spiflash.o(.text)
    EDMAMasterRead                           0x00004bfc   ARM Code     152  spiread.o(.text)
    SPIReadFast                              0x00004c94   ARM Code     336  spiread.o(.text)
    SPI_OpenSPI                              0x00004de4   ARM Code      64  spiread.o(.text)
    SPI_CloseSPI                             0x00004e24   ARM Code      44  spiread.o(.text)
    vpostLCMInit                             0x00004e58   ARM Code      28  n9h26_vpost.o(.text)
    vpostLCMDeinit                           0x00004e74   ARM Code      12  n9h26_vpost.o(.text)
    vpostGetFrameBuffer                      0x00004e80   ARM Code      12  n9h26_vpost.o(.text)
    vpostSetFrameBuffer                      0x00004e8c   ARM Code      36  n9h26_vpost.o(.text)
    LCDDelay                                 0x00004eb0   ARM Code      60  n9h26_vpost.o(.text)
    jpegInit                                 0x00004ef4   ARM Code     224  jpegcodec.o(.text)
    jpegGetDimension                         0x00004fd4   ARM Code      40  jpegcodec.o(.text)
    jpegSetDimension                         0x00004ffc   ARM Code      28  jpegcodec.o(.text)
    jpegSetScalingFactor                     0x00005018   ARM Code     304  jpegcodec.o(.text)
    jpegCalScalingFactor                     0x00005148   ARM Code     672  jpegcodec.o(.text)
    jpegGetDecodedDimension                  0x000053e8   ARM Code      32  jpegcodec.o(.text)
    jpegISR                                  0x00005408   ARM Code    2380  jpegcodec.o(.text)
    jpegWait                                 0x00005d54   ARM Code      64  jpegcodec.o(.text)
    jpegIsReady                              0x00005d94   ARM Code      32  jpegcodec.o(.text)
    jpegGetInfo                              0x00005db4   ARM Code      28  jpegcodec.o(.text)
    jpegPower                                0x00005dd0   ARM Code      56  jpegcodec.o(.text)
    jpegOpen                                 0x00005e08   ARM Code     224  jpegcodec.o(.text)
    jpegSetEncodeMode                        0x00005ee8   ARM Code     392  jpegcodec.o(.text)
    jpegSetDecodeMode                        0x00006070   ARM Code     324  jpegcodec.o(.text)
    jpegDecodeTrigger                        0x000061b4   ARM Code     240  jpegcodec.o(.text)
    jpegEncodeTrigger                        0x000062a4   ARM Code     876  jpegcodec.o(.text)
    jpegGetScalingFactor                     0x00006610   ARM Code      88  jpegcodec.o(.text)
    jpegSetWindowDecode                      0x00006668   ARM Code      80  jpegcodec.o(.text)
    jpegAdjustQTAB                           0x000066b8   ARM Code      76  jpegcodec.o(.text)
    jpegSetQTAB                              0x00006704   ARM Code     472  jpegcodec.o(.text)
    jpegIoctl                                0x000068dc   ARM Code    1668  jpegcodec.o(.text)
    jpegClose                                0x00006f60   ARM Code      56  jpegcodec.o(.text)
    jpegPollInt                              0x00006f98   ARM Code      44  jpegcodec.o(.text)
    usbdClearAllFlags                        0x00006ff4   ARM Code      64  usbd.o(.text)
    udcOpen                                  0x00007034   ARM Code     252  usbd.o(.text)
    usbd_update_device                       0x00007130   ARM Code    1348  usbd.o(.text)
    usbd_send_descriptor                     0x00007674   ARM Code    1396  usbd.o(.text)
    usbd_control_packet                      0x00007be8   ARM Code    5048  usbd.o(.text)
    usbd_isr                                 0x00008fa0   ARM Code    3564  usbd.o(.text)
    udcInit                                  0x00009d8c   ARM Code     340  usbd.o(.text)
    udcDeinit                                0x00009ee0   ARM Code      36  usbd.o(.text)
    udcClose                                 0x00009f04   ARM Code      24  usbd.o(.text)
    udcIsAttached                            0x00009f1c   ARM Code      16  usbd.o(.text)
    udcIsAttachedToHost                      0x00009f2c   ARM Code      12  usbd.o(.text)
    udcSetSupendCallBack                     0x00009f38   ARM Code      12  usbd.o(.text)
    udcSetResumeCallBack                     0x00009f44   ARM Code      12  usbd.o(.text)
    sysIrqHandler                            0x00009f74   ARM Code     308  wb_aic.o(.text)
    sysFiqHandler                            0x0000a0a8   ARM Code     308  wb_aic.o(.text)
    WB_Interrupt_Shell                       0x0000a1dc   ARM Code       4  wb_aic.o(.text)
    sysInitializeAIC                         0x0000a1e0   ARM Code      60  wb_aic.o(.text)
    sysDisableInterrupt                      0x0000a21c   ARM Code      84  wb_aic.o(.text)
    sysEnableInterrupt                       0x0000a270   ARM Code      84  wb_aic.o(.text)
    sysInstallExceptionHandler               0x0000a2c4   ARM Code     136  wb_aic.o(.text)
    sysInstallFiqHandler                     0x0000a34c   ARM Code      20  wb_aic.o(.text)
    sysInstallIrqHandler                     0x0000a360   ARM Code      20  wb_aic.o(.text)
    sysInstallISR                            0x0000a374   ARM Code     328  wb_aic.o(.text)
    sysSetGlobalInterrupt                    0x0000a4bc   ARM Code     100  wb_aic.o(.text)
    sysSetInterruptPriorityLevel             0x0000a520   ARM Code     196  wb_aic.o(.text)
    sysSetInterruptType                      0x0000a5e4   ARM Code     152  wb_aic.o(.text)
    sysSetLocalInterrupt                     0x0000a67c   ARM Code     140  wb_aic.o(.text)
    sysSetAIC2SWMode                         0x0000a708   ARM Code      16  wb_aic.o(.text)
    sysGetInterruptEnableStatus              0x0000a718   ARM Code      12  wb_aic.o(.text)
    sysGetInterruptHighEnableStatus          0x0000a724   ARM Code      12  wb_aic.o(.text)
    sysGetIBitState                          0x0000a730   ARM Code      28  wb_aic.o(.text)
    sysGetSdramSizebyMB                      0x0000a764   ARM Code     408  wb_cache.o(.text)
    sysEnableCache                           0x0000a8fc   ARM Code      44  wb_cache.o(.text)
    sysDisableCache                          0x0000a928   ARM Code      88  wb_cache.o(.text)
    sysFlushCache                            0x0000a980   ARM Code     112  wb_cache.o(.text)
    sysInvalidCache                          0x0000a9f0   ARM Code      12  wb_cache.o(.text)
    sysGetCacheState                         0x0000a9fc   ARM Code      12  wb_cache.o(.text)
    sysGetCacheMode                          0x0000aa08   ARM Code      12  wb_cache.o(.text)
    _sysLockCode                             0x0000aa14   ARM Code     200  wb_cache.o(.text)
    _sysUnLockCode                           0x0000aadc   ARM Code      40  wb_cache.o(.text)
    sysGetPLLOutputHz                        0x0000ab14   ARM Code     164  wb_config.o(.text)
    sysCheckPllConstraint                    0x0000abb8   ARM Code      12  wb_config.o(.text)
    _sysGetPLLControlRegister                0x0000abc4   ARM Code     292  wb_config.o(.text)
    sysSetPLLControlRegister                 0x0000ace8   ARM Code      40  wb_config.o(.text)
    _sysClockSwitch                          0x0000ad10   ARM Code     344  wb_config.o(.text)
    _sysClockSwitchStart                     0x0000ae68   ARM Code     180  wb_config.o(.text)
    sysGetExternalClock                      0x0000af1c   ARM Code      24  wb_config.o(.text)
    sysGetDramClock                          0x0000af34   ARM Code      88  wb_config.o(.text)
    sysGetSystemClock                        0x0000af8c   ARM Code     200  wb_config.o(.text)
    sysGetCPUClock                           0x0000b054   ARM Code      48  wb_config.o(.text)
    sysSetSystemClock                        0x0000b084   ARM Code    1236  wb_config.o(.text)
    sysSetCPUClock                           0x0000b558   ARM Code     144  wb_config.o(.text)
    sysGetHCLK1Clock                         0x0000b5e8   ARM Code      48  wb_config.o(.text)
    sysSetAPBClock                           0x0000b618   ARM Code     168  wb_config.o(.text)
    sysGetHCLK234Clock                       0x0000b6c0   ARM Code      44  wb_config.o(.text)
    sysGetAPBClock                           0x0000b6ec   ARM Code      44  wb_config.o(.text)
    sysSetPllClock                           0x0000b718   ARM Code     400  wb_config.o(.text)
    _dramClockSwitch                         0x0000b8a8   ARM Code    2916  wb_config.o(.text)
    _dramClockSwitchStart                    0x0000c40c   ARM Code     368  wb_config.o(.text)
    sysSetDramClock                          0x0000c57c   ARM Code     564  wb_config.o(.text)
    sysTimerISR                              0x0000c7b0   ARM Code    1016  wb_timer.o(.text)
    sysGetTicks                              0x0000cba8   ARM Code     124  wb_timer.o(.text)
    sysResetTicks                            0x0000cc24   ARM Code     140  wb_timer.o(.text)
    sysUpdateTickCount                       0x0000ccb0   ARM Code     124  wb_timer.o(.text)
    sysSetTimerReferenceClock                0x0000cd2c   ARM Code     124  wb_timer.o(.text)
    sysStartTimer                            0x0000cda8   ARM Code    1120  wb_timer.o(.text)
    sysStopTimer                             0x0000d208   ARM Code     700  wb_timer.o(.text)
    sysClearWatchDogTimerCount               0x0000d4c4   ARM Code      36  wb_timer.o(.text)
    sysClearWatchDogTimerInterruptStatus     0x0000d4e8   ARM Code      36  wb_timer.o(.text)
    sysDisableWatchDogTimer                  0x0000d50c   ARM Code      36  wb_timer.o(.text)
    sysDisableWatchDogTimerReset             0x0000d530   ARM Code      36  wb_timer.o(.text)
    sysEnableWatchDogTimer                   0x0000d554   ARM Code      36  wb_timer.o(.text)
    sysEnableWatchDogTimerReset              0x0000d578   ARM Code      36  wb_timer.o(.text)
    sysInstallWatchDogTimerISR               0x0000d59c   ARM Code      92  wb_timer.o(.text)
    sysSetWatchDogTimerInterval              0x0000d5f8   ARM Code      60  wb_timer.o(.text)
    sysSetTimerEvent                         0x0000d634   ARM Code     852  wb_timer.o(.text)
    sysClearTimerEvent                       0x0000d988   ARM Code     340  wb_timer.o(.text)
    sysDOS_Time_To_UTC                       0x0000dadc   ARM Code     300  wb_timer.o(.text)
    sysUTC_To_DOS_Time                       0x0000dc08   ARM Code     320  wb_timer.o(.text)
    sysSetLocalTime                          0x0000dd48   ARM Code      64  wb_timer.o(.text)
    sysGetCurrentTime                        0x0000dd88   ARM Code      68  wb_timer.o(.text)
    sysDelay                                 0x0000ddcc   ARM Code      96  wb_timer.o(.text)
    sysUartPort                              0x0000de58   ARM Code     160  wb_uart.o(.text)
    sysUartInstallcallback                   0x0000def8   ARM Code      76  wb_uart.o(.text)
    sysUartISR                               0x0000df44   ARM Code     756  wb_uart.o(.text)
    sysUartEnableInt                         0x0000e270   ARM Code     148  wb_uart.o(.text)
    sysInitializeUART                        0x0000e304   ARM Code     528  wb_uart.o(.text)
    _PutChar_f                               0x0000e514   ARM Code     440  wb_uart.o(.text)
    sysPutString                             0x0000e6cc   ARM Code      40  wb_uart.o(.text)
    sysPrintf                                0x0000eb1c   ARM Code     204  wb_uart.o(.text)
    sysprintf                                0x0000ebe8   ARM Code     284  wb_uart.o(.text)
    sysGetChar                               0x0000ed04   ARM Code      52  wb_uart.o(.text)
    sysPutChar                               0x0000ed38   ARM Code      48  wb_uart.o(.text)
    sysUartTransfer                          0x0000ed68   ARM Code      68  wb_uart.o(.text)
    vpostLCMInit_FW050TFT_800x480            0x0000ee0c   ARM Code     448  n9h26_vpost_fw050tft_800x480.o(.text)
    vpostLCMDeinit_FW050TFT_800x480          0x0000efcc   ARM Code      40  n9h26_vpost_fw050tft_800x480.o(.text)
    vpostEnaBacklight                        0x0000eff4   ARM Code       4  n9h26_vpost_fw050tft_800x480.o(.text)
    sysSetMMUMappingMethod                   0x0000f014   ARM Code       8  wb_mmu.o(.text)
    sysInitMMUTable                          0x0000f01c   ARM Code     168  wb_mmu.o(.text)
    vpostVAStartTrigger                      0x0000f0d4   ARM Code      24  n9h26_vpost_driver.o(.text)
    vpostVAStopTrigger                       0x0000f0ec   ARM Code      24  n9h26_vpost_driver.o(.text)
    vpostVAStartTrigger_MPUContinue          0x0000f104   ARM Code      88  n9h26_vpost_driver.o(.text)
    vpostVAStartTrigger_MPUSingle            0x0000f15c   ARM Code      88  n9h26_vpost_driver.o(.text)
    vpostVAStopTriggerMPU                    0x0000f1b4   ARM Code      24  n9h26_vpost_driver.o(.text)
    vpostClearVABuffer                       0x0000f214   ARM Code      60  n9h26_vpost_driver.o(.text)
    vpostAllocVABuffer                       0x0000f250   ARM Code     144  n9h26_vpost_driver.o(.text)
    vpostAllocVABufferFromAP                 0x0000f2e0   ARM Code      44  n9h26_vpost_driver.o(.text)
    vpostFreeVABuffer                        0x0000f30c   ARM Code      60  n9h26_vpost_driver.o(.text)
    vpostSetLCDEnable                        0x0000f348   ARM Code      72  n9h26_vpost_driver.o(.text)
    vpostSetLCDConfig                        0x0000f390   ARM Code      68  n9h26_vpost_driver.o(.text)
    vpostsetLCM_TimingType                   0x0000f3d4   ARM Code      56  n9h26_vpost_driver.o(.text)
    vpostSetLCM_TypeSelect                   0x0000f40c   ARM Code      32  n9h26_vpost_driver.o(.text)
    vpostSetSerialSyncLCM_Interface          0x0000f42c   ARM Code      32  n9h26_vpost_driver.o(.text)
    vpostSetSerialSyncLCM_ColorOrder         0x0000f44c   ARM Code      56  n9h26_vpost_driver.o(.text)
    vpostSetSerialSyncLCM_CCIR656ModeSelect  0x0000f484   ARM Code      32  n9h26_vpost_driver.o(.text)
    vpostSetParalelSyncLCM_Interface         0x0000f4a4   ARM Code      32  n9h26_vpost_driver.o(.text)
    vpostSetFrameBuffer_DataType             0x0000f4c4   ARM Code      32  n9h26_vpost_driver.o(.text)
    vpostSetFrameBuffer_Size                 0x0000f4e4   ARM Code      56  n9h26_vpost_driver.o(.text)
    vpostSetScalingOutput_Size               0x0000f51c   ARM Code      56  n9h26_vpost_driver.o(.text)
    vpostSetFrameBuffer_BaseAddress          0x0000f554   ARM Code      16  n9h26_vpost_driver.o(.text)
    vpostSetYUVEndianSelect                  0x0000f564   ARM Code      32  n9h26_vpost_driver.o(.text)
    vpostSetDataBusPin                       0x0000f584   ARM Code     484  n9h26_vpost_driver.o(.text)
    vpostSetDataBusPin_noDE                  0x0000f768   ARM Code     424  n9h26_vpost_driver.o(.text)
    vpostSetDataBusPin_onlyDE                0x0000f910   ARM Code     424  n9h26_vpost_driver.o(.text)
    vpostSetSyncLCM_HTiming                  0x0000fab8   ARM Code      56  n9h26_vpost_driver.o(.text)
    vpostSetSyncLCM_VTiming                  0x0000faf0   ARM Code      48  n9h26_vpost_driver.o(.text)
    vpostSetSyncLCM_ImageWindow              0x0000fb20   ARM Code      88  n9h26_vpost_driver.o(.text)
    vpostSetSyncLCM_SignalPolarity           0x0000fb78   ARM Code     152  n9h26_vpost_driver.o(.text)
    vpostSetInterlaceMode                    0x0000fc10   ARM Code      28  n9h26_vpost_driver.o(.text)
    vpostSetTVEnableConfig                   0x0000fc2c   ARM Code     792  n9h26_vpost_driver.o(.text)
    vpostSetTVSize                           0x0000ff44   ARM Code      28  n9h26_vpost_driver.o(.text)
    vpostSetLCM_ImageSource                  0x0000ff60   ARM Code      28  n9h26_vpost_driver.o(.text)
    vpostMPULCDWriteAddr16Bit                0x0000ff7c   ARM Code     192  n9h26_vpost_driver.o(.text)
    vpostMPULCDWriteData16Bit                0x0001003c   ARM Code     192  n9h26_vpost_driver.o(.text)
    vpostMPULCDReadData16Bit                 0x000100fc   ARM Code     184  n9h26_vpost_driver.o(.text)
    vpostEnableInt                           0x000101b4   ARM Code      32  n9h26_vpost_driver.o(.text)
    vpostDisableInt                          0x000101d4   ARM Code      36  n9h26_vpost_driver.o(.text)
    vpostClearInt                            0x000101f8   ARM Code      24  n9h26_vpost_driver.o(.text)
    vpostIsIntEnabled                        0x00010210   ARM Code      36  n9h26_vpost_driver.o(.text)
    vpostInstallCallBack                     0x00010354   ARM Code     204  n9h26_vpost_driver.o(.text)
    vpostSetMPULCM_ImageWindow               0x00010420   ARM Code      92  n9h26_vpost_driver.o(.text)
    vpostSetMPULCM_TimingConfig              0x0001047c   ARM Code      44  n9h26_vpost_driver.o(.text)
    vpostSetMPULCM_BusModeSelect             0x000104a8   ARM Code      28  n9h26_vpost_driver.o(.text)
    vpostSetOSD_Enable                       0x000104c4   ARM Code      24  n9h26_vpost_driver.o(.text)
    vpostSetOSD_Disable                      0x000104dc   ARM Code      24  n9h26_vpost_driver.o(.text)
    vpostSetOSD_Size                         0x000104f4   ARM Code      60  n9h26_vpost_driver.o(.text)
    vpostSetOSD_Pos                          0x00010530   ARM Code     124  n9h26_vpost_driver.o(.text)
    vpostSetOSD_DataType                     0x000105ac   ARM Code      32  n9h26_vpost_driver.o(.text)
    vpostSetOSD_Transparent_Enable           0x000105cc   ARM Code      24  n9h26_vpost_driver.o(.text)
    vpostSetOSD_Transparent_Disable          0x000105e4   ARM Code      24  n9h26_vpost_driver.o(.text)
    vpostSetOSD_Transparent                  0x000105fc   ARM Code      96  n9h26_vpost_driver.o(.text)
    vpostSetOSD_BaseAddress                  0x0001065c   ARM Code      12  n9h26_vpost_driver.o(.text)
    vpostSetOSD_FunctionConfig               0x00010668   ARM Code      68  n9h26_vpost_driver.o(.text)
    vpostGetVAChecksum                       0x000106ac   ARM Code     216  n9h26_vpost_driver.o(.text)
    malloc                                   0x00010791   Thumb Code    98  h1_alloc.o(.text)
    free                                     0x000107f3   Thumb Code    76  h1_free.o(.text)
    strlen                                   0x00010841   Thumb Code    62  strlen.o(.text)
    __aeabi_memcpy                           0x00010884   ARM Code       0  rt_memcpy.o(.text)
    __rt_memcpy                              0x00010884   ARM Code     212  rt_memcpy.o(.text)
    _memcpy_lastbytes                        0x00010938   ARM Code       0  rt_memcpy.o(.text)
    __aeabi_memcpy4                          0x00010958   ARM Code       0  rt_memcpy_w.o(.text)
    __aeabi_memcpy8                          0x00010958   ARM Code       0  rt_memcpy_w.o(.text)
    __rt_memcpy_w                            0x00010958   ARM Code     100  rt_memcpy_w.o(.text)
    _memcpy_lastbytes_aligned                0x000109a4   ARM Code       0  rt_memcpy_w.o(.text)
    __aeabi_memclr                           0x000109bc   ARM Code       0  rt_memclr.o(.text)
    __rt_memclr                              0x000109bc   ARM Code      64  rt_memclr.o(.text)
    _memset                                  0x000109c0   ARM Code       0  rt_memclr.o(.text)
    __aeabi_memclr4                          0x000109fc   ARM Code       0  rt_memclr_w.o(.text)
    __aeabi_memclr8                          0x000109fc   ARM Code       0  rt_memclr_w.o(.text)
    __rt_memclr_w                            0x000109fc   ARM Code      84  rt_memclr_w.o(.text)
    _memset_w                                0x00010a00   ARM Code       0  rt_memclr_w.o(.text)
    __aeabi_uread4                           0x00010a50   ARM Code       0  uread4.o(.text)
    __rt_uread4                              0x00010a50   ARM Code      32  uread4.o(.text)
    __aeabi_uwrite4                          0x00010a70   ARM Code       0  uwrite4.o(.text)
    __rt_uwrite4                             0x00010a70   ARM Code      32  uwrite4.o(.text)
    __aeabi_idiv                             0x00010a90   ARM Code       0  aeabi_sdiv.o(.text)
    __aeabi_idivmod                          0x00010a90   ARM Code     380  aeabi_sdiv.o(.text)
    __rt_heap_descriptor                     0x00010c0c   ARM Code      12  rt_heap_descriptor_intlibspace.o(.text)
    __use_no_heap                            0x00010c19   Thumb Code     2  hguard.o(.text)
    __heap$guard                             0x00010c1b   Thumb Code     2  hguard.o(.text)
    _terminate_user_alloc                    0x00010c1d   Thumb Code     2  init_alloc.o(.text)
    _init_user_alloc                         0x00010c1f   Thumb Code     2  init_alloc.o(.text)
    __Heap_Full                              0x00010c21   Thumb Code    32  init_alloc.o(.text)
    __Heap_Broken                            0x00010c41   Thumb Code    10  init_alloc.o(.text)
    _init_alloc                              0x00010c4b   Thumb Code    90  init_alloc.o(.text)
    __Heap_Initialize                        0x00010ca5   Thumb Code    10  h1_init.o(.text)
    __Heap_DescSize                          0x00010caf   Thumb Code     4  h1_init.o(.text)
    __user_libspace                          0x00010cb4   ARM Code      12  libspace.o(.text)
    __user_perproc_libspace                  0x00010cb4   ARM Code       0  libspace.o(.text)
    __user_perthread_libspace                0x00010cb4   ARM Code       0  libspace.o(.text)
    __Heap_ProvideMemory                     0x00010cc1   Thumb Code    52  h1_extend.o(.text)
    __rt_SIGRTMEM                            0x00010cf5   Thumb Code    12  defsig_rtmem_outer.o(.text)
    __rt_heap_escrow                         0x00010d01   Thumb Code    24  heapauxa.o(.text)
    __rt_heap_expand                         0x00010d19   Thumb Code    52  heapauxa.o(.text)
    __user_setup_stackheap                   0x00010d50   ARM Code      96  sys_stackheap_outer.o(.text)
    exit                                     0x00010db1   Thumb Code    12  exit.o(.text)
    __sig_exit                               0x00010dbd   Thumb Code    12  defsig_exit.o(.text)
    __rt_SIGRTMEM_inner                      0x00010dc9   Thumb Code    22  defsig_rtmem_inner.o(.text)
    __default_signal_display                 0x00010e19   Thumb Code    52  defsig_general.o(.text)
    __aeabi_uidiv                            0x00010e4c   ARM Code       0  aeabi_sdiv.o(.text_udiv)
    __aeabi_uidivmod                         0x00010e4c   ARM Code      36  aeabi_sdiv.o(.text_udiv)
    __aeabi_fdiv                             0x00010e70   ARM Code       0  fdiv.o(x$fpl$fdiv)
    _fdiv                                    0x00010e70   ARM Code     396  fdiv.o(x$fpl$fdiv)
    __aeabi_f2uiz                            0x00011000   ARM Code       0  ffixu.o(x$fpl$ffixu)
    _ffixu                                   0x00011000   ARM Code      84  ffixu.o(x$fpl$ffixu)
    __aeabi_i2f                              0x00011054   ARM Code       0  fflt_clz.o(x$fpl$fflt)
    _fflt                                    0x00011054   ARM Code      48  fflt_clz.o(x$fpl$fflt)
    __aeabi_ui2f                             0x00011084   ARM Code       0  fflt_clz.o(x$fpl$ffltu)
    _ffltu                                   0x00011084   ARM Code      40  fflt_clz.o(x$fpl$ffltu)
    __aeabi_fmul                             0x000110ac   ARM Code       0  fmul.o(x$fpl$fmul)
    _fmul                                    0x000110ac   ARM Code     256  fmul.o(x$fpl$fmul)
    __fpl_fnaninf                            0x000111ac   ARM Code     160  fnaninf.o(x$fpl$fnaninf)
    __fpl_fretinf                            0x0001124c   ARM Code      16  fretinf.o(x$fpl$fretinf)
    __I$use$fp                               0x0001125c   Number         0  usenofp.o(x$fpl$usenofp)
    Region$$Table$$Base                      0x00011294   Number         0  anon$$obj.o(Region$$Table)
    Region$$Table$$Limit                     0x000112c4   Number         0  anon$$obj.o(Region$$Table)
    u32Ready                                 0x000112c4   Data           4  hid.o(.data)
    g_Version                                0x000112c8   Data           4  hid.o(.data)
    gi32CmdTestCnt                           0x000112d4   Data           4  hid.o(.data)
    HID_DeviceReportDescriptor               0x000112d8   Data          35  hid.o(.data)
    HID_DeviceReportDescriptor_FS            0x000112fc   Data          29  hid.o(.data)
    gu8DeviceDescriptor                      0x0001131c   Data          18  hid.o(.data)
    HID_StringDescriptor1                    0x0001138c   Data          16  hid.o(.data)
    HID_StringDescriptor2                    0x0001139c   Data          16  hid.o(.data)
    HID_StringDescriptor3                    0x000113ac   Data          26  hid.o(.data)
    g_u32EPA_MXP                             0x000113c8   Data           4  hid.o(.data)
    g_u32EPB_MXP                             0x000113cc   Data           4  hid.o(.data)
    g_u32ReadWriteSize                       0x000113d0   Data           4  hid.o(.data)
    g_UpdateStartBlock                       0x000113d4   Data           4  hid.o(.data)
    g_EndTagBlock                            0x000113d8   Data           4  hid.o(.data)
    imagebuf                                 0x000113dc   Data           4  hid.o(.data)
    pImageList                               0x000113e0   Data           4  hid.o(.data)
    pCmd                                     0x000113e4   Data           4  hid.o(.data)
    g_u8PageBuff                             0x000113e8   Data           4  hid.o(.data)
    g_u8TestPages                            0x000113ec   Data           4  hid.o(.data)
    g_Temp                                   0x000113f0   Data           4  hid.o(.data)
    g_u8JPEGBuff                             0x000113f4   Data           4  hid.o(.data)
    g_u8Is4ByteMode                          0x00011403   Data           1  spiflash.o(.data)
    g_VAFrameBuf                             0x00011404   Data           4  n9h26_vpost.o(.data)
    g_VAOrigFrameBuf                         0x00011408   Data           4  n9h26_vpost.o(.data)
    g_bWait                                  0x0001140c   Data           1  jpegcodec.o(.data)
    g_jpegError                              0x0001140d   Data           1  jpegcodec.o(.data)
    g_bScale                                 0x0001140e   Data           1  jpegcodec.o(.data)
    g_OutputWait                             0x0001140f   Data           1  jpegcodec.o(.data)
    g_InputWait                              0x00011410   Data           1  jpegcodec.o(.data)
    g_u32WindowDec                           0x00011411   Data           1  jpegcodec.o(.data)
    g_bEncThumbnailDownScale                 0x00011412   Data           1  jpegcodec.o(.data)
    g_bEncPrimaryDownScale                   0x00011413   Data           1  jpegcodec.o(.data)
    g_u32EncRotate                           0x00011414   Data           4  jpegcodec.o(.data)
    pfnJpegDecodeComplete                    0x00011418   Data           4  jpegcodec.o(.data)
    pfnJpegDecodeError                       0x0001141c   Data           4  jpegcodec.o(.data)
    pfnJpegEncodeComplete                    0x00011420   Data           4  jpegcodec.o(.data)
    pfnJpegHeaderDecode                      0x00011424   Data           4  jpegcodec.o(.data)
    pfnJpegDecInputWait                      0x00011428   Data           4  jpegcodec.o(.data)
    pfnJpegDecOutputWait                     0x0001142c   Data           4  jpegcodec.o(.data)
    g_au8QTable0                             0x00011430   Data          64  jpegcodec.o(.data)
    g_au8QTable1                             0x00011470   Data          64  jpegcodec.o(.data)
    g_au8QTable2                             0x000114b0   Data          64  jpegcodec.o(.data)
    g_u32Stride                              0x000114f0   Data           4  jpegcodec.o(.data)
    g_u32ScaleWidth                          0x000114f4   Data           4  jpegcodec.o(.data)
    g_u32ScaleHeight                         0x000114f8   Data           4  jpegcodec.o(.data)
    g_u32OpMode                              0x000114fc   Data           4  jpegcodec.o(.data)
    g_u32BufferCount                         0x00011500   Data           4  jpegcodec.o(.data)
    g_u32DecInputWaitAddr                    0x00011504   Data           4  jpegcodec.o(.data)
    g_u16BufferSize                          0x00011508   Data           2  jpegcodec.o(.data)
    g_u16ReserveSize                         0x0001150a   Data           2  jpegcodec.o(.data)
    g_u32OutputFormat                        0x0001150c   Data           4  jpegcodec.o(.data)
    g_u32windowSizeX                         0x00011510   Data           4  jpegcodec.o(.data)
    g_u32windowSizeY                         0x00011514   Data           4  jpegcodec.o(.data)
    g_u32Suspend_Flag                        0x00011518   Data           4  usbd.o(.data)
    pfnSuspend                               0x0001151c   Data           4  usbd.o(.data)
    pfnResume                                0x00011520   Data           4  usbd.o(.data)
    g_bHostAttached                          0x00011524   Data           1  usbd.o(.data)
    class_out_len                            0x00011528   Data           4  usbd.o(.data)
    zeropacket_flag                          0x0001152c   Data           4  usbd.o(.data)
    _usb_cmd_pkt                             0x00011530   Data           8  usbd.o(.data)
    usb_halt_ep                              0x00011538   Data           4  usbd.o(.data)
    _sys_bIsAICInitial                       0x0001153c   Data           1  wb_aic.o(.data)
    _sys_bIsHWMode                           0x0001153d   Data           1  wb_aic.o(.data)
    sysIrqHandlerTable                       0x00011540   Data         192  wb_aic.o(.data)
    sysFiqHandlerTable                       0x00011600   Data         192  wb_aic.o(.data)
    _sys_IsCacheOn                           0x000116c0   Data           1  wb_cache.o(.data)
    _sys_CacheMode                           0x000116c4   Data           4  wb_cache.o(.data)
    bIsFirstReadClkSkew                      0x000116d8   Data           1  wb_config.o(.data)
    u32ClkSkewInit                           0x000116dc   Data           4  wb_config.o(.data)
    bIsCheckConstraint                       0x000116e0   Data           1  wb_config.o(.data)
    bIsAPLLInitialize                        0x000116e1   Data           1  wb_config.o(.data)
    _sys_uTimer0ClockRate                    0x000116f0   Data           4  wb_timer.o(.data)
    _sys_uTimer0Count                        0x000116f4   Data           4  wb_timer.o(.data)
    _sys_uTime0EventCount                    0x000116f8   Data           4  wb_timer.o(.data)
    _sys_bIsSetTime0Event                    0x000116fc   Data           1  wb_timer.o(.data)
    _sys_bIsTimer0Initial                    0x000116fd   Data           1  wb_timer.o(.data)
    _sys_uTimer1ClockRate                    0x00011700   Data           4  wb_timer.o(.data)
    _sys_uTimer1Count                        0x00011704   Data           4  wb_timer.o(.data)
    _sys_uTime1EventCount                    0x00011708   Data           4  wb_timer.o(.data)
    _sys_bIsSetTime1Event                    0x0001170c   Data           1  wb_timer.o(.data)
    _sys_bIsTimer1Initial                    0x0001170d   Data           1  wb_timer.o(.data)
    _sys_uTimer2ClockRate                    0x00011710   Data           4  wb_timer.o(.data)
    _sys_uTimer2Count                        0x00011714   Data           4  wb_timer.o(.data)
    _sys_uTime2EventCount                    0x00011718   Data           4  wb_timer.o(.data)
    _sys_bIsSetTime2Event                    0x0001171c   Data           1  wb_timer.o(.data)
    _sys_bIsTimer2Initial                    0x0001171d   Data           1  wb_timer.o(.data)
    _sys_uTimer3ClockRate                    0x00011720   Data           4  wb_timer.o(.data)
    _sys_uTimer3Count                        0x00011724   Data           4  wb_timer.o(.data)
    _sys_uTime3EventCount                    0x00011728   Data           4  wb_timer.o(.data)
    _sys_bIsSetTime3Event                    0x0001172c   Data           1  wb_timer.o(.data)
    _sys_bIsTimer3Initial                    0x0001172d   Data           1  wb_timer.o(.data)
    _sys_ReferenceTime_Clock                 0x00011730   Data           4  wb_timer.o(.data)
    _sys_pvOldTimer0Vect                     0x00011764   Data           4  wb_timer.o(.data)
    _sys_uTimer0TickPerSecond                0x00011768   Data           4  wb_timer.o(.data)
    _sys_pvOldTimer1Vect                     0x0001176c   Data           4  wb_timer.o(.data)
    _sys_uTimer1TickPerSecond                0x00011770   Data           4  wb_timer.o(.data)
    _sys_pvOldTimer2Vect                     0x00011774   Data           4  wb_timer.o(.data)
    _sys_uTimer2TickPerSecond                0x00011778   Data           4  wb_timer.o(.data)
    _sys_pvOldTimer3Vect                     0x0001177c   Data           4  wb_timer.o(.data)
    _sys_uTimer3TickPerSecond                0x00011780   Data           4  wb_timer.o(.data)
    _sys_ReferenceTime_UTC                   0x00011784   Data           4  wb_timer.o(.data)
    _sys_bIsUARTInitial                      0x00011788   Data           1  wb_uart.o(.data)
    _sys_bIsUseUARTInt                       0x00011789   Data           1  wb_uart.o(.data)
    _sys_uUARTClockRate                      0x0001178c   Data           4  wb_uart.o(.data)
    rx_cnt                                   0x00011790   Data           4  wb_uart.o(.data)
    u32UartPort                              0x00011794   Data           4  wb_uart.o(.data)
    i32UsedPort                              0x00011798   Data           4  wb_uart.o(.data)
    _sys_uUartTxHead                         0x000117a0   Data           4  wb_uart.o(.data)
    _sys_uUartTxTail                         0x000117a4   Data           4  wb_uart.o(.data)
    _sys_pvOldUartVect                       0x000117a8   Data           4  wb_uart.o(.data)
    g_nFrameBufferSize                       0x000117b0   Data           4  n9h26_vpost_driver.o(.data)
    g_pu8FrameBuffer                         0x000117c0   Data       768000  main.o(.bss)
    lcdInfo                                  0x000ccfc0   Data          20  main.o(.bss)
    g_Parameter                              0x000ccfe0   Data       10000  hid.o(.bss)
    image_buffer                             0x001cf900   Data         512  hid.o(.bss)
    gCmd                                     0x001cfb00   Data          18  hid.o(.bss)
    usbdInfo                                 0x001cfd38   Data         350  usbd.o(.bss)
    usbdStatus                               0x001cfe98   Data          12  usbd.o(.bss)
    tTime0Event                              0x001cfea4   Data         160  wb_timer.o(.bss)
    tTime1Event                              0x001cff44   Data         160  wb_timer.o(.bss)
    tTime2Event                              0x001cffe4   Data         160  wb_timer.o(.bss)
    tTime3Event                              0x001d0084   Data         160  wb_timer.o(.bss)
    pfnUartIntHandlerTable                   0x001d0124   Data          16  wb_uart.o(.bss)
    uart_rx                                  0x001d0134   Data         100  wb_uart.o(.bss)
    _sys_ucUartTxBuf                         0x001d0198   Data         256  wb_uart.o(.bss)
    _mmuSectionTable                         0x001d4000   Data       16384  wb_mmu.o(.bss)
    _tmp_buf                                 0x001d8000   Data        8192  wb_power.o(.bss)
    g_pfnVpostCallback                       0x001da000   Data          16  n9h26_vpost_driver.o(.bss)
    __libspace_start                         0x001da010   Data          96  libspace.o(.bss)
    Image$$ZI$$Limit                         0x001da070   Number         0  anon$$obj.o(linker$$defined$$symbols)
    __temporary_stack_top$libspace           0x001da070   Data           0  libspace.o(.bss)



==============================================================================

Memory Map of the image

  Image Entry point : 0x00000000

  Load Region LR_IROM1 (Base: 0x00000000, Size: 0x000117b8, Max: 0x02000000, ABSOLUTE, COMPRESSED[0x0001140c])

    Execution Region ER_IROM1 (Base: 0x00000000, Size: 0x000112c4, Max: 0x02000000, ABSOLUTE)

    Base Addr    Size         Type   Attr      Idx    E Section Name        Object

    0x00000000   0x000000ac   Code   RO           14  * WB_INIT             wb_init.o
    0x000000ac   0x00000008   Code   RO          547  * !!!main             c_5.l(__main.o)
    0x000000b4   0x0000003c   Code   RO          777    !!!scatter          c_5.l(__scatter.o)
    0x000000f0   0x0000005c   Code   RO          775    !!dczerorl2         c_5.l(__dczerorl2.o)
    0x0000014c   0x00000028   Code   RO          779    !!handler_copy      c_5.l(__scatter_copy.o)
    0x00000174   0x0000002c   Code   RO          781    !!handler_zi        c_5.l(__scatter_zi.o)
    0x000001a0   0x00000002   Code   RO          718    .ARM.Collect$$libinit$$00000000  c_5.l(libinit.o)
    0x000001a2   0x00000000   Code   RO          600    .ARM.Collect$$libinit$$00000002  c_5.l(libinit2.o)
    0x000001a2   0x00000008   Code   RO          601    .ARM.Collect$$libinit$$00000003  c_5.l(libinit2.o)
    0x000001aa   0x00000000   Code   RO          603    .ARM.Collect$$libinit$$00000008  c_5.l(libinit2.o)
    0x000001aa   0x00000000   Code   RO          605    .ARM.Collect$$libinit$$0000000A  c_5.l(libinit2.o)
    0x000001aa   0x00000000   Code   RO          607    .ARM.Collect$$libinit$$0000000C  c_5.l(libinit2.o)
    0x000001aa   0x00000000   Code   RO          610    .ARM.Collect$$libinit$$0000000F  c_5.l(libinit2.o)
    0x000001aa   0x00000000   Code   RO          612    .ARM.Collect$$libinit$$00000011  c_5.l(libinit2.o)
    0x000001aa   0x00000000   Code   RO          614    .ARM.Collect$$libinit$$00000013  c_5.l(libinit2.o)
    0x000001aa   0x00000000   Code   RO          616    .ARM.Collect$$libinit$$00000015  c_5.l(libinit2.o)
    0x000001aa   0x00000000   Code   RO          618    .ARM.Collect$$libinit$$00000017  c_5.l(libinit2.o)
    0x000001aa   0x00000000   Code   RO          620    .ARM.Collect$$libinit$$00000019  c_5.l(libinit2.o)
    0x000001aa   0x00000000   Code   RO          622    .ARM.Collect$$libinit$$0000001B  c_5.l(libinit2.o)
    0x000001aa   0x00000000   Code   RO          624    .ARM.Collect$$libinit$$0000001D  c_5.l(libinit2.o)
    0x000001aa   0x00000000   Code   RO          626    .ARM.Collect$$libinit$$0000001F  c_5.l(libinit2.o)
    0x000001aa   0x00000000   Code   RO          628    .ARM.Collect$$libinit$$00000021  c_5.l(libinit2.o)
    0x000001aa   0x00000000   Code   RO          630    .ARM.Collect$$libinit$$00000023  c_5.l(libinit2.o)
    0x000001aa   0x00000000   Code   RO          634    .ARM.Collect$$libinit$$0000002A  c_5.l(libinit2.o)
    0x000001aa   0x00000000   Code   RO          636    .ARM.Collect$$libinit$$0000002C  c_5.l(libinit2.o)
    0x000001aa   0x00000000   Code   RO          638    .ARM.Collect$$libinit$$0000002E  c_5.l(libinit2.o)
    0x000001aa   0x00000000   Code   RO          640    .ARM.Collect$$libinit$$00000030  c_5.l(libinit2.o)
    0x000001aa   0x00000002   Code   RO          641    .ARM.Collect$$libinit$$00000031  c_5.l(libinit2.o)
    0x000001ac   0x00000002   Code   RO          771    .ARM.Collect$$libshutdown$$00000000  c_5.l(libshutdown.o)
    0x000001ae   0x00000000   Code   RO          733    .ARM.Collect$$libshutdown$$00000003  c_5.l(libshutdown2.o)
    0x000001ae   0x00000000   Code   RO          736    .ARM.Collect$$libshutdown$$00000006  c_5.l(libshutdown2.o)
    0x000001ae   0x00000000   Code   RO          739    .ARM.Collect$$libshutdown$$00000009  c_5.l(libshutdown2.o)
    0x000001ae   0x00000000   Code   RO          741    .ARM.Collect$$libshutdown$$0000000B  c_5.l(libshutdown2.o)
    0x000001ae   0x00000000   Code   RO          744    .ARM.Collect$$libshutdown$$0000000E  c_5.l(libshutdown2.o)
    0x000001ae   0x00000002   Code   RO          745    .ARM.Collect$$libshutdown$$0000000F  c_5.l(libshutdown2.o)
    0x000001b0   0x00000000   Code   RO          567    .ARM.Collect$$rtentry$$00000000  c_5.l(rtentry.o)
    0x000001b0   0x00000000   Code   RO          653    .ARM.Collect$$rtentry$$00000002  c_5.l(rtentry2.o)
    0x000001b0   0x00000008   Code   RO          665    .ARM.Collect$$rtentry$$00000004  c_5.l(rtentry4.o)
    0x000001b8   0x00000000   Code   RO          655    .ARM.Collect$$rtentry$$00000009  c_5.l(rtentry2.o)
    0x000001b8   0x00000004   Code   RO          656    .ARM.Collect$$rtentry$$0000000A  c_5.l(rtentry2.o)
    0x000001bc   0x00000000   Code   RO          658    .ARM.Collect$$rtentry$$0000000C  c_5.l(rtentry2.o)
    0x000001bc   0x00000028   Code   RO          659    .ARM.Collect$$rtentry$$0000000D  c_5.l(rtentry2.o)
    0x000001e4   0x00000004   Code   RO          719    .ARM.Collect$$rtexit$$00000000  c_5.l(rtexit.o)
    0x000001e8   0x00000000   Code   RO          747    .ARM.Collect$$rtexit$$00000002  c_5.l(rtexit2.o)
    0x000001e8   0x00000004   Code   RO          748    .ARM.Collect$$rtexit$$00000003  c_5.l(rtexit2.o)
    0x000001ec   0x00000008   Code   RO          749    .ARM.Collect$$rtexit$$00000004  c_5.l(rtexit2.o)
    0x000001f4   0x0000000c   Code   RO          304    .emb_text           N9H26_SYS.lib(wb_cache.o)
    0x00000200   0x00000024   Code   RO          394    .emb_text           N9H26_SYS.lib(wb_mmu.o)
    0x00000224   0x00000000   Code   RO          671    .emb_text           c_5.l(maybetermalloc1.o)
    0x00000224   0x00000040   Code   RO            1    .text               standalone.o
    0x00000264   0x000001a4   Code   RO           18    .text               main.o
    0x00000408   0x000001b0   Code   RO           71    .text               jpegdec.o
    0x000005b8   0x0000185c   Code   RO           90    .text               hid.o
    0x00001e14   0x00001540   Code   RO          113    .text               spi.o
    0x00003354   0x000018a8   Code   RO          139    .text               spiflash.o
    0x00004bfc   0x0000025c   Code   RO          154    .text               spiread.o
    0x00004e58   0x0000009c   Code   RO          166    .text               N9H26_VPOST_FW050TFT_800x480.lib(n9h26_vpost.o)
    0x00004ef4   0x00002100   Code   RO          199    .text               N9H26_JPEG.lib(jpegcodec.o)
    0x00006ff4   0x00002f80   Code   RO          236    .text               N9H26_UDC.lib(usbd.o)
    0x00009f74   0x000007f0   Code   RO          270    .text               N9H26_SYS.lib(wb_aic.o)
    0x0000a764   0x000003b0   Code   RO          305    .text               N9H26_SYS.lib(wb_cache.o)
    0x0000ab14   0x00001c9c   Code   RO          323    .text               N9H26_SYS.lib(wb_config.o)
    0x0000c7b0   0x000016a8   Code   RO          343    .text               N9H26_SYS.lib(wb_timer.o)
    0x0000de58   0x00000f54   Code   RO          359    .text               N9H26_SYS.lib(wb_uart.o)
    0x0000edac   0x00000268   Code   RO          379    .text               N9H26_VPOST_FW050TFT_800x480.lib(n9h26_vpost_fw050tft_800x480.o)
    0x0000f014   0x000000c0   Code   RO          395    .text               N9H26_SYS.lib(wb_mmu.o)
    0x0000f0d4   0x000016bc   Code   RO          432    .text               N9H26_VPOST_FW050TFT_800x480.lib(n9h26_vpost_driver.o)
    0x00010790   0x00000062   Code   RO          459    .text               c_5.l(h1_alloc.o)
    0x000107f2   0x0000004c   Code   RO          461    .text               c_5.l(h1_free.o)
    0x0001083e   0x00000002   PAD
    0x00010840   0x00000044   Code   RO          517    .text               c_5.l(strlen.o)
    0x00010884   0x000000d4   Code   RO          519    .text               c_5.l(rt_memcpy.o)
    0x00010958   0x00000064   Code   RO          521    .text               c_5.l(rt_memcpy_w.o)
    0x000109bc   0x00000040   Code   RO          523    .text               c_5.l(rt_memclr.o)
    0x000109fc   0x00000054   Code   RO          525    .text               c_5.l(rt_memclr_w.o)
    0x00010a50   0x00000020   Code   RO          527    .text               c_5.l(uread4.o)
    0x00010a70   0x00000020   Code   RO          529    .text               c_5.l(uwrite4.o)
    0x00010a90   0x0000017c   Code   RO          531    .text               c_5.l(aeabi_sdiv.o)
    0x00010c0c   0x0000000c   Code   RO          575    .text               c_5.l(rt_heap_descriptor_intlibspace.o)
    0x00010c18   0x00000004   Code   RO          577    .text               c_5.l(hguard.o)
    0x00010c1c   0x00000088   Code   RO          579    .text               c_5.l(init_alloc.o)
    0x00010ca4   0x0000000e   Code   RO          583    .text               c_5.l(h1_init.o)
    0x00010cb2   0x00000002   PAD
    0x00010cb4   0x0000000c   Code   RO          649    .text               c_5.l(libspace.o)
    0x00010cc0   0x00000034   Code   RO          673    .text               c_5.l(h1_extend.o)
    0x00010cf4   0x0000000c   Code   RO          677    .text               c_5.l(defsig_rtmem_outer.o)
    0x00010d00   0x00000050   Code   RO          681    .text               c_5.l(heapauxa.o)
    0x00010d50   0x00000060   Code   RO          693    .text               c_5.l(sys_stackheap_outer.o)
    0x00010db0   0x0000000c   Code   RO          699    .text               c_5.l(exit.o)
    0x00010dbc   0x0000000c   Code   RO          701    .text               c_5.l(defsig_exit.o)
    0x00010dc8   0x00000050   Code   RO          707    .text               c_5.l(defsig_rtmem_inner.o)
    0x00010e18   0x00000034   Code   RO          727    .text               c_5.l(defsig_general.o)
    0x00010e4c   0x00000024   Code   RO          532    .text_udiv          c_5.l(aeabi_sdiv.o)
    0x00010e70   0x00000190   Code   RO          550    x$fpl$fdiv          fz_5s.l(fdiv.o)
    0x00011000   0x00000054   Code   RO          553    x$fpl$ffixu         fz_5s.l(ffixu.o)
    0x00011054   0x00000030   Code   RO          558    x$fpl$fflt          fz_5s.l(fflt_clz.o)
    0x00011084   0x00000028   Code   RO          557    x$fpl$ffltu         fz_5s.l(fflt_clz.o)
    0x000110ac   0x00000100   Code   RO          563    x$fpl$fmul          fz_5s.l(fmul.o)
    0x000111ac   0x000000a0   Code   RO          642    x$fpl$fnaninf       fz_5s.l(fnaninf.o)
    0x0001124c   0x00000010   Code   RO          644    x$fpl$fretinf       fz_5s.l(fretinf.o)
    0x0001125c   0x00000000   Code   RO          646    x$fpl$usenofp       fz_5s.l(usenofp.o)
    0x0001125c   0x00000020   Data   RO          324    .constdata          N9H26_SYS.lib(wb_config.o)
    0x0001127c   0x00000018   Data   RO          380    .constdata          N9H26_VPOST_FW050TFT_800x480.lib(n9h26_vpost_fw050tft_800x480.o)
    0x00011294   0x00000030   Data   RO          772    Region$$Table       anon$$obj.o


    Execution Region RW_RAM1 (Base: 0x000112c4, Size: 0x001c8dac, Max: 0xffffffff, ABSOLUTE, COMPRESSED[0x00000148])

    Base Addr    Size         Type   Attr      Idx    E Section Name        Object

    0x000112c4   0x00000134   Data   RW           92    .data               hid.o
    0x000113f8   0x0000000a   Data   RW          114    .data               spi.o
    0x00011402   0x00000002   Data   RW          140    .data               spiflash.o
    0x00011404   0x00000008   Data   RW          167    .data               N9H26_VPOST_FW050TFT_800x480.lib(n9h26_vpost.o)
    0x0001140c   0x0000010c   Data   RW          201    .data               N9H26_JPEG.lib(jpegcodec.o)
    0x00011518   0x00000024   Data   RW          238    .data               N9H26_UDC.lib(usbd.o)
    0x0001153c   0x00000184   Data   RW          271    .data               N9H26_SYS.lib(wb_aic.o)
    0x000116c0   0x00000008   Data   RW          306    .data               N9H26_SYS.lib(wb_cache.o)
    0x000116c8   0x00000028   Data   RW          325    .data               N9H26_SYS.lib(wb_config.o)
    0x000116f0   0x00000098   Data   RW          345    .data               N9H26_SYS.lib(wb_timer.o)
    0x00011788   0x00000024   Data   RW          361    .data               N9H26_SYS.lib(wb_uart.o)
    0x000117ac   0x00000001   Data   RW          397    .data               N9H26_SYS.lib(wb_mmu.o)
    0x000117ad   0x00000003   PAD
    0x000117b0   0x00000004   Data   RW          434    .data               N9H26_VPOST_FW050TFT_800x480.lib(n9h26_vpost_driver.o)
    0x000117b4   0x00000004   Data   RW          682    .data               c_5.l(heapauxa.o)
    0x000117b8   0x00000008   PAD
    0x000117c0   0x000bb814   Zero   RW           19    .bss                main.o
    0x000ccfd4   0x0000000c   PAD
    0x000ccfe0   0x00102d34   Zero   RW           91    .bss                hid.o
    0x001cfd14   0x00000024   Zero   RW          200    .bss                N9H26_JPEG.lib(jpegcodec.o)
    0x001cfd38   0x0000016c   Zero   RW          237    .bss                N9H26_UDC.lib(usbd.o)
    0x001cfea4   0x00000280   Zero   RW          344    .bss                N9H26_SYS.lib(wb_timer.o)
    0x001d0124   0x00000174   Zero   RW          360    .bss                N9H26_SYS.lib(wb_uart.o)
    0x001d0298   0x00003d68   PAD
    0x001d4000   0x00004000   Zero   RW          396    .bss                N9H26_SYS.lib(wb_mmu.o)
    0x001d8000   0x00002000   Zero   RW          415    .bss                N9H26_SYS.lib(wb_power.o)
    0x001da000   0x00000010   Zero   RW          433    .bss                N9H26_VPOST_FW050TFT_800x480.lib(n9h26_vpost_driver.o)
    0x001da010   0x00000060   Zero   RW          650    .bss                c_5.l(libspace.o)


    Execution Region ZI (Base: 0x001da070, Size: 0x00000000, Max: 0xffffffff, ABSOLUTE)

    Base Addr    Size         Type   Attr      Idx    E Section Name        Object

    0x001da070   0x00000000   Data   RO          774    linker$$defined$$symbols  anon$$obj.o


==============================================================================

Image component sizes


      Code (inc. data)   RO Data    RW Data    ZI Data      Debug   Object Name

      6236        784          0        308    1060148      14925   hid.o
       432          8          0          0          0       4988   jpegdec.o
       420         60          0          0     768020      16176   main.o
      5440        100          0         10          0       9741   spi.o
      6312         84          0          2          0       8402   spiflash.o
       604          8          0          0          0       1710   spiread.o
        64          4          0          0          0       2821   standalone.o
       172         56          0          0          0        336   wb_init.o

    ----------------------------------------------------------------------
     19680       1104         48        320    1828180      59099   Object Totals
         0          0         48          0          0          0   (incl. Generated)
         0          0          0          0         12          0   (incl. Padding)

    ----------------------------------------------------------------------

      Code (inc. data)   RO Data    RW Data    ZI Data      Debug   Library Member Name

      8448        232          0        268         36      15917   jpegcodec.o
      2032         24          0        388          0      10307   wb_aic.o
       956         16          0          8          0       3168   wb_cache.o
      7324        496         32         40          0      10858   wb_config.o
       228         16          0          1      16384       1712   wb_mmu.o
         0          0          0          0       8192        527   wb_power.o
      5800        224          0        152        640       9682   wb_timer.o
      3924         80          0         36        372       6638   wb_uart.o
     12160        232          0         36        364      13412   usbd.o
       156          8          0          8          0      12711   n9h26_vpost.o
      5820         36          0          4         16      12430   n9h26_vpost_driver.o
       616         28         24          0          0       2054   n9h26_vpost_fw050tft_800x480.o
        92          0          0          0          0          0   __dczerorl2.o
         8          0          0          0          0         68   __main.o
        60          8          0          0          0          0   __scatter.o
        40          0          0          0          0          0   __scatter_copy.o
        44          0          0          0          0          0   __scatter_zi.o
       416          0          0          0          0        144   aeabi_sdiv.o
        12          0          0          0          0         68   defsig_exit.o
        52          0          0          0          0         72   defsig_general.o
        80         58          0          0          0         68   defsig_rtmem_inner.o
        12          0          0          0          0         68   defsig_rtmem_outer.o
        12          0          0          0          0         64   exit.o
        98          0          0          0          0         72   h1_alloc.o
        52          0          0          0          0         68   h1_extend.o
        76          0          0          0          0         72   h1_free.o
        14          0          0          0          0         76   h1_init.o
        80          4          0          4          0         88   heapauxa.o
         4          0          0          0          0        120   hguard.o
       136          0          0          0          0        160   init_alloc.o
         2          0          0          0          0          0   libinit.o
        10          0          0          0          0          0   libinit2.o
         2          0          0          0          0          0   libshutdown.o
         2          0          0          0          0          0   libshutdown2.o
        12          4          0          0         96         68   libspace.o
         0          0          0          0          0          0   maybetermalloc1.o
        12          4          0          0          0         68   rt_heap_descriptor_intlibspace.o
        64          0          0          0          0         68   rt_memclr.o
        84          0          0          0          0         80   rt_memclr_w.o
       212          0          0          0          0         68   rt_memcpy.o
       100          0          0          0          0         80   rt_memcpy_w.o
         0          0          0          0          0          0   rtentry.o
        44          4          0          0          0          0   rtentry2.o
         8          0          0          0          0          0   rtentry4.o
         4          0          0          0          0          0   rtexit.o
        12          0          0          0          0          0   rtexit2.o
        68          6          0          0          0         72   strlen.o
        96          0          0          0          0         80   sys_stackheap_outer.o
        32          0          0          0          0         68   uread4.o
        32          0          0          0          0         68   uwrite4.o
       400         76          0          0          0         96   fdiv.o
        84          4          0          0          0         84   ffixu.o
        88          0          0          0          0        136   fflt_clz.o
       256          4          0          0          0         84   fmul.o
       160          0          0          0          0         84   fnaninf.o
        16          0          0          0          0         68   fretinf.o
         0          0          0          0          0          0   usenofp.o

    ----------------------------------------------------------------------
     50556       1564         56        948      41828     101896   Library Totals
         4          0          0          3      15728          0   (incl. Padding)

    ----------------------------------------------------------------------

      Code (inc. data)   RO Data    RW Data    ZI Data      Debug   Library Name

      8448        232          0        268         36      15917   N9H26_JPEG.lib
     20264        856         32        625      25588      42892   N9H26_SYS.lib
     12160        232          0         36        364      13412   N9H26_UDC.lib
      6592         72         24         12         16      27195   N9H26_VPOST_FW050TFT_800x480.lib
      2084         88          0          4         96       1928   c_5.l
      1004         84          0          0          0        552   fz_5s.l

    ----------------------------------------------------------------------
     50556       1564         56        948      41828     101896   Library Totals

    ----------------------------------------------------------------------

==============================================================================


      Code (inc. data)   RO Data    RW Data    ZI Data      Debug   

     70236       2668        104       1268    1870008     157191   Grand Totals
     70236       2668        104        328    1870008     157191   ELF Image Totals (compressed)
     70236       2668        104        328          0          0   ROM Totals

==============================================================================

    Total RO  Size (Code + RO Data)                70340 (  68.69kB)
    Total RW  Size (RW Data + ZI Data)           1871276 (1827.42kB)
    Total ROM Size (Code + RO Data + RW Data)      70668 (  69.01kB)

==============================================================================

