<html>
<body>
<pre>
<h1>µVision Build Log</h1>
<h2>Project:</h2>
C:\2E\AUTORUN\N9H26\N9H26\BSP\SampleCode\USBD\HID_Transfer_FirmwareUpdate\HID_Transfer_FirmwareUpdate\KEIL\HID_Transfer_FirmwareUpdate.uvproj
Project File Date:  02/26/2023

<h2>Output:</h2>
  
Build target 'HID_Transfer_FirmwareUpdate'
compiling standalone.c...
assembling wb_init.s...
compiling main.c...
compiling jpegDec.c...
compiling HID.c...
compiling spi.c...
compiling spiflash.c...
compiling SpiRead.c...
linking...
Program Size: Code=70248 RO-data=104 RW-data=1268 ZI-data=1869996  
After Build - User command #1: fromelf.exe --bin --output "C:\2E\AUTORUN\N9H26\N9H26\BSP\SampleCode\USBD\HID_Transfer_FirmwareUpdate\HID_Transfer_FirmwareUpdate\KEIL\HID_Transfer_FirmwareUpdate\HID_Transfer_FirmwareUpdate.bin" "C:\2E\AUTORUN\N9H26\N9H26\BSP\SampleCode\USBD\HID_Transfer_FirmwareUpdate\HID_Transfer_FirmwareUpdate\KEIL\HID_Transfer_FirmwareUpdate\HID_Transfer_FirmwareUpdate.axf"
".\HID_Transfer_FirmwareUpdate\HID_Transfer_FirmwareUpdate.axf" - 0 Error(s), 0 Warning(s).
</pre>
</body>
</html>
