<html>
<body>
<pre>
<h1>µVision Build Log</h1>
<h2>Project:</h2>
C:\2E\AUTORUN\N9H26\N9H26\BSP\SampleCode\USBD\PTR_class\KEIL\PTR_class.uvproj
Project File Date:  01/05/2024

<h2>Output:</h2>
  
Build target 'N9H26_PTR_class'
compiling main.c...
compiling standalone.c...
assembling wb_init.s...
compiling PTR.c...
linking...
Program Size: Code=30356 RO-data=80 RW-data=716 ZI-data=558768  
After Build - User command #1: fromelf.exe --bin --output "C:\2E\AUTORUN\N9H26\N9H26\BSP\SampleCode\USBD\PTR_class\KEIL\PTR_class\N9H26_PTR_class.bin" "C:\2E\AUTORUN\N9H26\N9H26\BSP\SampleCode\USBD\PTR_class\KEIL\PTR_class\N9H26_PTR_class.axf"
".\PTR_class\N9H26_PTR_class.axf" - 0 Error(s), 0 Warning(s).
</pre>
</body>
</html>
