ARM Linker, 5.03 [Build 76] [MDK-ARM Standard]

==============================================================================

Section Cross References

    main.o(.text) refers to wb_uart.o(.text) for sysUartPort
    main.o(.text) refers to wb_config.o(.text) for sysGetExternalClock
    main.o(.text) refers to usbd.o(.text) for udcOpen
    main.o(.text) refers to ptr.o(.text) for ptrInit
    wb_init.o(WB_INIT) refers to __main.o(!!!main) for __main
    ptr.o(.text) refers to uwrite4.o(.text) for __aeabi_uwrite4
    ptr.o(.text) refers to wb_uart.o(.text) for sysprintf
    ptr.o(.text) refers to usbd.o(.bss) for usbdInfo
    ptr.o(.text) refers to usbd.o(.data) for _usb_cmd_pkt
    ptr.o(.text) refers to ptr.o(.data) for pnp_string
    ptr.o(.text) refers to rt_memcpy.o(.text) for __aeabi_memcpy
    ptr.o(.text) refers to wb_aic.o(.text) for sysDisableInterrupt
    ptr.o(.text) refers to ptr.o(.bss) for buffer
    usbd.o(.text) refers to uwrite4.o(.text) for __aeabi_uwrite4
    usbd.o(.text) refers to wb_uart.o(.text) for sysprintf
    usbd.o(.text) refers to uread4.o(.text) for __aeabi_uread4
    usbd.o(.text) refers to usbd.o(.bss) for usbdInfo
    usbd.o(.text) refers to usbd.o(.data) for _usb_cmd_pkt
    usbd.o(.text) refers to wb_aic.o(.text) for sysInstallISR
    wb_aic.o(.text) refers to wb_cache.o(.text) for sysGetCacheState
    wb_aic.o(.text) refers to wb_aic.o(.data) for _sys_bIsHWMode
    wb_aic.o(.data) refers to wb_aic.o(.text) for WB_Interrupt_Shell
    wb_config.o(.text) refers to aeabi_sdiv.o(.text_udiv) for __aeabi_uidivmod
    wb_config.o(.text) refers to rt_memcpy.o(.text) for __aeabi_memcpy
    wb_config.o(.text) refers to wb_cache.o(.text) for sysGetCacheState
    wb_config.o(.text) refers to wb_uart.o(.text) for sysprintf
    wb_config.o(.text) refers to wb_config.o(.constdata) for .constdata
    wb_config.o(.text) refers to wb_config.o(.data) for bIsCheckConstraint
    wb_config.o(.text) refers to wb_uart.o(.data) for u32UartPort
    wb_config.o(.text) refers to wb_power.o(.bss) for _tmp_buf
    wb_uart.o(.text) refers to aeabi_sdiv.o(.text_udiv) for __aeabi_uidivmod
    wb_uart.o(.text) refers to wb_aic.o(.text) for sysInstallISR
    wb_uart.o(.text) refers to strlen.o(.text) for strlen
    wb_uart.o(.text) refers to wb_config.o(.text) for sysGetExternalClock
    wb_uart.o(.text) refers to wb_uart.o(.data) for u32UartPort
    wb_uart.o(.text) refers to wb_uart.o(.bss) for pfnUartIntHandlerTable
    wb_cache.o(.text) refers to wb_mmu.o(.text) for sysInitMMUTable
    wb_cache.o(.text) refers to wb_cache.o(.emb_text) for sys_flush_and_clean_dcache
    wb_cache.o(.text) refers to wb_cache.o(.data) for _sys_IsCacheOn
    wb_power.o(.text) refers to rt_memcpy.o(.text) for __aeabi_memcpy
    wb_power.o(.text) refers to wb_cache.o(.text) for sysGetCacheState
    wb_power.o(.text) refers to wb_uart.o(.text) for sysprintf
    wb_mmu.o(.text) refers to wb_mmu.o(.emb_text) for sysSetupCP15
    wb_mmu.o(.text) refers to wb_mmu.o(.data) for .data
    wb_mmu.o(.text) refers to wb_mmu.o(.bss) for .bss
    rt_memcpy.o(.text) refers to rt_memcpy_w.o(.text) for __aeabi_memcpy4
    aeabi_sdiv.o(.text_udiv) refers to aeabi_sdiv.o(.text) for __arm_div2
    aeabi_sdiv_div0.o(.text_udiv) refers to aeabi_sdiv_div0.o(.text) for __arm_div2
    __main.o(!!!main) refers to rtentry.o(.ARM.Collect$$rtentry$$00000000) for __rt_entry
    rtentry.o(.ARM.Collect$$rtentry$$00000000) refers (Special) to rtentry2.o(.ARM.Collect$$rtentry$$0000000A) for __rt_entry_li
    rtentry.o(.ARM.Collect$$rtentry$$00000000) refers (Special) to rtentry2.o(.ARM.Collect$$rtentry$$0000000D) for __rt_entry_main
    rtentry.o(.ARM.Collect$$rtentry$$00000000) refers (Special) to rtentry2.o(.ARM.Collect$$rtentry$$0000000C) for __rt_entry_postli_1
    rtentry.o(.ARM.Collect$$rtentry$$00000000) refers (Special) to rtentry2.o(.ARM.Collect$$rtentry$$00000009) for __rt_entry_postsh_1
    rtentry.o(.ARM.Collect$$rtentry$$00000000) refers (Special) to rtentry2.o(.ARM.Collect$$rtentry$$00000002) for __rt_entry_presh_1
    rtentry.o(.ARM.Collect$$rtentry$$00000000) refers (Special) to rtentry4.o(.ARM.Collect$$rtentry$$00000004) for __rt_entry_sh
    aeabi_idiv0_sigfpe.o(.text) refers to rt_div0.o(.text) for __rt_div0
    rtentry2.o(.ARM.Collect$$rtentry$$00000008) refers to boardinit2.o(.text) for _platform_post_stackheap_init
    rtentry2.o(.ARM.Collect$$rtentry$$0000000A) refers to libinit.o(.ARM.Collect$$libinit$$00000000) for __rt_lib_init
    rtentry2.o(.ARM.Collect$$rtentry$$0000000B) refers to boardinit3.o(.text) for _platform_post_lib_init
    rtentry2.o(.ARM.Collect$$rtentry$$0000000D) refers to exit.o(.text) for exit
    rtentry2.o(.ARM.Collect$$rtentry$$0000000D) refers to main.o(.text) for main
    rtentry2.o(.ARM.exidx) refers to rtentry2.o(.ARM.Collect$$rtentry$$00000001) for .ARM.Collect$$rtentry$$00000001
    rtentry2.o(.ARM.exidx) refers to rtentry2.o(.ARM.Collect$$rtentry$$00000008) for .ARM.Collect$$rtentry$$00000008
    rtentry2.o(.ARM.exidx) refers to rtentry2.o(.ARM.Collect$$rtentry$$0000000A) for .ARM.Collect$$rtentry$$0000000A
    rtentry2.o(.ARM.exidx) refers to rtentry2.o(.ARM.Collect$$rtentry$$0000000B) for .ARM.Collect$$rtentry$$0000000B
    rtentry2.o(.ARM.exidx) refers to rtentry2.o(.ARM.Collect$$rtentry$$0000000D) for .ARM.Collect$$rtentry$$0000000D
    rtentry4.o(.ARM.Collect$$rtentry$$00000004) refers to sys_stackheap_outer.o(.text) for __user_setup_stackheap
    rtentry4.o(.ARM.exidx) refers to rtentry4.o(.ARM.Collect$$rtentry$$00000004) for .ARM.Collect$$rtentry$$00000004
    rt_div0.o(.text) refers to defsig_fpe_outer.o(.text) for __rt_SIGFPE
    sys_stackheap_outer.o(.text) refers to libspace.o(.text) for __user_perproc_libspace
    sys_stackheap_outer.o(.text) refers to standalone.o(.text) for __user_initial_stackheap
    exit.o(.text) refers to rtexit.o(.ARM.Collect$$rtexit$$00000000) for __rt_exit
    defsig_fpe_outer.o(.text) refers to defsig_fpe_inner.o(.text) for __rt_SIGFPE_inner
    defsig_fpe_outer.o(.text) refers to defsig_exit.o(.text) for __sig_exit
    defsig_fpe_formal.o(.text) refers to rt_raise.o(.text) for __rt_raise
    libinit.o(.ARM.Collect$$libinit$$00000000) refers (Special) to libinit2.o(.ARM.Collect$$libinit$$0000002C) for __rt_lib_init_alloca_1
    libinit.o(.ARM.Collect$$libinit$$00000000) refers (Special) to libinit2.o(.ARM.Collect$$libinit$$0000002A) for __rt_lib_init_argv_1
    libinit.o(.ARM.Collect$$libinit$$00000000) refers (Special) to libinit2.o(.ARM.Collect$$libinit$$00000019) for __rt_lib_init_atexit_1
    libinit.o(.ARM.Collect$$libinit$$00000000) refers (Special) to libinit2.o(.ARM.Collect$$libinit$$0000001F) for __rt_lib_init_clock_1
    libinit.o(.ARM.Collect$$libinit$$00000000) refers (Special) to libinit2.o(.ARM.Collect$$libinit$$00000030) for __rt_lib_init_cpp_1
    libinit.o(.ARM.Collect$$libinit$$00000000) refers (Special) to libinit2.o(.ARM.Collect$$libinit$$0000002E) for __rt_lib_init_exceptions_1
    libinit.o(.ARM.Collect$$libinit$$00000000) refers (Special) to libinit2.o(.ARM.Collect$$libinit$$00000002) for __rt_lib_init_fp_1
    libinit.o(.ARM.Collect$$libinit$$00000000) refers (Special) to libinit2.o(.ARM.Collect$$libinit$$0000001D) for __rt_lib_init_fp_trap_1
    libinit.o(.ARM.Collect$$libinit$$00000000) refers (Special) to libinit2.o(.ARM.Collect$$libinit$$00000021) for __rt_lib_init_getenv_1
    libinit.o(.ARM.Collect$$libinit$$00000000) refers (Special) to libinit2.o(.ARM.Collect$$libinit$$00000008) for __rt_lib_init_heap_1
    libinit.o(.ARM.Collect$$libinit$$00000000) refers (Special) to libinit2.o(.ARM.Collect$$libinit$$0000000F) for __rt_lib_init_lc_collate_1
    libinit.o(.ARM.Collect$$libinit$$00000000) refers (Special) to libinit2.o(.ARM.Collect$$libinit$$00000011) for __rt_lib_init_lc_ctype_1
    libinit.o(.ARM.Collect$$libinit$$00000000) refers (Special) to libinit2.o(.ARM.Collect$$libinit$$00000013) for __rt_lib_init_lc_monetary_1
    libinit.o(.ARM.Collect$$libinit$$00000000) refers (Special) to libinit2.o(.ARM.Collect$$libinit$$00000015) for __rt_lib_init_lc_numeric_1
    libinit.o(.ARM.Collect$$libinit$$00000000) refers (Special) to libinit2.o(.ARM.Collect$$libinit$$00000017) for __rt_lib_init_lc_time_1
    libinit.o(.ARM.Collect$$libinit$$00000000) refers (Special) to libinit2.o(.ARM.Collect$$libinit$$0000000C) for __rt_lib_init_rand_1
    libinit.o(.ARM.Collect$$libinit$$00000000) refers (Special) to libinit2.o(.ARM.Collect$$libinit$$00000031) for __rt_lib_init_return
    libinit.o(.ARM.Collect$$libinit$$00000000) refers (Special) to libinit2.o(.ARM.Collect$$libinit$$0000001B) for __rt_lib_init_signal_1
    libinit.o(.ARM.Collect$$libinit$$00000000) refers (Special) to libinit2.o(.ARM.Collect$$libinit$$00000023) for __rt_lib_init_stdio_1
    libinit.o(.ARM.Collect$$libinit$$00000000) refers (Special) to libinit2.o(.ARM.Collect$$libinit$$0000000A) for __rt_lib_init_user_alloc_1
    libspace.o(.text) refers to libspace.o(.bss) for __libspace_start
    rtexit.o(.ARM.Collect$$rtexit$$00000000) refers (Special) to rtexit2.o(.ARM.Collect$$rtexit$$00000004) for __rt_exit_exit
    rtexit.o(.ARM.Collect$$rtexit$$00000000) refers (Special) to rtexit2.o(.ARM.Collect$$rtexit$$00000003) for __rt_exit_ls
    rtexit.o(.ARM.Collect$$rtexit$$00000000) refers (Special) to rtexit2.o(.ARM.Collect$$rtexit$$00000002) for __rt_exit_prels_1
    rtexit.o(.ARM.exidx) refers (Special) to rtexit2.o(.ARM.Collect$$rtexit$$00000004) for __rt_exit_exit
    rtexit.o(.ARM.exidx) refers (Special) to rtexit2.o(.ARM.Collect$$rtexit$$00000003) for __rt_exit_ls
    rtexit.o(.ARM.exidx) refers (Special) to rtexit2.o(.ARM.Collect$$rtexit$$00000002) for __rt_exit_prels_1
    rtexit.o(.ARM.exidx) refers to rtexit.o(.ARM.Collect$$rtexit$$00000000) for .ARM.Collect$$rtexit$$00000000
    rt_raise.o(.text) refers to __raise.o(.text) for __raise
    rt_raise.o(.text) refers to standalone.o(.text) for _sys_exit
    defsig_exit.o(.text) refers to standalone.o(.text) for _sys_exit
    defsig_fpe_inner.o(.text) refers to defsig_general.o(.text) for __default_signal_display
    libinit2.o(.ARM.Collect$$libinit$$00000001) refers to fpinit.o(x$fpl$fpinit) for _fp_init
    libinit2.o(.ARM.Collect$$libinit$$0000000E) refers to libinit2.o(.ARM.Collect$$libinit$$0000000D) for .ARM.Collect$$libinit$$0000000D
    libinit2.o(.ARM.Collect$$libinit$$00000010) refers to libinit2.o(.ARM.Collect$$libinit$$0000000D) for .ARM.Collect$$libinit$$0000000D
    libinit2.o(.ARM.Collect$$libinit$$00000012) refers to libinit2.o(.ARM.Collect$$libinit$$0000000D) for .ARM.Collect$$libinit$$0000000D
    libinit2.o(.ARM.Collect$$libinit$$00000014) refers to libinit2.o(.ARM.Collect$$libinit$$0000000D) for .ARM.Collect$$libinit$$0000000D
    libinit2.o(.ARM.Collect$$libinit$$00000016) refers to libinit2.o(.ARM.Collect$$libinit$$0000000D) for .ARM.Collect$$libinit$$0000000D
    libinit2.o(.ARM.Collect$$libinit$$00000024) refers to argv_veneer.o(.emb_text) for __ARM_argv_veneer
    libinit2.o(.ARM.Collect$$libinit$$00000025) refers to argv_veneer.o(.emb_text) for __ARM_argv_veneer
    rtexit2.o(.ARM.Collect$$rtexit$$00000003) refers to libshutdown.o(.ARM.Collect$$libshutdown$$00000000) for __rt_lib_shutdown
    rtexit2.o(.ARM.Collect$$rtexit$$00000004) refers to standalone.o(.text) for _sys_exit
    rtexit2.o(.ARM.exidx) refers to rtexit2.o(.ARM.Collect$$rtexit$$00000001) for .ARM.Collect$$rtexit$$00000001
    rtexit2.o(.ARM.exidx) refers to rtexit2.o(.ARM.Collect$$rtexit$$00000003) for .ARM.Collect$$rtexit$$00000003
    rtexit2.o(.ARM.exidx) refers to rtexit2.o(.ARM.Collect$$rtexit$$00000004) for .ARM.Collect$$rtexit$$00000004
    __raise.o(.text) refers to defsig.o(CL$$defsig) for __default_signal_handler
    defsig_general.o(.text) refers to standalone.o(.text) for _ttywrch
    argv_veneer.o(.emb_text) refers to no_argv.o(.text) for __ARM_get_argv
    defsig.o(CL$$defsig) refers to defsig_fpe_inner.o(.text) for __rt_SIGFPE_inner
    defsig.o(CL$$defsig) refers to defsig_rtmem_inner.o(.text) for __rt_SIGRTMEM_inner
    _get_argv_nomalloc.o(.text) refers (Special) to hrguard.o(.text) for __heap_region$guard
    _get_argv_nomalloc.o(.text) refers to defsig_rtmem_outer.o(.text) for __rt_SIGRTMEM
    _get_argv_nomalloc.o(.text) refers to sys_command.o(.text) for _sys_command_string
    libshutdown.o(.ARM.Collect$$libshutdown$$00000000) refers (Special) to libshutdown2.o(.ARM.Collect$$libshutdown$$00000006) for __rt_lib_shutdown_fp_trap_1
    libshutdown.o(.ARM.Collect$$libshutdown$$00000000) refers (Special) to libshutdown2.o(.ARM.Collect$$libshutdown$$0000000E) for __rt_lib_shutdown_heap_1
    libshutdown.o(.ARM.Collect$$libshutdown$$00000000) refers (Special) to libshutdown2.o(.ARM.Collect$$libshutdown$$0000000F) for __rt_lib_shutdown_return
    libshutdown.o(.ARM.Collect$$libshutdown$$00000000) refers (Special) to libshutdown2.o(.ARM.Collect$$libshutdown$$00000009) for __rt_lib_shutdown_signal_1
    libshutdown.o(.ARM.Collect$$libshutdown$$00000000) refers (Special) to libshutdown2.o(.ARM.Collect$$libshutdown$$00000003) for __rt_lib_shutdown_stdio_1
    libshutdown.o(.ARM.Collect$$libshutdown$$00000000) refers (Special) to libshutdown2.o(.ARM.Collect$$libshutdown$$0000000B) for __rt_lib_shutdown_user_alloc_1
    sys_command.o(.text) refers (Special) to use_no_semi.o(.text) for __I$use$semihosting
    sys_command.o(.text) refers (Special) to indicate_semi.o(.text) for __semihosting_library_function
    defsig_abrt_inner.o(.text) refers to defsig_general.o(.text) for __default_signal_display
    defsig_rtred_inner.o(.text) refers to defsig_general.o(.text) for __default_signal_display
    defsig_rtmem_inner.o(.text) refers to defsig_general.o(.text) for __default_signal_display
    defsig_rtmem_outer.o(.text) refers to defsig_rtmem_inner.o(.text) for __rt_SIGRTMEM_inner
    defsig_rtmem_outer.o(.text) refers to defsig_exit.o(.text) for __sig_exit
    defsig_rtmem_formal.o(.text) refers to rt_raise.o(.text) for __rt_raise
    defsig_stak_inner.o(.text) refers to defsig_general.o(.text) for __default_signal_display
    defsig_pvfn_inner.o(.text) refers to defsig_general.o(.text) for __default_signal_display
    defsig_cppl_inner.o(.text) refers to defsig_general.o(.text) for __default_signal_display
    defsig_segv_inner.o(.text) refers to defsig_general.o(.text) for __default_signal_display
    defsig_other.o(.text) refers to defsig_general.o(.text) for __default_signal_display


==============================================================================

Removing Unused input sections from the image.

    Removing wb_power.o(.text), (1024 bytes).

1 unused section(s) (total 1024 bytes) removed from the image.

==============================================================================

Image Symbol Table

    Local Symbols

    Symbol Name                              Value     Ov Type        Size  Object(Section)

    WB_INIT                                  0x00000000   Section      172  wb_init.o(WB_INIT)
    ../clib/angel/boardlib.s                 0x00000000   Number         0  boardinit2.o ABSOLUTE
    ../clib/angel/boardlib.s                 0x00000000   Number         0  boardinit1.o ABSOLUTE
    ../clib/angel/boardlib.s                 0x00000000   Number         0  boardinit3.o ABSOLUTE
    ../clib/angel/boardlib.s                 0x00000000   Number         0  boardshut.o ABSOLUTE
    ../clib/angel/dczerorl2.s                0x00000000   Number         0  __dczerorl2.o ABSOLUTE
    ../clib/angel/handlers.s                 0x00000000   Number         0  __scatter_zi.o ABSOLUTE
    ../clib/angel/handlers.s                 0x00000000   Number         0  __scatter_copy.o ABSOLUTE
    ../clib/angel/kernel.s                   0x00000000   Number         0  rtentry2.o ABSOLUTE
    ../clib/angel/kernel.s                   0x00000000   Number         0  rtentry4.o ABSOLUTE
    ../clib/angel/kernel.s                   0x00000000   Number         0  rtexit.o ABSOLUTE
    ../clib/angel/kernel.s                   0x00000000   Number         0  rtentry.o ABSOLUTE
    ../clib/angel/kernel.s                   0x00000000   Number         0  rtexit2.o ABSOLUTE
    ../clib/angel/rt.s                       0x00000000   Number         0  aeabi_idiv0_sigfpe.o ABSOLUTE
    ../clib/angel/rt.s                       0x00000000   Number         0  aeabi_idiv0.o ABSOLUTE
    ../clib/angel/rt.s                       0x00000000   Number         0  rt_div0.o ABSOLUTE
    ../clib/angel/rt.s                       0x00000000   Number         0  rt_raise.o ABSOLUTE
    ../clib/angel/scatter.s                  0x00000000   Number         0  __scatter.o ABSOLUTE
    ../clib/angel/startup.s                  0x00000000   Number         0  __main.o ABSOLUTE
    ../clib/angel/sys.s                      0x00000000   Number         0  libspace.o ABSOLUTE
    ../clib/angel/sys.s                      0x00000000   Number         0  indicate_semi.o ABSOLUTE
    ../clib/angel/sys.s                      0x00000000   Number         0  use_no_semi.o ABSOLUTE
    ../clib/angel/sys.s                      0x00000000   Number         0  sys_stackheap_outer.o ABSOLUTE
    ../clib/angel/sysapp.c                   0x00000000   Number         0  sys_command.o ABSOLUTE
    ../clib/armsys.c                         0x00000000   Number         0  argv_veneer.o ABSOLUTE
    ../clib/armsys.c                         0x00000000   Number         0  _get_argv_nomalloc.o ABSOLUTE
    ../clib/armsys.c                         0x00000000   Number         0  no_argv.o ABSOLUTE
    ../clib/armsys.c                         0x00000000   Number         0  argv_veneer.o ABSOLUTE
    ../clib/division.s                       0x00000000   Number         0  aeabi_sdiv_div0.o ABSOLUTE
    ../clib/division.s                       0x00000000   Number         0  aeabi_sdiv.o ABSOLUTE
    ../clib/divrt.s                          0x00000000   Number         0  divrt_9e_div0.o ABSOLUTE
    ../clib/divrt.s                          0x00000000   Number         0  divrt_9e.o ABSOLUTE
    ../clib/heapalloc.c                      0x00000000   Number         0  hrguard.o ABSOLUTE
    ../clib/libinit.s                        0x00000000   Number         0  libinit2.o ABSOLUTE
    ../clib/libinit.s                        0x00000000   Number         0  libinit.o ABSOLUTE
    ../clib/libinit.s                        0x00000000   Number         0  libshutdown2.o ABSOLUTE
    ../clib/libinit.s                        0x00000000   Number         0  libshutdown.o ABSOLUTE
    ../clib/memcpset.s                       0x00000000   Number         0  rt_memcpy_w.o ABSOLUTE
    ../clib/memcpset.s                       0x00000000   Number         0  rt_memcpy.o ABSOLUTE
    ../clib/signal.c                         0x00000000   Number         0  defsig_segv_inner.o ABSOLUTE
    ../clib/signal.c                         0x00000000   Number         0  defsig_pvfn_inner.o ABSOLUTE
    ../clib/signal.c                         0x00000000   Number         0  defsig_stak_inner.o ABSOLUTE
    ../clib/signal.c                         0x00000000   Number         0  defsig_rtmem_formal.o ABSOLUTE
    ../clib/signal.c                         0x00000000   Number         0  defsig_rtmem_outer.o ABSOLUTE
    ../clib/signal.c                         0x00000000   Number         0  defsig_rtmem_inner.o ABSOLUTE
    ../clib/signal.c                         0x00000000   Number         0  defsig_rtred_inner.o ABSOLUTE
    ../clib/signal.c                         0x00000000   Number         0  defsig_abrt_inner.o ABSOLUTE
    ../clib/signal.c                         0x00000000   Number         0  defsig_cppl_inner.o ABSOLUTE
    ../clib/signal.c                         0x00000000   Number         0  defsig_general.o ABSOLUTE
    ../clib/signal.c                         0x00000000   Number         0  __raise.o ABSOLUTE
    ../clib/signal.c                         0x00000000   Number         0  defsig_fpe_inner.o ABSOLUTE
    ../clib/signal.c                         0x00000000   Number         0  defsig_fpe_formal.o ABSOLUTE
    ../clib/signal.c                         0x00000000   Number         0  defsig_fpe_outer.o ABSOLUTE
    ../clib/signal.c                         0x00000000   Number         0  defsig_other.o ABSOLUTE
    ../clib/signal.c                         0x00000000   Number         0  defsig_exit.o ABSOLUTE
    ../clib/signal.s                         0x00000000   Number         0  defsig.o ABSOLUTE
    ../clib/stdlib.c                         0x00000000   Number         0  exit.o ABSOLUTE
    ../clib/string.c                         0x00000000   Number         0  strlen.o ABSOLUTE
    ../clib/unhosted.s                       0x00000000   Number         0  uread4.o ABSOLUTE
    ../clib/unhosted.s                       0x00000000   Number         0  uwrite4.o ABSOLUTE
    ../fplib/fpinit.s                        0x00000000   Number         0  fpinit.o ABSOLUTE
    ..\..\USBD\usbd.c                        0x00000000   Number         0  usbd.o ABSOLUTE
    ..\PTR.c                                 0x00000000   Number         0  ptr.o ABSOLUTE
    ..\\wb_cache.c                           0x00000000   Number         0  wb_cache.o ABSOLUTE
    ..\\wb_mmu.c                             0x00000000   Number         0  wb_mmu.o ABSOLUTE
    ..\main.c                                0x00000000   Number         0  main.o ABSOLUTE
    ..\standalone.c                          0x00000000   Number         0  standalone.o ABSOLUTE
    ..\wb_aic.c                              0x00000000   Number         0  wb_aic.o ABSOLUTE
    ..\wb_cache.c                            0x00000000   Number         0  wb_cache.o ABSOLUTE
    ..\wb_config.c                           0x00000000   Number         0  wb_config.o ABSOLUTE
    ..\wb_init.s                             0x00000000   Number         0  wb_init.o ABSOLUTE
    ..\wb_mmu.c                              0x00000000   Number         0  wb_mmu.o ABSOLUTE
    ..\wb_power.c                            0x00000000   Number         0  wb_power.o ABSOLUTE
    ..\wb_uart.c                             0x00000000   Number         0  wb_uart.o ABSOLUTE
    dc.s                                     0x00000000   Number         0  dc.o ABSOLUTE
    Undefined_Handler                        0x00000040   ARM Code       0  wb_init.o(WB_INIT)
    SWI_Handler1                             0x00000044   ARM Code       0  wb_init.o(WB_INIT)
    Prefetch_Handler                         0x00000048   ARM Code       0  wb_init.o(WB_INIT)
    Abort_Handler                            0x0000004c   ARM Code       0  wb_init.o(WB_INIT)
    IRQ_Handler                              0x00000050   ARM Code       0  wb_init.o(WB_INIT)
    FIQ_Handler                              0x00000054   ARM Code       0  wb_init.o(WB_INIT)
    !!!main                                  0x000000ac   Section        8  __main.o(!!!main)
    !!!scatter                               0x000000b4   Section       60  __scatter.o(!!!scatter)
    !!dczerorl2                              0x000000f0   Section       92  __dczerorl2.o(!!dczerorl2)
    _decompress_loop                         0x000000fb   Thumb Code     0  __dczerorl2.o(!!dczerorl2)
    _decompress_zerolen                      0x00000109   Thumb Code     0  __dczerorl2.o(!!dczerorl2)
    _decompress_litn                         0x00000111   Thumb Code     0  __dczerorl2.o(!!dczerorl2)
    _decompress_lit                          0x00000115   Thumb Code     0  __dczerorl2.o(!!dczerorl2)
    _decompress_copyorzero                   0x00000121   Thumb Code     0  __dczerorl2.o(!!dczerorl2)
    _decompress_zero                         0x00000129   Thumb Code     0  __dczerorl2.o(!!dczerorl2)
    _decompress_copyn                        0x00000133   Thumb Code     0  __dczerorl2.o(!!dczerorl2)
    _decompress_copy                         0x0000013b   Thumb Code     0  __dczerorl2.o(!!dczerorl2)
    _decompress_end                          0x00000147   Thumb Code     0  __dczerorl2.o(!!dczerorl2)
    !!handler_copy                           0x0000014c   Section       40  __scatter_copy.o(!!handler_copy)
    !!handler_zi                             0x00000174   Section       44  __scatter_zi.o(!!handler_zi)
    .ARM.Collect$$libinit$$00000000          0x000001a0   Section        2  libinit.o(.ARM.Collect$$libinit$$00000000)
    .ARM.Collect$$libinit$$00000002          0x000001a2   Section        0  libinit2.o(.ARM.Collect$$libinit$$00000002)
    .ARM.Collect$$libinit$$00000008          0x000001a2   Section        0  libinit2.o(.ARM.Collect$$libinit$$00000008)
    .ARM.Collect$$libinit$$0000000A          0x000001a2   Section        0  libinit2.o(.ARM.Collect$$libinit$$0000000A)
    .ARM.Collect$$libinit$$0000000C          0x000001a2   Section        0  libinit2.o(.ARM.Collect$$libinit$$0000000C)
    .ARM.Collect$$libinit$$0000000F          0x000001a2   Section        0  libinit2.o(.ARM.Collect$$libinit$$0000000F)
    .ARM.Collect$$libinit$$00000011          0x000001a2   Section        0  libinit2.o(.ARM.Collect$$libinit$$00000011)
    .ARM.Collect$$libinit$$00000013          0x000001a2   Section        0  libinit2.o(.ARM.Collect$$libinit$$00000013)
    .ARM.Collect$$libinit$$00000015          0x000001a2   Section        0  libinit2.o(.ARM.Collect$$libinit$$00000015)
    .ARM.Collect$$libinit$$00000017          0x000001a2   Section        0  libinit2.o(.ARM.Collect$$libinit$$00000017)
    .ARM.Collect$$libinit$$00000019          0x000001a2   Section        0  libinit2.o(.ARM.Collect$$libinit$$00000019)
    .ARM.Collect$$libinit$$0000001B          0x000001a2   Section        0  libinit2.o(.ARM.Collect$$libinit$$0000001B)
    .ARM.Collect$$libinit$$0000001D          0x000001a2   Section        0  libinit2.o(.ARM.Collect$$libinit$$0000001D)
    .ARM.Collect$$libinit$$0000001F          0x000001a2   Section        0  libinit2.o(.ARM.Collect$$libinit$$0000001F)
    .ARM.Collect$$libinit$$00000021          0x000001a2   Section        0  libinit2.o(.ARM.Collect$$libinit$$00000021)
    .ARM.Collect$$libinit$$00000023          0x000001a2   Section        0  libinit2.o(.ARM.Collect$$libinit$$00000023)
    .ARM.Collect$$libinit$$0000002A          0x000001a2   Section        0  libinit2.o(.ARM.Collect$$libinit$$0000002A)
    .ARM.Collect$$libinit$$0000002C          0x000001a2   Section        0  libinit2.o(.ARM.Collect$$libinit$$0000002C)
    .ARM.Collect$$libinit$$0000002E          0x000001a2   Section        0  libinit2.o(.ARM.Collect$$libinit$$0000002E)
    .ARM.Collect$$libinit$$00000030          0x000001a2   Section        0  libinit2.o(.ARM.Collect$$libinit$$00000030)
    .ARM.Collect$$libinit$$00000031          0x000001a2   Section        2  libinit2.o(.ARM.Collect$$libinit$$00000031)
    .ARM.Collect$$libshutdown$$00000000      0x000001a4   Section        2  libshutdown.o(.ARM.Collect$$libshutdown$$00000000)
    .ARM.Collect$$libshutdown$$00000003      0x000001a6   Section        0  libshutdown2.o(.ARM.Collect$$libshutdown$$00000003)
    .ARM.Collect$$libshutdown$$00000006      0x000001a6   Section        0  libshutdown2.o(.ARM.Collect$$libshutdown$$00000006)
    .ARM.Collect$$libshutdown$$00000009      0x000001a6   Section        0  libshutdown2.o(.ARM.Collect$$libshutdown$$00000009)
    .ARM.Collect$$libshutdown$$0000000B      0x000001a6   Section        0  libshutdown2.o(.ARM.Collect$$libshutdown$$0000000B)
    .ARM.Collect$$libshutdown$$0000000E      0x000001a6   Section        0  libshutdown2.o(.ARM.Collect$$libshutdown$$0000000E)
    .ARM.Collect$$libshutdown$$0000000F      0x000001a6   Section        2  libshutdown2.o(.ARM.Collect$$libshutdown$$0000000F)
    .ARM.Collect$$rtentry$$00000000          0x000001a8   Section        0  rtentry.o(.ARM.Collect$$rtentry$$00000000)
    .ARM.Collect$$rtentry$$00000002          0x000001a8   Section        0  rtentry2.o(.ARM.Collect$$rtentry$$00000002)
    .ARM.Collect$$rtentry$$00000004          0x000001a8   Section        8  rtentry4.o(.ARM.Collect$$rtentry$$00000004)
    .ARM.Collect$$rtentry$$00000009          0x000001b0   Section        0  rtentry2.o(.ARM.Collect$$rtentry$$00000009)
    .ARM.Collect$$rtentry$$0000000A          0x000001b0   Section        4  rtentry2.o(.ARM.Collect$$rtentry$$0000000A)
    .ARM.Collect$$rtentry$$0000000C          0x000001b4   Section        0  rtentry2.o(.ARM.Collect$$rtentry$$0000000C)
    .ARM.Collect$$rtentry$$0000000D          0x000001b4   Section       40  rtentry2.o(.ARM.Collect$$rtentry$$0000000D)
    .ARM.Collect$$rtexit$$00000000           0x000001dc   Section        4  rtexit.o(.ARM.Collect$$rtexit$$00000000)
    .ARM.Collect$$rtexit$$00000002           0x000001e0   Section        0  rtexit2.o(.ARM.Collect$$rtexit$$00000002)
    .ARM.Collect$$rtexit$$00000003           0x000001e0   Section        4  rtexit2.o(.ARM.Collect$$rtexit$$00000003)
    .ARM.Collect$$rtexit$$00000004           0x000001e4   Section        8  rtexit2.o(.ARM.Collect$$rtexit$$00000004)
    .emb_text                                0x000001ec   Section       12  wb_cache.o(.emb_text)
    .emb_text                                0x000001f8   Section       36  wb_mmu.o(.emb_text)
    .text                                    0x0000021c   Section        0  main.o(.text)
    .text                                    0x000002d0   Section        0  standalone.o(.text)
    .text                                    0x00000310   Section        0  ptr.o(.text)
    .text                                    0x00000af0   Section        0  usbd.o(.text)
    .text                                    0x00003a70   Section        0  wb_aic.o(.text)
    .text                                    0x00004260   Section        0  wb_config.o(.text)
    .text                                    0x00005efc   Section        0  wb_uart.o(.text)
    sysSetBaudRate                           0x000062dc   ARM Code      56  wb_uart.o(.text)
    sysPutRepChar                            0x00006798   ARM Code      40  wb_uart.o(.text)
    sysPutStringReverse                      0x000067c0   ARM Code      40  wb_uart.o(.text)
    sysPutNumber                             0x000067e8   ARM Code     444  wb_uart.o(.text)
    FormatItem                               0x000069a4   ARM Code     540  wb_uart.o(.text)
    .text                                    0x00006e50   Section        0  wb_cache.o(.text)
    .text                                    0x00007200   Section        0  wb_mmu.o(.text)
    .text                                    0x000072c0   Section        0  strlen.o(.text)
    .text                                    0x00007304   Section      212  rt_memcpy.o(.text)
    .text                                    0x000073d8   Section       32  uread4.o(.text)
    .text                                    0x000073f8   Section       32  uwrite4.o(.text)
    .text                                    0x00007418   Section      380  aeabi_sdiv.o(.text)
    __arm_div8                               0x00007444   ARM Code       0  aeabi_sdiv.o(.text)
    __arm_div5                               0x00007468   ARM Code       0  aeabi_sdiv.o(.text)
    __arm_div2                               0x0000748c   ARM Code       0  aeabi_sdiv.o(.text)
    __arm_div_large                          0x000074c8   ARM Code       0  aeabi_sdiv.o(.text)
    .text                                    0x00007594   Section      100  rt_memcpy_w.o(.text)
    .text                                    0x000075f8   Section       96  sys_stackheap_outer.o(.text)
    .text                                    0x00007658   Section        0  exit.o(.text)
    .text                                    0x00007664   Section       12  libspace.o(.text)
    .text_udiv                               0x00007670   Section       36  aeabi_sdiv.o(.text_udiv)
    .constdata                               0x00007694   Section       32  wb_config.o(.constdata)
    .data                                    0x000076e4   Section      204  ptr.o(.data)
    PTR_ConfigurationBlock                   0x00007708   Data          25  ptr.o(.data)
    PTR_FullConfigurationBlock               0x00007724   Data          25  ptr.o(.data)
    PTR_StringDescriptor0                    0x00007740   Data           4  ptr.o(.data)
    .data                                    0x000077b0   Section       36  usbd.o(.data)
    .data                                    0x000077d4   Section      388  wb_aic.o(.data)
    .data                                    0x00007958   Section       40  wb_config.o(.data)
    g_u32UpllHz                              0x00007958   Data           4  wb_config.o(.data)
    g_u32ApllHz                              0x0000795c   Data           4  wb_config.o(.data)
    g_u32MpllHz                              0x00007960   Data           4  wb_config.o(.data)
    g_u32ExtClk                              0x00007964   Data           4  wb_config.o(.data)
    g_i32REG_APLL                            0x00007974   Data           4  wb_config.o(.data)
    g_i32REG_UPLL                            0x00007978   Data           4  wb_config.o(.data)
    g_i32REG_MPLL                            0x0000797c   Data           4  wb_config.o(.data)
    .data                                    0x00007980   Section       36  wb_uart.o(.data)
    bIsResetFIFO                             0x00007994   Data           1  wb_uart.o(.data)
    .data                                    0x000079a4   Section        8  wb_cache.o(.data)
    .data                                    0x000079ac   Section        1  wb_mmu.o(.data)
    _IsInitMMUTable                          0x000079ac   Data           1  wb_mmu.o(.data)
    .bss                                     0x000079c0   Section    525312  ptr.o(.bss)
    .bss                                     0x00087dc0   Section      364  usbd.o(.bss)
    .bss                                     0x00087f2c   Section      372  wb_uart.o(.bss)
    .bss                                     0x000880a0   Section     8192  wb_power.o(.bss)
    .bss                                     0x0008c000   Section    16384  wb_mmu.o(.bss)
    .bss                                     0x00090000   Section       96  libspace.o(.bss)

    Global Symbols

    Symbol Name                              Value     Ov Type        Size  Object(Section)

    BuildAttributes$$THM_ISAv2$ARM_ISAv5$E$P$J$S$PE$A:L22$X:L11$S22$IEEE1$IW$USESV6$~STKCKD$USESV7$~SHL$OSPACE$ROPI$EBA8$UX$STANDARDLIB$REQ8$EABIv2 0x00000000   Number         0  anon$$obj.o ABSOLUTE
    Vector_Table                             0x00000000   ARM Code       0  wb_init.o(WB_INIT)
    __ARM_use_no_argv                        0x00000000   Number         0  main.o ABSOLUTE
    __ARM_exceptions_init                     - Undefined Weak Reference
    __alloca_initialize                       - Undefined Weak Reference
    __cpp_initialize__aeabi_                  - Undefined Weak Reference
    __cxa_finalize                            - Undefined Weak Reference
    __rt_locale                               - Undefined Weak Reference
    __sigvec_lookup                           - Undefined Weak Reference
    _atexit_init                              - Undefined Weak Reference
    _call_atexit_fns                          - Undefined Weak Reference
    _clock_init                               - Undefined Weak Reference
    _fp_trap_init                             - Undefined Weak Reference
    _fp_trap_shutdown                         - Undefined Weak Reference
    _get_lc_collate                           - Undefined Weak Reference
    _get_lc_ctype                             - Undefined Weak Reference
    _get_lc_monetary                          - Undefined Weak Reference
    _get_lc_numeric                           - Undefined Weak Reference
    _get_lc_time                              - Undefined Weak Reference
    _getenv_init                              - Undefined Weak Reference
    _handle_redirection                       - Undefined Weak Reference
    _init_alloc                               - Undefined Weak Reference
    _init_user_alloc                          - Undefined Weak Reference
    _initio                                   - Undefined Weak Reference
    _rand_init                                - Undefined Weak Reference
    _signal_finish                            - Undefined Weak Reference
    _signal_init                              - Undefined Weak Reference
    _terminate_alloc                          - Undefined Weak Reference
    _terminate_user_alloc                     - Undefined Weak Reference
    _terminateio                              - Undefined Weak Reference
    Reset_Go                                 0x00000058   ARM Code       0  wb_init.o(WB_INIT)
    __main                                   0x000000ac   ARM Code       8  __main.o(!!!main)
    __scatterload                            0x000000b4   ARM Code       0  __scatter.o(!!!scatter)
    __scatterload_rt2                        0x000000b4   ARM Code      52  __scatter.o(!!!scatter)
    __scatterload_null                       0x000000c8   ARM Code       0  __scatter.o(!!!scatter)
    __decompress                             0x000000f0   ARM Code      92  __dczerorl2.o(!!dczerorl2)
    __decompress1                            0x000000f0   ARM Code       0  __dczerorl2.o(!!dczerorl2)
    __scatterload_copy                       0x0000014c   ARM Code      40  __scatter_copy.o(!!handler_copy)
    __scatterload_zeroinit                   0x00000174   ARM Code      44  __scatter_zi.o(!!handler_zi)
    __rt_lib_init                            0x000001a1   Thumb Code     0  libinit.o(.ARM.Collect$$libinit$$00000000)
    __rt_lib_init_alloca_1                   0x000001a3   Thumb Code     0  libinit2.o(.ARM.Collect$$libinit$$0000002C)
    __rt_lib_init_argv_1                     0x000001a3   Thumb Code     0  libinit2.o(.ARM.Collect$$libinit$$0000002A)
    __rt_lib_init_atexit_1                   0x000001a3   Thumb Code     0  libinit2.o(.ARM.Collect$$libinit$$00000019)
    __rt_lib_init_clock_1                    0x000001a3   Thumb Code     0  libinit2.o(.ARM.Collect$$libinit$$0000001F)
    __rt_lib_init_cpp_1                      0x000001a3   Thumb Code     0  libinit2.o(.ARM.Collect$$libinit$$00000030)
    __rt_lib_init_exceptions_1               0x000001a3   Thumb Code     0  libinit2.o(.ARM.Collect$$libinit$$0000002E)
    __rt_lib_init_fp_1                       0x000001a3   Thumb Code     0  libinit2.o(.ARM.Collect$$libinit$$00000002)
    __rt_lib_init_fp_trap_1                  0x000001a3   Thumb Code     0  libinit2.o(.ARM.Collect$$libinit$$0000001D)
    __rt_lib_init_getenv_1                   0x000001a3   Thumb Code     0  libinit2.o(.ARM.Collect$$libinit$$00000021)
    __rt_lib_init_heap_1                     0x000001a3   Thumb Code     0  libinit2.o(.ARM.Collect$$libinit$$00000008)
    __rt_lib_init_lc_collate_1               0x000001a3   Thumb Code     0  libinit2.o(.ARM.Collect$$libinit$$0000000F)
    __rt_lib_init_lc_ctype_1                 0x000001a3   Thumb Code     0  libinit2.o(.ARM.Collect$$libinit$$00000011)
    __rt_lib_init_lc_monetary_1              0x000001a3   Thumb Code     0  libinit2.o(.ARM.Collect$$libinit$$00000013)
    __rt_lib_init_lc_numeric_1               0x000001a3   Thumb Code     0  libinit2.o(.ARM.Collect$$libinit$$00000015)
    __rt_lib_init_lc_time_1                  0x000001a3   Thumb Code     0  libinit2.o(.ARM.Collect$$libinit$$00000017)
    __rt_lib_init_rand_1                     0x000001a3   Thumb Code     0  libinit2.o(.ARM.Collect$$libinit$$0000000C)
    __rt_lib_init_return                     0x000001a3   Thumb Code     0  libinit2.o(.ARM.Collect$$libinit$$00000031)
    __rt_lib_init_signal_1                   0x000001a3   Thumb Code     0  libinit2.o(.ARM.Collect$$libinit$$0000001B)
    __rt_lib_init_stdio_1                    0x000001a3   Thumb Code     0  libinit2.o(.ARM.Collect$$libinit$$00000023)
    __rt_lib_init_user_alloc_1               0x000001a3   Thumb Code     0  libinit2.o(.ARM.Collect$$libinit$$0000000A)
    __rt_lib_shutdown                        0x000001a5   Thumb Code     0  libshutdown.o(.ARM.Collect$$libshutdown$$00000000)
    __rt_lib_shutdown_fp_trap_1              0x000001a7   Thumb Code     0  libshutdown2.o(.ARM.Collect$$libshutdown$$00000006)
    __rt_lib_shutdown_heap_1                 0x000001a7   Thumb Code     0  libshutdown2.o(.ARM.Collect$$libshutdown$$0000000E)
    __rt_lib_shutdown_return                 0x000001a7   Thumb Code     0  libshutdown2.o(.ARM.Collect$$libshutdown$$0000000F)
    __rt_lib_shutdown_signal_1               0x000001a7   Thumb Code     0  libshutdown2.o(.ARM.Collect$$libshutdown$$00000009)
    __rt_lib_shutdown_stdio_1                0x000001a7   Thumb Code     0  libshutdown2.o(.ARM.Collect$$libshutdown$$00000003)
    __rt_lib_shutdown_user_alloc_1           0x000001a7   Thumb Code     0  libshutdown2.o(.ARM.Collect$$libshutdown$$0000000B)
    __rt_entry                               0x000001a8   ARM Code       0  rtentry.o(.ARM.Collect$$rtentry$$00000000)
    __rt_entry_presh_1                       0x000001a8   ARM Code       0  rtentry2.o(.ARM.Collect$$rtentry$$00000002)
    __rt_entry_sh                            0x000001a8   ARM Code       0  rtentry4.o(.ARM.Collect$$rtentry$$00000004)
    __rt_entry_li                            0x000001b0   ARM Code       0  rtentry2.o(.ARM.Collect$$rtentry$$0000000A)
    __rt_entry_postsh_1                      0x000001b0   ARM Code       0  rtentry2.o(.ARM.Collect$$rtentry$$00000009)
    __rt_entry_main                          0x000001b4   ARM Code       0  rtentry2.o(.ARM.Collect$$rtentry$$0000000D)
    __rt_entry_postli_1                      0x000001b4   ARM Code       0  rtentry2.o(.ARM.Collect$$rtentry$$0000000C)
    __rt_exit                                0x000001dc   ARM Code       0  rtexit.o(.ARM.Collect$$rtexit$$00000000)
    __rt_exit_ls                             0x000001e0   ARM Code       0  rtexit2.o(.ARM.Collect$$rtexit$$00000003)
    __rt_exit_prels_1                        0x000001e0   ARM Code       0  rtexit2.o(.ARM.Collect$$rtexit$$00000002)
    __rt_exit_exit                           0x000001e4   ARM Code       0  rtexit2.o(.ARM.Collect$$rtexit$$00000004)
    sys_flush_and_clean_dcache               0x000001ec   ARM Code      12  wb_cache.o(.emb_text)
    sysSetupCP15                             0x000001f8   ARM Code      36  wb_mmu.o(.emb_text)
    main                                     0x0000021c   ARM Code     144  main.o(.text)
    _sys_exit                                0x000002d0   ARM Code       8  standalone.o(.text)
    _ttywrch                                 0x000002d8   ARM Code       8  standalone.o(.text)
    __user_initial_stackheap                 0x000002e0   ARM Code      44  standalone.o(.text)
    ptrHighSpeedInit                         0x00000310   ARM Code      80  ptr.o(.text)
    ptrFullSpeedInit                         0x00000360   ARM Code      80  ptr.o(.text)
    ptrClassOUT                              0x000003b0   ARM Code      32  ptr.o(.text)
    ptrClassIN                               0x000003d0   ARM Code     644  ptr.o(.text)
    EPA_Handler                              0x00000654   ARM Code     284  ptr.o(.text)
    ptrInit                                  0x00000770   ARM Code     344  ptr.o(.text)
    print_message                            0x000008c8   ARM Code     552  ptr.o(.text)
    usbdClearAllFlags                        0x00000af0   ARM Code      64  usbd.o(.text)
    udcOpen                                  0x00000b30   ARM Code     252  usbd.o(.text)
    usbd_update_device                       0x00000c2c   ARM Code    1348  usbd.o(.text)
    usbd_send_descriptor                     0x00001170   ARM Code    1396  usbd.o(.text)
    usbd_control_packet                      0x000016e4   ARM Code    5048  usbd.o(.text)
    usbd_isr                                 0x00002a9c   ARM Code    3564  usbd.o(.text)
    udcInit                                  0x00003888   ARM Code     340  usbd.o(.text)
    udcDeinit                                0x000039dc   ARM Code      36  usbd.o(.text)
    udcClose                                 0x00003a00   ARM Code      24  usbd.o(.text)
    udcIsAttached                            0x00003a18   ARM Code      16  usbd.o(.text)
    udcIsAttachedToHost                      0x00003a28   ARM Code      12  usbd.o(.text)
    udcSetSupendCallBack                     0x00003a34   ARM Code      12  usbd.o(.text)
    udcSetResumeCallBack                     0x00003a40   ARM Code      12  usbd.o(.text)
    sysIrqHandler                            0x00003a70   ARM Code     308  wb_aic.o(.text)
    sysFiqHandler                            0x00003ba4   ARM Code     308  wb_aic.o(.text)
    WB_Interrupt_Shell                       0x00003cd8   ARM Code       4  wb_aic.o(.text)
    sysInitializeAIC                         0x00003cdc   ARM Code      60  wb_aic.o(.text)
    sysDisableInterrupt                      0x00003d18   ARM Code      84  wb_aic.o(.text)
    sysEnableInterrupt                       0x00003d6c   ARM Code      84  wb_aic.o(.text)
    sysInstallExceptionHandler               0x00003dc0   ARM Code     136  wb_aic.o(.text)
    sysInstallFiqHandler                     0x00003e48   ARM Code      20  wb_aic.o(.text)
    sysInstallIrqHandler                     0x00003e5c   ARM Code      20  wb_aic.o(.text)
    sysInstallISR                            0x00003e70   ARM Code     328  wb_aic.o(.text)
    sysSetGlobalInterrupt                    0x00003fb8   ARM Code     100  wb_aic.o(.text)
    sysSetInterruptPriorityLevel             0x0000401c   ARM Code     196  wb_aic.o(.text)
    sysSetInterruptType                      0x000040e0   ARM Code     152  wb_aic.o(.text)
    sysSetLocalInterrupt                     0x00004178   ARM Code     140  wb_aic.o(.text)
    sysSetAIC2SWMode                         0x00004204   ARM Code      16  wb_aic.o(.text)
    sysGetInterruptEnableStatus              0x00004214   ARM Code      12  wb_aic.o(.text)
    sysGetInterruptHighEnableStatus          0x00004220   ARM Code      12  wb_aic.o(.text)
    sysGetIBitState                          0x0000422c   ARM Code      28  wb_aic.o(.text)
    sysGetPLLOutputHz                        0x00004260   ARM Code     164  wb_config.o(.text)
    sysCheckPllConstraint                    0x00004304   ARM Code      12  wb_config.o(.text)
    _sysGetPLLControlRegister                0x00004310   ARM Code     292  wb_config.o(.text)
    sysSetPLLControlRegister                 0x00004434   ARM Code      40  wb_config.o(.text)
    _sysClockSwitch                          0x0000445c   ARM Code     344  wb_config.o(.text)
    _sysClockSwitchStart                     0x000045b4   ARM Code     180  wb_config.o(.text)
    sysGetExternalClock                      0x00004668   ARM Code      24  wb_config.o(.text)
    sysGetDramClock                          0x00004680   ARM Code      88  wb_config.o(.text)
    sysGetSystemClock                        0x000046d8   ARM Code     200  wb_config.o(.text)
    sysGetCPUClock                           0x000047a0   ARM Code      48  wb_config.o(.text)
    sysSetSystemClock                        0x000047d0   ARM Code    1236  wb_config.o(.text)
    sysSetCPUClock                           0x00004ca4   ARM Code     144  wb_config.o(.text)
    sysGetHCLK1Clock                         0x00004d34   ARM Code      48  wb_config.o(.text)
    sysSetAPBClock                           0x00004d64   ARM Code     168  wb_config.o(.text)
    sysGetHCLK234Clock                       0x00004e0c   ARM Code      44  wb_config.o(.text)
    sysGetAPBClock                           0x00004e38   ARM Code      44  wb_config.o(.text)
    sysSetPllClock                           0x00004e64   ARM Code     400  wb_config.o(.text)
    _dramClockSwitch                         0x00004ff4   ARM Code    2916  wb_config.o(.text)
    _dramClockSwitchStart                    0x00005b58   ARM Code     368  wb_config.o(.text)
    sysSetDramClock                          0x00005cc8   ARM Code     564  wb_config.o(.text)
    sysUartPort                              0x00005efc   ARM Code     160  wb_uart.o(.text)
    sysUartInstallcallback                   0x00005f9c   ARM Code      76  wb_uart.o(.text)
    sysUartISR                               0x00005fe8   ARM Code     756  wb_uart.o(.text)
    sysUartEnableInt                         0x00006314   ARM Code     148  wb_uart.o(.text)
    sysInitializeUART                        0x000063a8   ARM Code     528  wb_uart.o(.text)
    _PutChar_f                               0x000065b8   ARM Code     440  wb_uart.o(.text)
    sysPutString                             0x00006770   ARM Code      40  wb_uart.o(.text)
    sysPrintf                                0x00006bc0   ARM Code     204  wb_uart.o(.text)
    sysprintf                                0x00006c8c   ARM Code     284  wb_uart.o(.text)
    sysGetChar                               0x00006da8   ARM Code      52  wb_uart.o(.text)
    sysPutChar                               0x00006ddc   ARM Code      48  wb_uart.o(.text)
    sysUartTransfer                          0x00006e0c   ARM Code      68  wb_uart.o(.text)
    sysGetSdramSizebyMB                      0x00006e50   ARM Code     408  wb_cache.o(.text)
    sysEnableCache                           0x00006fe8   ARM Code      44  wb_cache.o(.text)
    sysDisableCache                          0x00007014   ARM Code      88  wb_cache.o(.text)
    sysFlushCache                            0x0000706c   ARM Code     112  wb_cache.o(.text)
    sysInvalidCache                          0x000070dc   ARM Code      12  wb_cache.o(.text)
    sysGetCacheState                         0x000070e8   ARM Code      12  wb_cache.o(.text)
    sysGetCacheMode                          0x000070f4   ARM Code      12  wb_cache.o(.text)
    _sysLockCode                             0x00007100   ARM Code     200  wb_cache.o(.text)
    _sysUnLockCode                           0x000071c8   ARM Code      40  wb_cache.o(.text)
    sysSetMMUMappingMethod                   0x00007200   ARM Code       8  wb_mmu.o(.text)
    sysInitMMUTable                          0x00007208   ARM Code     168  wb_mmu.o(.text)
    strlen                                   0x000072c1   Thumb Code    62  strlen.o(.text)
    __aeabi_memcpy                           0x00007304   ARM Code       0  rt_memcpy.o(.text)
    __rt_memcpy                              0x00007304   ARM Code     212  rt_memcpy.o(.text)
    _memcpy_lastbytes                        0x000073b8   ARM Code       0  rt_memcpy.o(.text)
    __aeabi_uread4                           0x000073d8   ARM Code       0  uread4.o(.text)
    __rt_uread4                              0x000073d8   ARM Code      32  uread4.o(.text)
    __aeabi_uwrite4                          0x000073f8   ARM Code       0  uwrite4.o(.text)
    __rt_uwrite4                             0x000073f8   ARM Code      32  uwrite4.o(.text)
    __aeabi_idiv                             0x00007418   ARM Code       0  aeabi_sdiv.o(.text)
    __aeabi_idivmod                          0x00007418   ARM Code     380  aeabi_sdiv.o(.text)
    __aeabi_memcpy4                          0x00007594   ARM Code       0  rt_memcpy_w.o(.text)
    __aeabi_memcpy8                          0x00007594   ARM Code       0  rt_memcpy_w.o(.text)
    __rt_memcpy_w                            0x00007594   ARM Code     100  rt_memcpy_w.o(.text)
    _memcpy_lastbytes_aligned                0x000075e0   ARM Code       0  rt_memcpy_w.o(.text)
    __user_setup_stackheap                   0x000075f8   ARM Code      96  sys_stackheap_outer.o(.text)
    exit                                     0x00007659   Thumb Code    12  exit.o(.text)
    __user_libspace                          0x00007664   ARM Code      12  libspace.o(.text)
    __user_perproc_libspace                  0x00007664   ARM Code       0  libspace.o(.text)
    __user_perthread_libspace                0x00007664   ARM Code       0  libspace.o(.text)
    __aeabi_uidiv                            0x00007670   ARM Code       0  aeabi_sdiv.o(.text_udiv)
    __aeabi_uidivmod                         0x00007670   ARM Code      36  aeabi_sdiv.o(.text_udiv)
    Region$$Table$$Base                      0x000076b4   Number         0  anon$$obj.o(Region$$Table)
    Region$$Table$$Limit                     0x000076e4   Number         0  anon$$obj.o(Region$$Table)
    u32Ready                                 0x000076e4   Data           4  ptr.o(.data)
    g_u32RxPoint                             0x000076e8   Data           4  ptr.o(.data)
    g_u32TxPoint                             0x000076ec   Data           4  ptr.o(.data)
    g_u32DataCount                           0x000076f0   Data           4  ptr.o(.data)
    PTR_DeviceDescriptor                     0x000076f4   Data          18  ptr.o(.data)
    PTR_StringDescriptor1                    0x00007744   Data          16  ptr.o(.data)
    PTR_StringDescriptor2                    0x00007754   Data          16  ptr.o(.data)
    PTR_StringDescriptor3                    0x00007764   Data          26  ptr.o(.data)
    pnp_string                               0x0000777e   Data          39  ptr.o(.data)
    ptr_status                               0x000077a8   Data           4  ptr.o(.data)
    pu8ptr_status                            0x000077ac   Data           4  ptr.o(.data)
    g_u32Suspend_Flag                        0x000077b0   Data           4  usbd.o(.data)
    pfnSuspend                               0x000077b4   Data           4  usbd.o(.data)
    pfnResume                                0x000077b8   Data           4  usbd.o(.data)
    g_bHostAttached                          0x000077bc   Data           1  usbd.o(.data)
    class_out_len                            0x000077c0   Data           4  usbd.o(.data)
    zeropacket_flag                          0x000077c4   Data           4  usbd.o(.data)
    _usb_cmd_pkt                             0x000077c8   Data           8  usbd.o(.data)
    usb_halt_ep                              0x000077d0   Data           4  usbd.o(.data)
    _sys_bIsAICInitial                       0x000077d4   Data           1  wb_aic.o(.data)
    _sys_bIsHWMode                           0x000077d5   Data           1  wb_aic.o(.data)
    sysIrqHandlerTable                       0x000077d8   Data         192  wb_aic.o(.data)
    sysFiqHandlerTable                       0x00007898   Data         192  wb_aic.o(.data)
    bIsFirstReadClkSkew                      0x00007968   Data           1  wb_config.o(.data)
    u32ClkSkewInit                           0x0000796c   Data           4  wb_config.o(.data)
    bIsCheckConstraint                       0x00007970   Data           1  wb_config.o(.data)
    bIsAPLLInitialize                        0x00007971   Data           1  wb_config.o(.data)
    _sys_bIsUARTInitial                      0x00007980   Data           1  wb_uart.o(.data)
    _sys_bIsUseUARTInt                       0x00007981   Data           1  wb_uart.o(.data)
    _sys_uUARTClockRate                      0x00007984   Data           4  wb_uart.o(.data)
    rx_cnt                                   0x00007988   Data           4  wb_uart.o(.data)
    u32UartPort                              0x0000798c   Data           4  wb_uart.o(.data)
    i32UsedPort                              0x00007990   Data           4  wb_uart.o(.data)
    _sys_uUartTxHead                         0x00007998   Data           4  wb_uart.o(.data)
    _sys_uUartTxTail                         0x0000799c   Data           4  wb_uart.o(.data)
    _sys_pvOldUartVect                       0x000079a0   Data           4  wb_uart.o(.data)
    _sys_IsCacheOn                           0x000079a4   Data           1  wb_cache.o(.data)
    _sys_CacheMode                           0x000079a8   Data           4  wb_cache.o(.data)
    buffer                                   0x000079c0   Data       524800  ptr.o(.bss)
    buffer_tmp                               0x00087bc0   Data         512  ptr.o(.bss)
    usbdInfo                                 0x00087dc0   Data         350  usbd.o(.bss)
    usbdStatus                               0x00087f20   Data          12  usbd.o(.bss)
    pfnUartIntHandlerTable                   0x00087f2c   Data          16  wb_uart.o(.bss)
    uart_rx                                  0x00087f3c   Data         100  wb_uart.o(.bss)
    _sys_ucUartTxBuf                         0x00087fa0   Data         256  wb_uart.o(.bss)
    _tmp_buf                                 0x000880a0   Data        8192  wb_power.o(.bss)
    _mmuSectionTable                         0x0008c000   Data       16384  wb_mmu.o(.bss)
    __libspace_start                         0x00090000   Data          96  libspace.o(.bss)
    Image$$ZI$$Limit                         0x00090060   Number         0  anon$$obj.o(linker$$defined$$symbols)
    __temporary_stack_top$libspace           0x00090060   Data           0  libspace.o(.bss)



==============================================================================

Memory Map of the image

  Image Entry point : 0x00000058

  Load Region LR_IROM1 (Base: 0x00000000, Size: 0x000079b0, Max: 0x04000000, ABSOLUTE, COMPRESSED[0x00007790])

    Execution Region ER_IROM1 (Base: 0x00000000, Size: 0x000076e4, Max: 0x04000000, ABSOLUTE)

    Base Addr    Size         Type   Attr      Idx    E Section Name        Object

    0x00000000   0x000000ac   Code   RO          185  * WB_INIT             wb_init.o
    0x000000ac   0x00000008   Code   RO          397  * !!!main             c_5.l(__main.o)
    0x000000b4   0x0000003c   Code   RO          562    !!!scatter          c_5.l(__scatter.o)
    0x000000f0   0x0000005c   Code   RO          560    !!dczerorl2         c_5.l(__dczerorl2.o)
    0x0000014c   0x00000028   Code   RO          564    !!handler_copy      c_5.l(__scatter_copy.o)
    0x00000174   0x0000002c   Code   RO          566    !!handler_zi        c_5.l(__scatter_zi.o)
    0x000001a0   0x00000002   Code   RO          436    .ARM.Collect$$libinit$$00000000  c_5.l(libinit.o)
    0x000001a2   0x00000000   Code   RO          449    .ARM.Collect$$libinit$$00000002  c_5.l(libinit2.o)
    0x000001a2   0x00000000   Code   RO          452    .ARM.Collect$$libinit$$00000008  c_5.l(libinit2.o)
    0x000001a2   0x00000000   Code   RO          454    .ARM.Collect$$libinit$$0000000A  c_5.l(libinit2.o)
    0x000001a2   0x00000000   Code   RO          456    .ARM.Collect$$libinit$$0000000C  c_5.l(libinit2.o)
    0x000001a2   0x00000000   Code   RO          459    .ARM.Collect$$libinit$$0000000F  c_5.l(libinit2.o)
    0x000001a2   0x00000000   Code   RO          461    .ARM.Collect$$libinit$$00000011  c_5.l(libinit2.o)
    0x000001a2   0x00000000   Code   RO          463    .ARM.Collect$$libinit$$00000013  c_5.l(libinit2.o)
    0x000001a2   0x00000000   Code   RO          465    .ARM.Collect$$libinit$$00000015  c_5.l(libinit2.o)
    0x000001a2   0x00000000   Code   RO          467    .ARM.Collect$$libinit$$00000017  c_5.l(libinit2.o)
    0x000001a2   0x00000000   Code   RO          469    .ARM.Collect$$libinit$$00000019  c_5.l(libinit2.o)
    0x000001a2   0x00000000   Code   RO          471    .ARM.Collect$$libinit$$0000001B  c_5.l(libinit2.o)
    0x000001a2   0x00000000   Code   RO          473    .ARM.Collect$$libinit$$0000001D  c_5.l(libinit2.o)
    0x000001a2   0x00000000   Code   RO          475    .ARM.Collect$$libinit$$0000001F  c_5.l(libinit2.o)
    0x000001a2   0x00000000   Code   RO          477    .ARM.Collect$$libinit$$00000021  c_5.l(libinit2.o)
    0x000001a2   0x00000000   Code   RO          479    .ARM.Collect$$libinit$$00000023  c_5.l(libinit2.o)
    0x000001a2   0x00000000   Code   RO          483    .ARM.Collect$$libinit$$0000002A  c_5.l(libinit2.o)
    0x000001a2   0x00000000   Code   RO          485    .ARM.Collect$$libinit$$0000002C  c_5.l(libinit2.o)
    0x000001a2   0x00000000   Code   RO          487    .ARM.Collect$$libinit$$0000002E  c_5.l(libinit2.o)
    0x000001a2   0x00000000   Code   RO          489    .ARM.Collect$$libinit$$00000030  c_5.l(libinit2.o)
    0x000001a2   0x00000002   Code   RO          490    .ARM.Collect$$libinit$$00000031  c_5.l(libinit2.o)
    0x000001a4   0x00000002   Code   RO          514    .ARM.Collect$$libshutdown$$00000000  c_5.l(libshutdown.o)
    0x000001a6   0x00000000   Code   RO          541    .ARM.Collect$$libshutdown$$00000003  c_5.l(libshutdown2.o)
    0x000001a6   0x00000000   Code   RO          544    .ARM.Collect$$libshutdown$$00000006  c_5.l(libshutdown2.o)
    0x000001a6   0x00000000   Code   RO          547    .ARM.Collect$$libshutdown$$00000009  c_5.l(libshutdown2.o)
    0x000001a6   0x00000000   Code   RO          549    .ARM.Collect$$libshutdown$$0000000B  c_5.l(libshutdown2.o)
    0x000001a6   0x00000000   Code   RO          552    .ARM.Collect$$libshutdown$$0000000E  c_5.l(libshutdown2.o)
    0x000001a6   0x00000002   Code   RO          553    .ARM.Collect$$libshutdown$$0000000F  c_5.l(libshutdown2.o)
    0x000001a8   0x00000000   Code   RO          399    .ARM.Collect$$rtentry$$00000000  c_5.l(rtentry.o)
    0x000001a8   0x00000000   Code   RO          407    .ARM.Collect$$rtentry$$00000002  c_5.l(rtentry2.o)
    0x000001a8   0x00000008   Code   RO          419    .ARM.Collect$$rtentry$$00000004  c_5.l(rtentry4.o)
    0x000001b0   0x00000000   Code   RO          409    .ARM.Collect$$rtentry$$00000009  c_5.l(rtentry2.o)
    0x000001b0   0x00000004   Code   RO          410    .ARM.Collect$$rtentry$$0000000A  c_5.l(rtentry2.o)
    0x000001b4   0x00000000   Code   RO          412    .ARM.Collect$$rtentry$$0000000C  c_5.l(rtentry2.o)
    0x000001b4   0x00000028   Code   RO          413    .ARM.Collect$$rtentry$$0000000D  c_5.l(rtentry2.o)
    0x000001dc   0x00000004   Code   RO          440    .ARM.Collect$$rtexit$$00000000  c_5.l(rtexit.o)
    0x000001e0   0x00000000   Code   RO          492    .ARM.Collect$$rtexit$$00000002  c_5.l(rtexit2.o)
    0x000001e0   0x00000004   Code   RO          493    .ARM.Collect$$rtexit$$00000003  c_5.l(rtexit2.o)
    0x000001e4   0x00000008   Code   RO          494    .ARM.Collect$$rtexit$$00000004  c_5.l(rtexit2.o)
    0x000001ec   0x0000000c   Code   RO          314    .emb_text           N9H26_SYS.lib(wb_cache.o)
    0x000001f8   0x00000024   Code   RO          351    .emb_text           N9H26_SYS.lib(wb_mmu.o)
    0x0000021c   0x000000b4   Code   RO            1    .text               main.o
    0x000002d0   0x00000040   Code   RO          174    .text               standalone.o
    0x00000310   0x000007e0   Code   RO          189    .text               ptr.o
    0x00000af0   0x00002f80   Code   RO          206    .text               N9H26_UDC.lib(usbd.o)
    0x00003a70   0x000007f0   Code   RO          240    .text               N9H26_SYS.lib(wb_aic.o)
    0x00004260   0x00001c9c   Code   RO          274    .text               N9H26_SYS.lib(wb_config.o)
    0x00005efc   0x00000f54   Code   RO          294    .text               N9H26_SYS.lib(wb_uart.o)
    0x00006e50   0x000003b0   Code   RO          315    .text               N9H26_SYS.lib(wb_cache.o)
    0x00007200   0x000000c0   Code   RO          352    .text               N9H26_SYS.lib(wb_mmu.o)
    0x000072c0   0x00000044   Code   RO          373    .text               c_5.l(strlen.o)
    0x00007304   0x000000d4   Code   RO          375    .text               c_5.l(rt_memcpy.o)
    0x000073d8   0x00000020   Code   RO          377    .text               c_5.l(uread4.o)
    0x000073f8   0x00000020   Code   RO          379    .text               c_5.l(uwrite4.o)
    0x00007418   0x0000017c   Code   RO          381    .text               c_5.l(aeabi_sdiv.o)
    0x00007594   0x00000064   Code   RO          404    .text               c_5.l(rt_memcpy_w.o)
    0x000075f8   0x00000060   Code   RO          423    .text               c_5.l(sys_stackheap_outer.o)
    0x00007658   0x0000000c   Code   RO          425    .text               c_5.l(exit.o)
    0x00007664   0x0000000c   Code   RO          437    .text               c_5.l(libspace.o)
    0x00007670   0x00000024   Code   RO          382    .text_udiv          c_5.l(aeabi_sdiv.o)
    0x00007694   0x00000020   Data   RO          275    .constdata          N9H26_SYS.lib(wb_config.o)
    0x000076b4   0x00000030   Data   RO          557    Region$$Table       anon$$obj.o


    Execution Region RW_RAM1 (Base: 0x000076e4, Size: 0x0008897c, Max: 0xffffffff, ABSOLUTE, COMPRESSED[0x000000ac])

    Base Addr    Size         Type   Attr      Idx    E Section Name        Object

    0x000076e4   0x000000cc   Data   RW          191    .data               ptr.o
    0x000077b0   0x00000024   Data   RW          208    .data               N9H26_UDC.lib(usbd.o)
    0x000077d4   0x00000184   Data   RW          241    .data               N9H26_SYS.lib(wb_aic.o)
    0x00007958   0x00000028   Data   RW          276    .data               N9H26_SYS.lib(wb_config.o)
    0x00007980   0x00000024   Data   RW          296    .data               N9H26_SYS.lib(wb_uart.o)
    0x000079a4   0x00000008   Data   RW          316    .data               N9H26_SYS.lib(wb_cache.o)
    0x000079ac   0x00000001   Data   RW          354    .data               N9H26_SYS.lib(wb_mmu.o)
    0x000079ad   0x00000013   PAD
    0x000079c0   0x00080400   Zero   RW          190    .bss                ptr.o
    0x00087dc0   0x0000016c   Zero   RW          207    .bss                N9H26_UDC.lib(usbd.o)
    0x00087f2c   0x00000174   Zero   RW          295    .bss                N9H26_SYS.lib(wb_uart.o)
    0x000880a0   0x00002000   Zero   RW          334    .bss                N9H26_SYS.lib(wb_power.o)
    0x0008a0a0   0x00001f60   PAD
    0x0008c000   0x00004000   Zero   RW          353    .bss                N9H26_SYS.lib(wb_mmu.o)
    0x00090000   0x00000060   Zero   RW          438    .bss                c_5.l(libspace.o)


    Execution Region ZI (Base: 0x00090060, Size: 0x00000000, Max: 0xffffffff, ABSOLUTE)

    Base Addr    Size         Type   Attr      Idx    E Section Name        Object

    0x00090060   0x00000000   Data   RO          559    linker$$defined$$symbols  anon$$obj.o


==============================================================================

Image component sizes


      Code (inc. data)   RO Data    RW Data    ZI Data      Debug   Object Name

       180         36          0          0          0      11303   main.o
      2016        576          0        204     525312       3482   ptr.o
        64          4          0          0          0       1285   standalone.o
       172         56          0          0          0        288   wb_init.o

    ----------------------------------------------------------------------
      2432        672         48        204     525312      16358   Object Totals
         0          0         48          0          0          0   (incl. Generated)
         0          0          0          0          0          0   (incl. Padding)

    ----------------------------------------------------------------------

      Code (inc. data)   RO Data    RW Data    ZI Data      Debug   Library Member Name

      2032         24          0        388          0      10335   wb_aic.o
       956         16          0          8          0       3168   wb_cache.o
      7324        496         32         40          0      10858   wb_config.o
       228         16          0          1      16384       1712   wb_mmu.o
         0          0          0          0       8192        527   wb_power.o
      3924         80          0         36        372       6638   wb_uart.o
     12160        232          0         36        364      13412   usbd.o
        92          0          0          0          0          0   __dczerorl2.o
         8          0          0          0          0         68   __main.o
        60          8          0          0          0          0   __scatter.o
        40          0          0          0          0          0   __scatter_copy.o
        44          0          0          0          0          0   __scatter_zi.o
       416          0          0          0          0        144   aeabi_sdiv.o
        12          0          0          0          0         64   exit.o
         2          0          0          0          0          0   libinit.o
         2          0          0          0          0          0   libinit2.o
         2          0          0          0          0          0   libshutdown.o
         2          0          0          0          0          0   libshutdown2.o
        12          4          0          0         96         68   libspace.o
       212          0          0          0          0         68   rt_memcpy.o
       100          0          0          0          0         80   rt_memcpy_w.o
         0          0          0          0          0          0   rtentry.o
        44          4          0          0          0          0   rtentry2.o
         8          0          0          0          0          0   rtentry4.o
         4          0          0          0          0          0   rtexit.o
        12          0          0          0          0          0   rtexit2.o
        68          6          0          0          0         72   strlen.o
        96          0          0          0          0         80   sys_stackheap_outer.o
        32          0          0          0          0         68   uread4.o
        32          0          0          0          0         68   uwrite4.o

    ----------------------------------------------------------------------
     27924        886         32        512      33456      47430   Library Totals
         0          0          0          3       8048          0   (incl. Padding)

    ----------------------------------------------------------------------

      Code (inc. data)   RO Data    RW Data    ZI Data      Debug   Library Name

     14464        632         32        473      24948      33238   N9H26_SYS.lib
     12160        232          0         36        364      13412   N9H26_UDC.lib
      1300         22          0          0         96        780   c_5.l

    ----------------------------------------------------------------------
     27924        886         32        512      33456      47430   Library Totals

    ----------------------------------------------------------------------

==============================================================================


      Code (inc. data)   RO Data    RW Data    ZI Data      Debug   

     30356       1558         80        716     558768      62288   Grand Totals
     30356       1558         80        172     558768      62288   ELF Image Totals (compressed)
     30356       1558         80        172          0          0   ROM Totals

==============================================================================

    Total RO  Size (Code + RO Data)                30436 (  29.72kB)
    Total RW  Size (RW Data + ZI Data)            559484 ( 546.37kB)
    Total ROM Size (Code + RO Data + RW Data)      30608 (  29.89kB)

==============================================================================

